Component: ARM Compiler 5.06 update 7 (build 960) Tool: armlink [4d3601]

==============================================================================

Section Cross References

    startup_stm32f407xx.o(STACK) refers (Special) to heapauxi.o(.text) for __use_two_region_memory
    startup_stm32f407xx.o(HEAP) refers (Special) to heapauxi.o(.text) for __use_two_region_memory
    startup_stm32f407xx.o(RESET) refers (Special) to heapauxi.o(.text) for __use_two_region_memory
    startup_stm32f407xx.o(RESET) refers to startup_stm32f407xx.o(STACK) for __initial_sp
    startup_stm32f407xx.o(RESET) refers to startup_stm32f407xx.o(.text) for Reset_Handler
    startup_stm32f407xx.o(RESET) refers to stm32f4xx_it.o(i.NMI_Handler) for NMI_Handler
    startup_stm32f407xx.o(RESET) refers to stm32f4xx_it.o(i.HardFault_Handler) for HardFault_Handler
    startup_stm32f407xx.o(RESET) refers to stm32f4xx_it.o(i.MemManage_Handler) for MemManage_Handler
    startup_stm32f407xx.o(RESET) refers to stm32f4xx_it.o(i.BusFault_Handler) for BusFault_Handler
    startup_stm32f407xx.o(RESET) refers to stm32f4xx_it.o(i.UsageFault_Handler) for UsageFault_Handler
    startup_stm32f407xx.o(RESET) refers to port.o(.emb_text) for SVC_Handler
    startup_stm32f407xx.o(RESET) refers to stm32f4xx_it.o(i.DebugMon_Handler) for DebugMon_Handler
    startup_stm32f407xx.o(RESET) refers to cmsis_os2.o(i.SysTick_Handler) for SysTick_Handler
    startup_stm32f407xx.o(RESET) refers to stm32f4xx_it.o(i.CAN1_TX_IRQHandler) for CAN1_TX_IRQHandler
    startup_stm32f407xx.o(RESET) refers to stm32f4xx_it.o(i.CAN1_RX0_IRQHandler) for CAN1_RX0_IRQHandler
    startup_stm32f407xx.o(RESET) refers to stm32f4xx_it.o(i.CAN1_RX1_IRQHandler) for CAN1_RX1_IRQHandler
    startup_stm32f407xx.o(RESET) refers to stm32f4xx_it.o(i.CAN1_SCE_IRQHandler) for CAN1_SCE_IRQHandler
    startup_stm32f407xx.o(RESET) refers to stm32f4xx_it.o(i.EXTI9_5_IRQHandler) for EXTI9_5_IRQHandler
    startup_stm32f407xx.o(RESET) refers to stm32f4xx_it.o(i.TIM2_IRQHandler) for TIM2_IRQHandler
    startup_stm32f407xx.o(RESET) refers to stm32f4xx_it.o(i.TIM3_IRQHandler) for TIM3_IRQHandler
    startup_stm32f407xx.o(RESET) refers to stm32f4xx_it.o(i.USART1_IRQHandler) for USART1_IRQHandler
    startup_stm32f407xx.o(RESET) refers to stm32f4xx_it.o(i.UART5_IRQHandler) for UART5_IRQHandler
    startup_stm32f407xx.o(RESET) refers to stm32f4xx_it.o(i.CAN2_TX_IRQHandler) for CAN2_TX_IRQHandler
    startup_stm32f407xx.o(RESET) refers to stm32f4xx_it.o(i.CAN2_RX0_IRQHandler) for CAN2_RX0_IRQHandler
    startup_stm32f407xx.o(RESET) refers to stm32f4xx_it.o(i.CAN2_RX1_IRQHandler) for CAN2_RX1_IRQHandler
    startup_stm32f407xx.o(RESET) refers to stm32f4xx_it.o(i.CAN2_SCE_IRQHandler) for CAN2_SCE_IRQHandler
    startup_stm32f407xx.o(.text) refers (Special) to heapauxi.o(.text) for __use_two_region_memory
    startup_stm32f407xx.o(.text) refers to system_stm32f4xx.o(i.SystemInit) for SystemInit
    startup_stm32f407xx.o(.text) refers to __main.o(!!!main) for __main
    startup_stm32f407xx.o(.text) refers to startup_stm32f407xx.o(HEAP) for Heap_Mem
    startup_stm32f407xx.o(.text) refers to startup_stm32f407xx.o(STACK) for Stack_Mem
    main.o(i.HAL_TIM_PeriodElapsedCallback) refers to stm32f4xx_hal.o(i.HAL_IncTick) for HAL_IncTick
    main.o(i.HAL_TIM_PeriodElapsedCallback) refers to air_joy.o(.data) for TIME_ISR_CNT
    main.o(i.HAL_TIM_PeriodElapsedCallback) refers to air_joy.o(.data) for LAST_TIME_ISR_CNT
    main.o(i.HAL_TIM_PeriodElapsedCallback) refers to air_joy.o(.data) for Microsecond_Cnt
    main.o(i.HAL_TIM_PeriodElapsedCallback) refers to air_joy.o(.data) for Time_Sys
    main.o(i.SystemClock_Config) refers to rt_memclr_w.o(.text) for __aeabi_memclr4
    main.o(i.SystemClock_Config) refers to stm32f4xx_hal_rcc.o(i.HAL_RCC_OscConfig) for HAL_RCC_OscConfig
    main.o(i.SystemClock_Config) refers to stm32f4xx_hal_rcc.o(i.HAL_RCC_ClockConfig) for HAL_RCC_ClockConfig
    main.o(i.main) refers to stm32f4xx_hal.o(i.HAL_Init) for HAL_Init
    main.o(i.main) refers to main.o(i.SystemClock_Config) for SystemClock_Config
    main.o(i.main) refers to gpio.o(i.MX_GPIO_Init) for MX_GPIO_Init
    main.o(i.main) refers to can.o(i.MX_CAN1_Init) for MX_CAN1_Init
    main.o(i.main) refers to can.o(i.MX_CAN2_Init) for MX_CAN2_Init
    main.o(i.main) refers to tim.o(i.MX_TIM2_Init) for MX_TIM2_Init
    main.o(i.main) refers to usart.o(i.MX_UART5_Init) for MX_UART5_Init
    main.o(i.main) refers to usart.o(i.MX_USART1_UART_Init) for MX_USART1_UART_Init
    main.o(i.main) refers to stm32f4xx_hal_tim.o(i.HAL_TIM_Base_Start_IT) for HAL_TIM_Base_Start_IT
    main.o(i.main) refers to cmsis_os2.o(i.osKernelInitialize) for osKernelInitialize
    main.o(i.main) refers to freertos.o(i.MX_FREERTOS_Init) for MX_FREERTOS_Init
    main.o(i.main) refers to cmsis_os2.o(i.osKernelStart) for osKernelStart
    main.o(i.main) refers to tim.o(.bss) for htim2
    gpio.o(i.MX_GPIO_Init) refers to rt_memclr_w.o(.text) for __aeabi_memclr4
[...]
    pxReadyTasksLists                        0x2000027c   Data        1120  tasks.o(.bss)
    xDelayedTaskList1                        0x200006dc   Data          20  tasks.o(.bss)
    xDelayedTaskList2                        0x200006f0   Data          20  tasks.o(.bss)
    xPendingReadyList                        0x20000704   Data          20  tasks.o(.bss)
    xTasksWaitingTermination                 0x20000718   Data          20  tasks.o(.bss)
    xSuspendedTaskList                       0x2000072c   Data          20  tasks.o(.bss)
    .bss                                     0x20000740   Section      280  timers.o(.bss)
    xStaticTimerQueue                        0x20000740   Data          80  timers.o(.bss)
    ucStaticTimerQueueStorage                0x20000790   Data         160  timers.o(.bss)
    xActiveTimerList1                        0x20000830   Data          20  timers.o(.bss)
    xActiveTimerList2                        0x20000844   Data          20  timers.o(.bss)
    .bss                                     0x20000858   Section     1720  cmsis_os2.o(.bss)
    Idle_TCB                                 0x20000858   Data          92  cmsis_os2.o(.bss)
    Idle_Stack                               0x200008b4   Data         512  cmsis_os2.o(.bss)
    Timer_TCB                                0x20000ab4   Data          92  cmsis_os2.o(.bss)
    Timer_Stack                              0x20000b10   Data        1024  cmsis_os2.o(.bss)
    .bss                                     0x20000f10   Section    15360  heap_4.o(.bss)
    ucHeap                                   0x20000f10   Data       15360  heap_4.o(.bss)
    .bss                                     0x20004b10   Section       40  air_joy.o(.bss)
    PPM_buf                                  0x20004b10   Data          20  air_joy.o(.bss)
    .bss                                     0x20004b38   Section     2296  rm_motor.o(.bss)
    .bss                                     0x20005430   Section       76  rm_motor.o(.bss)
    .bss                                     0x2000547c   Section      944  chassis.o(.bss)
    .bss                                     0x2000582c   Section       96  libspace.o(.bss)
    HEAP                                     0x20005890   Section      512  startup_stm32f407xx.o(HEAP)
    Heap_Mem                                 0x20005890   Data         512  startup_stm32f407xx.o(HEAP)
    STACK                                    0x20005a90   Section     1024  startup_stm32f407xx.o(STACK)
    Stack_Mem                                0x20005a90   Data        1024  startup_stm32f407xx.o(STACK)
    __initial_sp                             0x20005e90   Data           0  startup_stm32f407xx.o(STACK)

    Global Symbols

    Symbol Name                              Value     Ov Type        Size  Object(Section)

    BuildAttributes$$THM_ISAv4$E$P$D$K$B$S$7EM$VFPi3$EXTD16$VFPS$VFMA$PE$A:L22UL41UL21$X:L11$S22US41US21$IEEE1$IW$USESV6$~STKCKD$USESV7$~SHL$OTIME$ROPI$IEEEJ$EBA8$UX$STANDARDLIB$REQ8$PRES8$EABIv2 0x00000000   Number         0  anon$$obj.o ABSOLUTE
    __ARM_use_no_argv                        0x00000000   Number         0  main.o ABSOLUTE
    __ARM_exceptions_init                     - Undefined Weak Reference
    __alloca_initialize                       - Undefined Weak Reference
    __arm_fini_                               - Undefined Weak Reference
    __arm_preinit_                            - Undefined Weak Reference
    __cpp_initialize__aeabi_                  - Undefined Weak Reference
    __cxa_finalize                            - Undefined Weak Reference
    __rt_locale                               - Undefined Weak Reference
    __sigvec_lookup                           - Undefined Weak Reference
    _atexit_init                              - Undefined Weak Reference
    _call_atexit_fns                          - Undefined Weak Reference
    _clock_init                               - Undefined Weak Reference
    _fp_trap_init                             - Undefined Weak Reference
    _fp_trap_shutdown                         - Undefined Weak Reference
    _get_lc_collate                           - Undefined Weak Reference
    _get_lc_ctype                             - Undefined Weak Reference
    _get_lc_monetary                          - Undefined Weak Reference
    _get_lc_numeric                           - Undefined Weak Reference
    _get_lc_time                              - Undefined Weak Reference
    _getenv_init                              - Undefined Weak Reference
    _handle_redirection                       - Undefined Weak Reference
    _init_alloc                               - Undefined Weak Reference
    _init_user_alloc                          - Undefined Weak Reference
    _initio                                   - Undefined Weak Reference
    _rand_init                                - Undefined Weak Reference
    _signal_finish                            - Undefined Weak Reference
    _signal_init                              - Undefined Weak Reference
    _terminate_alloc                          - Undefined Weak Reference
    _terminate_user_alloc                     - Undefined Weak Reference
    _terminateio                              - Undefined Weak Reference
    __Vectors_Size                           0x00000188   Number         0  startup_stm32f407xx.o ABSOLUTE
    __Vectors                                0x08000000   Data           4  startup_stm32f407xx.o(RESET)
    __Vectors_End                            0x08000188   Data           0  startup_stm32f407xx.o(RESET)
    __main                                   0x08000189   Thumb Code     8  __main.o(!!!main)
    __scatterload                            0x08000191   Thumb Code     0  __scatter.o(!!!scatter)
    __scatterload_rt2                        0x08000191   Thumb Code    44  __scatter.o(!!!scatter)
    __scatterload_rt2_thumb_only             0x08000191   Thumb Code     0  __scatter.o(!!!scatter)
    __scatterload_null                       0x0800019f   Thumb Code     0  __scatter.o(!!!scatter)
    __scatterload_copy                       0x080001c5   Thumb Code    26  __scatter_copy.o(!!handler_copy)
    __scatterload_zeroinit                   0x080001e1   Thumb Code    28  __scatter_zi.o(!!handler_zi)
    __rt_lib_init                            0x080001fd   Thumb Code     0  libinit.o(.ARM.Collect$$libinit$$00000000)
    __rt_lib_init_fp_1                       0x080001ff   Thumb Code     0  libinit2.o(.ARM.Collect$$libinit$$00000001)
    __rt_lib_init_alloca_1                   0x08000203   Thumb Code     0  libinit2.o(.ARM.Collect$$libinit$$0000002E)
    __rt_lib_init_argv_1                     0x08000203   Thumb Code     0  libinit2.o(.ARM.Collect$$libinit$$0000002C)
    __rt_lib_init_atexit_1                   0x08000203   Thumb Code     0  libinit2.o(.ARM.Collect$$libinit$$0000001B)
    __rt_lib_init_clock_1                    0x08000203   Thumb Code     0  libinit2.o(.ARM.Collect$$libinit$$00000021)
    __rt_lib_init_cpp_1                      0x08000203   Thumb Code     0  libinit2.o(.ARM.Collect$$libinit$$00000032)
    __rt_lib_init_exceptions_1               0x08000203   Thumb Code     0  libinit2.o(.ARM.Collect$$libinit$$00000030)
    __rt_lib_init_fp_trap_1                  0x08000203   Thumb Code     0  libinit2.o(.ARM.Collect$$libinit$$0000001F)
    __rt_lib_init_getenv_1                   0x08000203   Thumb Code     0  libinit2.o(.ARM.Collect$$libinit$$00000023)
    __rt_lib_init_heap_1                     0x08000203   Thumb Code     0  libinit2.o(.ARM.Collect$$libinit$$0000000A)
    __rt_lib_init_lc_collate_1               0x08000203   Thumb Code     0  libinit2.o(.ARM.Collect$$libinit$$00000011)
    __rt_lib_init_lc_ctype_1                 0x08000203   Thumb Code     0  libinit2.o(.ARM.Collect$$libinit$$00000013)
    __rt_lib_init_lc_monetary_1              0x08000203   Thumb Code     0  libinit2.o(.ARM.Collect$$libinit$$00000015)
    __rt_lib_init_lc_numeric_1               0x08000203   Thumb Code     0  libinit2.o(.ARM.Collect$$libinit$$00000017)
    __rt_lib_init_lc_time_1                  0x08000203   Thumb Code     0  libinit2.o(.ARM.Collect$$libinit$$00000019)
    __rt_lib_init_preinit_1                  0x08000203   Thumb Code     0  libinit2.o(.ARM.Collect$$libinit$$00000004)
    __rt_lib_init_rand_1                     0x08000203   Thumb Code     0  libinit2.o(.ARM.Collect$$libinit$$0000000E)
    __rt_lib_init_return                     0x08000203   Thumb Code     0  libinit2.o(.ARM.Collect$$libinit$$00000033)
    __rt_lib_init_signal_1                   0x08000203   Thumb Code     0  libinit2.o(.ARM.Collect$$libinit$$0000001D)
    __rt_lib_init_stdio_1                    0x08000203   Thumb Code     0  libinit2.o(.ARM.Collect$$libinit$$00000025)
    __rt_lib_init_user_alloc_1               0x08000203   Thumb Code     0  libinit2.o(.ARM.Collect$$libinit$$0000000C)
    __rt_lib_shutdown                        0x08000205   Thumb Code     0  libshutdown.o(.ARM.Collect$$libshutdown$$00000000)
    __rt_lib_shutdown_cpp_1                  0x08000207   Thumb Code     0  libshutdown2.o(.ARM.Collect$$libshutdown$$00000004)
    __rt_lib_shutdown_fini_1                 0x08000207   Thumb Code     0  libshutdown2.o(.ARM.Collect$$libshutdown$$00000002)
    __rt_lib_shutdown_fp_trap_1              0x08000207   Thumb Code     0  libshutdown2.o(.ARM.Collect$$libshutdown$$00000009)
    __rt_lib_shutdown_heap_1                 0x08000207   Thumb Code     0  libshutdown2.o(.ARM.Collect$$libshutdown$$00000011)
    __rt_lib_shutdown_return                 0x08000207   Thumb Code     0  libshutdown2.o(.ARM.Collect$$libshutdown$$00000012)
    __rt_lib_shutdown_signal_1               0x08000207   Thumb Code     0  libshutdown2.o(.ARM.Collect$$libshutdown$$0000000C)
    __rt_lib_shutdown_stdio_1                0x08000207   Thumb Code     0  libshutdown2.o(.ARM.Collect$$libshutdown$$00000006)
    __rt_lib_shutdown_user_alloc_1           0x08000207   Thumb Code     0  libshutdown2.o(.ARM.Collect$$libshutdown$$0000000E)
    __rt_entry                               0x08000209   Thumb Code     0  __rtentry.o(.ARM.Collect$$rtentry$$00000000)
    __rt_entry_presh_1                       0x08000209   Thumb Code     0  __rtentry2.o(.ARM.Collect$$rtentry$$00000002)
    __rt_entry_sh                            0x08000209   Thumb Code     0  __rtentry4.o(.ARM.Collect$$rtentry$$00000004)
    __rt_entry_li                            0x0800020f   Thumb Code     0  __rtentry2.o(.ARM.Collect$$rtentry$$0000000A)
    __rt_entry_postsh_1                      0x0800020f   Thumb Code     0  __rtentry2.o(.ARM.Collect$$rtentry$$00000009)
    __rt_entry_main                          0x08000213   Thumb Code     0  __rtentry2.o(.ARM.Collect$$rtentry$$0000000D)
    __rt_entry_postli_1                      0x08000213   Thumb Code     0  __rtentry2.o(.ARM.Collect$$rtentry$$0000000C)
    __rt_exit                                0x0800021b   Thumb Code     0  rtexit.o(.ARM.Collect$$rtexit$$00000000)
    __rt_exit_ls                             0x0800021d   Thumb Code     0  rtexit2.o(.ARM.Collect$$rtexit$$00000003)
    __rt_exit_prels_1                        0x0800021d   Thumb Code     0  rtexit2.o(.ARM.Collect$$rtexit$$00000002)
    __rt_exit_exit                           0x08000221   Thumb Code     0  rtexit2.o(.ARM.Collect$$rtexit$$00000004)
    SVC_Handler                              0x08000229   Thumb Code    28  port.o(.emb_text)
    __asm___6_port_c_39a90d8d__prvStartFirstTask 0x08000249   Thumb Code    36  port.o(.emb_text)
    __asm___6_port_c_39a90d8d__prvEnableVFP  0x08000271   Thumb Code    16  port.o(.emb_text)
    PendSV_Handler                           0x08000285   Thumb Code    88  port.o(.emb_text)
    vPortGetIPSR                             0x080002e1   Thumb Code     6  port.o(.emb_text)
    Reset_Handler                            0x080002e9   Thumb Code     8  startup_stm32f407xx.o(.text)
    ADC_IRQHandler                           0x08000303   Thumb Code     0  startup_stm32f407xx.o(.text)
    DCMI_IRQHandler                          0x08000303   Thumb Code     0  startup_stm32f407xx.o(.text)
    DMA1_Stream0_IRQHandler                  0x08000303   Thumb Code     0  startup_stm32f407xx.o(.text)
    DMA1_Stream1_IRQHandler                  0x08000303   Thumb Code     0  startup_stm32f407xx.o(.text)
    DMA1_Stream2_IRQHandler                  0x08000303   Thumb Code     0  startup_stm32f407xx.o(.text)
    DMA1_Stream3_IRQHandler                  0x08000303   Thumb Code     0  startup_stm32f407xx.o(.text)
    DMA1_Stream4_IRQHandler                  0x08000303   Thumb Code     0  startup_stm32f407xx.o(.text)
    DMA1_Stream5_IRQHandler                  0x08000303   Thumb Code     0  startup_stm32f407xx.o(.text)
    DMA1_Stream6_IRQHandler                  0x08000303   Thumb Code     0  startup_stm32f407xx.o(.text)
    DMA1_Stream7_IRQHandler                  0x08000303   Thumb Code     0  startup_stm32f407xx.o(.text)
    DMA2_Stream0_IRQHandler                  0x08000303   Thumb Code     0  startup_stm32f407xx.o(.text)
    DMA2_Stream1_IRQHandler                  0x08000303   Thumb Code     0  startup_stm32f407xx.o(.text)
    DMA2_Stream2_IRQHandler                  0x08000303   Thumb Code     0  startup_stm32f407xx.o(.text)
    DMA2_Stream3_IRQHandler                  0x08000303   Thumb Code     0  startup_stm32f407xx.o(.text)
    DMA2_Stream4_IRQHandler                  0x08000303   Thumb Code     0  startup_stm32f407xx.o(.text)
    DMA2_Stream5_IRQHandler                  0x08000303   Thumb Code     0  startup_stm32f407xx.o(.text)
    DMA2_Stream6_IRQHandler                  0x08000303   Thumb Code     0  startup_stm32f407xx.o(.text)
    DMA2_Stream7_IRQHandler                  0x08000303   Thumb Code     0  startup_stm32f407xx.o(.text)
    ETH_IRQHandler                           0x08000303   Thumb Code     0  startup_stm32f407xx.o(.text)
    ETH_WKUP_IRQHandler                      0x08000303   Thumb Code     0  startup_stm32f407xx.o(.text)
    EXTI0_IRQHandler                         0x08000303   Thumb Code     0  startup_stm32f407xx.o(.text)
    EXTI15_10_IRQHandler                     0x08000303   Thumb Code     0  startup_stm32f407xx.o(.text)
    EXTI1_IRQHandler                         0x08000303   Thumb Code     0  startup_stm32f407xx.o(.text)
    EXTI2_IRQHandler                         0x08000303   Thumb Code     0  startup_stm32f407xx.o(.text)
    EXTI3_IRQHandler                         0x08000303   Thumb Code     0  startup_stm32f407xx.o(.text)
    EXTI4_IRQHandler                         0x08000303   Thumb Code     0  startup_stm32f407xx.o(.text)
    FLASH_IRQHandler                         0x08000303   Thumb Code     0  startup_stm32f407xx.o(.text)
    FMC_IRQHandler                           0x08000303   Thumb Code     0  startup_stm32f407xx.o(.text)
    FPU_IRQHandler                           0x08000303   Thumb Code     0  startup_stm32f407xx.o(.text)
    HASH_RNG_IRQHandler                      0x08000303   Thumb Code     0  startup_stm32f407xx.o(.text)
    I2C1_ER_IRQHandler                       0x08000303   Thumb Code     0  startup_stm32f407xx.o(.text)
    I2C1_EV_IRQHandler                       0x08000303   Thumb Code     0  startup_stm32f407xx.o(.text)
    I2C2_ER_IRQHandler                       0x08000303   Thumb Code     0  startup_stm32f407xx.o(.text)
    I2C2_EV_IRQHandler                       0x08000303   Thumb Code     0  startup_stm32f407xx.o(.text)
    I2C3_ER_IRQHandler                       0x08000303   Thumb Code     0  startup_stm32f407xx.o(.text)
    I2C3_EV_IRQHandler                       0x08000303   Thumb Code     0  startup_stm32f407xx.o(.text)
    OTG_FS_IRQHandler                        0x08000303   Thumb Code     0  startup_stm32f407xx.o(.text)
    OTG_FS_WKUP_IRQHandler                   0x08000303   Thumb Code     0  startup_stm32f407xx.o(.text)
    OTG_HS_EP1_IN_IRQHandler                 0x08000303   Thumb Code     0  startup_stm32f407xx.o(.text)
    OTG_HS_EP1_OUT_IRQHandler                0x08000303   Thumb Code     0  startup_stm32f407xx.o(.text)
    OTG_HS_IRQHandler                        0x08000303   Thumb Code     0  startup_stm32f407xx.o(.text)
    OTG_HS_WKUP_IRQHandler                   0x08000303   Thumb Code     0  startup_stm32f407xx.o(.text)
    PVD_IRQHandler                           0x08000303   Thumb Code     0  startup_stm32f407xx.o(.text)
    RCC_IRQHandler                           0x08000303   Thumb Code     0  startup_stm32f407xx.o(.text)
    RTC_Alarm_IRQHandler                     0x08000303   Thumb Code     0  startup_stm32f407xx.o(.text)
    RTC_WKUP_IRQHandler                      0x08000303   Thumb Code     0  startup_stm32f407xx.o(.text)
    SDIO_IRQHandler                          0x08000303   Thumb Code     0  startup_stm32f407xx.o(.text)
    SPI1_IRQHandler                          0x08000303   Thumb Code     0  startup_stm32f407xx.o(.text)
    SPI2_IRQHandler                          0x08000303   Thumb Code     0  startup_stm32f407xx.o(.text)
    SPI3_IRQHandler                          0x08000303   Thumb Code     0  startup_stm32f407xx.o(.text)
    TAMP_STAMP_IRQHandler                    0x08000303   Thumb Code     0  startup_stm32f407xx.o(.text)
    TIM1_BRK_TIM9_IRQHandler                 0x08000303   Thumb Code     0  startup_stm32f407xx.o(.text)
    TIM1_CC_IRQHandler                       0x08000303   Thumb Code     0  startup_stm32f407xx.o(.text)
    TIM1_TRG_COM_TIM11_IRQHandler            0x08000303   Thumb Code     0  startup_stm32f407xx.o(.text)
    TIM1_UP_TIM10_IRQHandler                 0x08000303   Thumb Code     0  startup_stm32f407xx.o(.text)
    TIM4_IRQHandler                          0x08000303   Thumb Code     0  startup_stm32f407xx.o(.text)
    TIM5_IRQHandler                          0x08000303   Thumb Code     0  startup_stm32f407xx.o(.text)
    TIM6_DAC_IRQHandler                      0x08000303   Thumb Code     0  startup_stm32f407xx.o(.text)
    TIM7_IRQHandler                          0x08000303   Thumb Code     0  startup_stm32f407xx.o(.text)
    TIM8_BRK_TIM12_IRQHandler                0x08000303   Thumb Code     0  startup_stm32f407xx.o(.text)
    TIM8_CC_IRQHandler                       0x08000303   Thumb Code     0  startup_stm32f407xx.o(.text)
    TIM8_TRG_COM_TIM14_IRQHandler            0x08000303   Thumb Code     0  startup_stm32f407xx.o(.text)
    TIM8_UP_TIM13_IRQHandler                 0x08000303   Thumb Code     0  startup_stm32f407xx.o(.text)
    UART4_IRQHandler                         0x08000303   Thumb Code     0  startup_stm32f407xx.o(.text)
    USART2_IRQHandler                        0x08000303   Thumb Code     0  startup_stm32f407xx.o(.text)
    USART3_IRQHandler                        0x08000303   Thumb Code     0  startup_stm32f407xx.o(.text)
    USART6_IRQHandler                        0x08000303   Thumb Code     0  startup_stm32f407xx.o(.text)
    WWDG_IRQHandler                          0x08000303   Thumb Code     0  startup_stm32f407xx.o(.text)
    __user_initial_stackheap                 0x08000305   Thumb Code     0  startup_stm32f407xx.o(.text)
    __aeabi_uldivmod                         0x08000329   Thumb Code     0  lludivv7m.o(.text)
    _ll_udiv                                 0x08000329   Thumb Code   238  lludivv7m.o(.text)
    __aeabi_memcpy                           0x08000417   Thumb Code     0  rt_memcpy_v6.o(.text)
    __rt_memcpy                              0x08000417   Thumb Code   138  rt_memcpy_v6.o(.text)
    _memcpy_lastbytes                        0x0800047d   Thumb Code     0  rt_memcpy_v6.o(.text)
    __aeabi_memset                           0x080004a1   Thumb Code    16  aeabi_memset.o(.text)
    __aeabi_memclr4                          0x080004b1   Thumb Code     0  rt_memclr_w.o(.text)
    __aeabi_memclr8                          0x080004b1   Thumb Code     0  rt_memclr_w.o(.text)
    __rt_memclr_w                            0x080004b1   Thumb Code    78  rt_memclr_w.o(.text)
    _memset_w                                0x080004b5   Thumb Code     0  rt_memclr_w.o(.text)
    __use_two_region_memory                  0x080004ff   Thumb Code     2  heapauxi.o(.text)
    __rt_heap_escrow$2region                 0x08000501   Thumb Code     2  heapauxi.o(.text)
    __rt_heap_expand$2region                 0x08000503   Thumb Code     2  heapauxi.o(.text)
    __read_errno                             0x08000505   Thumb Code    10  _rserrno.o(.text)
    __set_errno                              0x0800050f   Thumb Code    12  _rserrno.o(.text)
    __aeabi_memcpy4                          0x0800051b   Thumb Code     0  rt_memcpy_w.o(.text)
    __aeabi_memcpy8                          0x0800051b   Thumb Code     0  rt_memcpy_w.o(.text)
    __rt_memcpy_w                            0x0800051b   Thumb Code   100  rt_memcpy_w.o(.text)
    _memcpy_lastbytes_aligned                0x08000563   Thumb Code     0  rt_memcpy_w.o(.text)
    __aeabi_memclr                           0x0800057f   Thumb Code     0  rt_memclr.o(.text)
    __rt_memclr                              0x0800057f   Thumb Code    68  rt_memclr.o(.text)
    _memset                                  0x08000583   Thumb Code     0  rt_memclr.o(.text)
    __aeabi_errno_addr                       0x080005c5   Thumb Code     8  rt_errno_addr_intlibspace.o(.text)
    __errno$intlibspace                      0x080005c5   Thumb Code     0  rt_errno_addr_intlibspace.o(.text)
    __rt_errno_addr$intlibspace              0x080005c5   Thumb Code     0  rt_errno_addr_intlibspace.o(.text)
    __user_libspace                          0x080005cd   Thumb Code     8  libspace.o(.text)
    __user_perproc_libspace                  0x080005cd   Thumb Code     0  libspace.o(.text)
    __user_perthread_libspace                0x080005cd   Thumb Code     0  libspace.o(.text)
    __user_setup_stackheap                   0x080005d5   Thumb Code    74  sys_stackheap_outer.o(.text)
    exit                                     0x0800061f   Thumb Code    18  exit.o(.text)
    _sys_exit                                0x08000631   Thumb Code     8  sys_exit.o(.text)
    __I$use$semihosting                      0x0800063d   Thumb Code     0  use_no_semi.o(.text)
    __use_no_semihosting_swi                 0x0800063d   Thumb Code     2  use_no_semi.o(.text)
    BusFault_Handler                         0x0800063f   Thumb Code     2  stm32f4xx_it.o(i.BusFault_Handler)
    __semihosting_library_function           0x0800063f   Thumb Code     0  indicate_semi.o(.text)
    CAN1_RX0_IRQHandler                      0x08000641   Thumb Code     6  stm32f4xx_it.o(i.CAN1_RX0_IRQHandler)
    CAN1_RX1_IRQHandler                      0x0800064d   Thumb Code     6  stm32f4xx_it.o(i.CAN1_RX1_IRQHandler)
    CAN1_SCE_IRQHandler                      0x08000659   Thumb Code     6  stm32f4xx_it.o(i.CAN1_SCE_IRQHandler)
    CAN1_TX_IRQHandler                       0x08000665   Thumb Code     6  stm32f4xx_it.o(i.CAN1_TX_IRQHandler)
    CAN2_RX0_IRQHandler                      0x08000671   Thumb Code     6  stm32f4xx_it.o(i.CAN2_RX0_IRQHandler)
    CAN2_RX1_IRQHandler                      0x0800067d   Thumb Code     6  stm32f4xx_it.o(i.CAN2_RX1_IRQHandler)
    CAN2_SCE_IRQHandler                      0x08000689   Thumb Code     6  stm32f4xx_it.o(i.CAN2_SCE_IRQHandler)
    CAN2_TX_IRQHandler                       0x08000695   Thumb Code     6  stm32f4xx_it.o(i.CAN2_TX_IRQHandler)
    Chassis_Send_Currents                    0x080006a1   Thumb Code    90  chassis.o(i.Chassis_Send_Currents)
    DebugMon_Handler                         0x08000705   Thumb Code     2  stm32f4xx_it.o(i.DebugMon_Handler)
    EXTI9_5_IRQHandler                       0x08000707   Thumb Code     6  stm32f4xx_it.o(i.EXTI9_5_IRQHandler)
    Error_Handler                            0x0800070d   Thumb Code     4  main.o(i.Error_Handler)
    HAL_CAN_ActivateNotification             0x08000711   Thumb Code    36  stm32f4xx_hal_can.o(i.HAL_CAN_ActivateNotification)
    HAL_CAN_AddTxMessage                     0x08000735   Thumb Code   220  stm32f4xx_hal_can.o(i.HAL_CAN_AddTxMessage)
    HAL_CAN_ConfigFilter                     0x08000811   Thumb Code   262  stm32f4xx_hal_can.o(i.HAL_CAN_ConfigFilter)
    HAL_CAN_ErrorCallback                    0x0800091d   Thumb Code     2  stm32f4xx_hal_can.o(i.HAL_CAN_ErrorCallback)
    HAL_CAN_GetRxMessage                     0x0800091f   Thumb Code   232  stm32f4xx_hal_can.o(i.HAL_CAN_GetRxMessage)
    HAL_CAN_IRQHandler                       0x08000a07   Thumb Code   508  stm32f4xx_hal_can.o(i.HAL_CAN_IRQHandler)
    HAL_CAN_Init                             0x08000c03   Thumb Code   282  stm32f4xx_hal_can.o(i.HAL_CAN_Init)
    HAL_CAN_MspInit                          0x08000d1d   Thumb Code   324  can.o(i.HAL_CAN_MspInit)
    HAL_CAN_RxFifo0FullCallback              0x08000e79   Thumb Code     2  stm32f4xx_hal_can.o(i.HAL_CAN_RxFifo0FullCallback)
    HAL_CAN_RxFifo0MsgPendingCallback        0x08000e7d   Thumb Code   102  usr_can.o(i.HAL_CAN_RxFifo0MsgPendingCallback)
    HAL_CAN_RxFifo1FullCallback              0x08000ef5   Thumb Code     2  stm32f4xx_hal_can.o(i.HAL_CAN_RxFifo1FullCallback)
    HAL_CAN_RxFifo1MsgPendingCallback        0x08000ef7   Thumb Code     2  stm32f4xx_hal_can.o(i.HAL_CAN_RxFifo1MsgPendingCallback)
    HAL_CAN_SleepCallback                    0x08000ef9   Thumb Code     2  stm32f4xx_hal_can.o(i.HAL_CAN_SleepCallback)
    HAL_CAN_Start                            0x08000efb   Thumb Code    86  stm32f4xx_hal_can.o(i.HAL_CAN_Start)
    HAL_CAN_TxMailbox0AbortCallback          0x08000f51   Thumb Code     2  stm32f4xx_hal_can.o(i.HAL_CAN_TxMailbox0AbortCallback)
    HAL_CAN_TxMailbox0CompleteCallback       0x08000f53   Thumb Code     2  stm32f4xx_hal_can.o(i.HAL_CAN_TxMailbox0CompleteCallback)
    HAL_CAN_TxMailbox1AbortCallback          0x08000f55   Thumb Code     2  stm32f4xx_hal_can.o(i.HAL_CAN_TxMailbox1AbortCallback)
    HAL_CAN_TxMailbox1CompleteCallback       0x08000f57   Thumb Code     2  stm32f4xx_hal_can.o(i.HAL_CAN_TxMailbox1CompleteCallback)
    HAL_CAN_TxMailbox2AbortCallback          0x08000f59   Thumb Code     2  stm32f4xx_hal_can.o(i.HAL_CAN_TxMailbox2AbortCallback)
    HAL_CAN_TxMailbox2CompleteCallback       0x08000f5b   Thumb Code     2  stm32f4xx_hal_can.o(i.HAL_CAN_TxMailbox2CompleteCallback)
    HAL_CAN_WakeUpFromRxMsgCallback          0x08000f5d   Thumb Code     2  stm32f4xx_hal_can.o(i.HAL_CAN_WakeUpFromRxMsgCallback)
    HAL_DMA_Abort                            0x08000f5f   Thumb Code   146  stm32f4xx_hal_dma.o(i.HAL_DMA_Abort)
    HAL_DMA_Abort_IT                         0x08000ff1   Thumb Code    36  stm32f4xx_hal_dma.o(i.HAL_DMA_Abort_IT)
    HAL_GPIO_EXTI_Callback                   0x08001015   Thumb Code   126  air_joy.o(i.HAL_GPIO_EXTI_Callback)
    HAL_GPIO_EXTI_IRQHandler                 0x0800109d   Thumb Code    18  stm32f4xx_hal_gpio.o(i.HAL_GPIO_EXTI_IRQHandler)
    HAL_GPIO_Init                            0x080010b5   Thumb Code   418  stm32f4xx_hal_gpio.o(i.HAL_GPIO_Init)
    HAL_GPIO_WritePin                        0x08001285   Thumb Code    10  stm32f4xx_hal_gpio.o(i.HAL_GPIO_WritePin)
    HAL_GetTick                              0x08001291   Thumb Code     6  stm32f4xx_hal.o(i.HAL_GetTick)
    HAL_IncTick                              0x0800129d   Thumb Code    12  stm32f4xx_hal.o(i.HAL_IncTick)
    HAL_Init                                 0x080012ad   Thumb Code    48  stm32f4xx_hal.o(i.HAL_Init)
    HAL_InitTick                             0x080012e1   Thumb Code   132  stm32f4xx_hal_timebase_tim.o(i.HAL_InitTick)
    HAL_MspInit                              0x08001379   Thumb Code    52  stm32f4xx_hal_msp.o(i.HAL_MspInit)
    HAL_NVIC_EnableIRQ                       0x080013b1   Thumb Code    26  stm32f4xx_hal_cortex.o(i.HAL_NVIC_EnableIRQ)
    HAL_NVIC_SetPriority                     0x080013cd   Thumb Code    60  stm32f4xx_hal_cortex.o(i.HAL_NVIC_SetPriority)
    HAL_NVIC_SetPriorityGrouping             0x0800140d   Thumb Code    26  stm32f4xx_hal_cortex.o(i.HAL_NVIC_SetPriorityGrouping)
    HAL_RCC_ClockConfig                      0x08001431   Thumb Code   288  stm32f4xx_hal_rcc.o(i.HAL_RCC_ClockConfig)
    HAL_RCC_GetClockConfig                   0x08001565   Thumb Code    54  stm32f4xx_hal_rcc.o(i.HAL_RCC_GetClockConfig)
    HAL_RCC_GetPCLK1Freq                     0x080015a5   Thumb Code    20  stm32f4xx_hal_rcc.o(i.HAL_RCC_GetPCLK1Freq)
    HAL_RCC_GetPCLK2Freq                     0x080015c5   Thumb Code    20  stm32f4xx_hal_rcc.o(i.HAL_RCC_GetPCLK2Freq)
    HAL_RCC_GetSysClockFreq                  0x080015e5   Thumb Code    88  stm32f4xx_hal_rcc.o(i.HAL_RCC_GetSysClockFreq)
    HAL_RCC_OscConfig                        0x08001645   Thumb Code   836  stm32f4xx_hal_rcc.o(i.HAL_RCC_OscConfig)
    HAL_TIMEx_BreakCallback                  0x0800199d   Thumb Code     2  stm32f4xx_hal_tim_ex.o(i.HAL_TIMEx_BreakCallback)
    HAL_TIMEx_CommutCallback                 0x0800199f   Thumb Code     2  stm32f4xx_hal_tim_ex.o(i.HAL_TIMEx_CommutCallback)
    HAL_TIMEx_MasterConfigSynchronization    0x080019a1   Thumb Code   116  stm32f4xx_hal_tim_ex.o(i.HAL_TIMEx_MasterConfigSynchronization)
    HAL_TIM_Base_Init                        0x08001a31   Thumb Code    90  stm32f4xx_hal_tim.o(i.HAL_TIM_Base_Init)
    HAL_TIM_Base_MspInit                     0x08001a8d   Thumb Code    50  tim.o(i.HAL_TIM_Base_MspInit)
    HAL_TIM_Base_Start_IT                    0x08001ac5   Thumb Code   100  stm32f4xx_hal_tim.o(i.HAL_TIM_Base_Start_IT)
    HAL_TIM_ConfigClockSource                0x08001b45   Thumb Code   220  stm32f4xx_hal_tim.o(i.HAL_TIM_ConfigClockSource)
    HAL_TIM_IC_CaptureCallback               0x08001c21   Thumb Code     2  stm32f4xx_hal_tim.o(i.HAL_TIM_IC_CaptureCallback)
    HAL_TIM_IRQHandler                       0x08001c23   Thumb Code   358  stm32f4xx_hal_tim.o(i.HAL_TIM_IRQHandler)
    HAL_TIM_OC_DelayElapsedCallback          0x08001d89   Thumb Code     2  stm32f4xx_hal_tim.o(i.HAL_TIM_OC_DelayElapsedCallback)
    HAL_TIM_PWM_PulseFinishedCallback        0x08001d8b   Thumb Code     2  stm32f4xx_hal_tim.o(i.HAL_TIM_PWM_PulseFinishedCallback)
    HAL_TIM_PeriodElapsedCallback            0x08001d8d   Thumb Code    98  main.o(i.HAL_TIM_PeriodElapsedCallback)
    HAL_TIM_TriggerCallback                  0x08001e05   Thumb Code     2  stm32f4xx_hal_tim.o(i.HAL_TIM_TriggerCallback)
    HAL_UARTEx_RxEventCallback               0x08001e07   Thumb Code     2  stm32f4xx_hal_uart.o(i.HAL_UARTEx_RxEventCallback)
    HAL_UART_ErrorCallback                   0x08001e09   Thumb Code     2  stm32f4xx_hal_uart.o(i.HAL_UART_ErrorCallback)
    HAL_UART_IRQHandler                      0x08001e0d   Thumb Code   610  stm32f4xx_hal_uart.o(i.HAL_UART_IRQHandler)
    HAL_UART_Init                            0x08002075   Thumb Code    98  stm32f4xx_hal_uart.o(i.HAL_UART_Init)
    HAL_UART_MspInit                         0x080020d9   Thumb Code   224  usart.o(i.HAL_UART_MspInit)
    HAL_UART_RxCpltCallback                  0x080021d1   Thumb Code     2  stm32f4xx_hal_uart.o(i.HAL_UART_RxCpltCallback)
    HAL_UART_TxCpltCallback                  0x080021d3   Thumb Code     2  stm32f4xx_hal_uart.o(i.HAL_UART_TxCpltCallback)
    HardFault_Handler                        0x080021d5   Thumb Code     2  stm32f4xx_it.o(i.HardFault_Handler)
    Homeing_Mode                             0x080021d9   Thumb Code    76  rm_motor.o(i.Homeing_Mode)
    LimitMax                                 0x0800222d   Thumb Code    42  pid.o(i.LimitMax)
    M3508_Send_Currents                      0x08002259   Thumb Code   126  rm_motor.o(i.M3508_Send_Currents)
    MX_CAN1_Init                             0x080022e1   Thumb Code    62  can.o(i.MX_CAN1_Init)
    MX_CAN2_Init                             0x08002329   Thumb Code    62  can.o(i.MX_CAN2_Init)
    MX_FREERTOS_Init                         0x08002371   Thumb Code    42  freertos.o(i.MX_FREERTOS_Init)
    MX_GPIO_Init                             0x080023ad   Thumb Code   184  gpio.o(i.MX_GPIO_Init)
    MX_TIM2_Init                             0x08002471   Thumb Code    98  tim.o(i.MX_TIM2_Init)
    MX_UART5_Init                            0x080024d9   Thumb Code    48  usart.o(i.MX_UART5_Init)
    MX_USART1_UART_Init                      0x08002511   Thumb Code    48  usart.o(i.MX_USART1_UART_Init)
    Max_Value_Limit                          0x08002549   Thumb Code    34  rm_motor.o(i.Max_Value_Limit)
    MemManage_Handler                        0x0800256b   Thumb Code     2  stm32f4xx_it.o(i.MemManage_Handler)
    MotorCtrlFunction                        0x0800256d   Thumb Code    20  freertos.o(i.MotorCtrlFunction)
    Motor_Control                            0x08002581   Thumb Code   516  rm_motor.o(i.Motor_Control)
    NMI_Handler                              0x08002791   Thumb Code     2  stm32f4xx_it.o(i.NMI_Handler)
    Position_Control                         0x08002795   Thumb Code    78  rm_motor.o(i.Position_Control)
    R1_config                                0x080027e9   Thumb Code    22  fsm.o(i.R1_config)
    RM_MOTOR_Angle_Integral                  0x08002805   Thumb Code   214  rm_motor.o(i.RM_MOTOR_Angle_Integral)
    ROBOT_CHASSIS_INIT                       0x080028f1   Thumb Code    84  chassis.o(i.ROBOT_CHASSIS_INIT)
    Speed_Control                            0x0800294d   Thumb Code    10  rm_motor.o(i.Speed_Control)
    StartDefaultTask                         0x08002957   Thumb Code     8  freertos.o(i.StartDefaultTask)
    SysTick_Handler                          0x0800295f   Thumb Code    26  cmsis_os2.o(i.SysTick_Handler)
    SystemClock_Config                       0x08002979   Thumb Code   138  main.o(i.SystemClock_Config)
    SystemInit                               0x08002a0d   Thumb Code    12  system_stm32f4xx.o(i.SystemInit)
    TIM2_IRQHandler                          0x08002a1d   Thumb Code     6  stm32f4xx_it.o(i.TIM2_IRQHandler)
    TIM3_IRQHandler                          0x08002a29   Thumb Code     6  stm32f4xx_it.o(i.TIM3_IRQHandler)
    TIM_Base_SetConfig                       0x08002a35   Thumb Code   156  stm32f4xx_hal_tim.o(i.TIM_Base_SetConfig)
    TIM_ETR_SetConfig                        0x08002afd   Thumb Code    20  stm32f4xx_hal_tim.o(i.TIM_ETR_SetConfig)
    UART5_IRQHandler                         0x08002b69   Thumb Code     6  stm32f4xx_it.o(i.UART5_IRQHandler)
    USART1_IRQHandler                        0x08002da1   Thumb Code     6  stm32f4xx_it.o(i.USART1_IRQHandler)
    Upper_INIT                               0x08002dad   Thumb Code   484  fsm.o(i.Upper_INIT)
    UsageFault_Handler                       0x08002fd1   Thumb Code     2  stm32f4xx_it.o(i.UsageFault_Handler)
    Velocity_Planning_MODE                   0x08002fd5   Thumb Code   542  rm_motor.o(i.Velocity_Planning_MODE)
    __hardfp_sqrt                            0x08003225   Thumb Code   122  sqrt.o(i.__hardfp_sqrt)
    belt_calc                                0x080032a1   Thumb Code    24  fsm.o(i.belt_calc)
    belt_ctrl                                0x080032bd   Thumb Code    50  upper.o(i.belt_ctrl)
    can_filter_init                          0x080032f9   Thumb Code   108  usr_can.o(i.can_filter_init)
    chassis_kinematic                        0x0800336d   Thumb Code   186  chassis.o(i.chassis_kinematic)
    chassis_motor_init                       0x08003439   Thumb Code   220  fsm.o(i.chassis_motor_init)
    claw_hold                                0x08003539   Thumb Code    24  upper.o(i.claw_hold)
    claw_init_state                          0x08003555   Thumb Code    24  fsm.o(i.claw_init_state)
    claw_motor                               0x08003575   Thumb Code    56  upper.o(i.claw_motor)
    claw_work_state                          0x080035bd   Thumb Code    24  fsm.o(i.claw_work_state)
    free_ctrl                                0x080035dd   Thumb Code   146  fsm.o(i.free_ctrl)
    fsm                                      0x08003689   Thumb Code   514  fsm.o(i.fsm)
    get_chassis_motor_measure                0x080038a5   Thumb Code   118  chassis.o(i.get_chassis_motor_measure)
    get_motor_measure                        0x08003921   Thumb Code   196  rm_motor.o(i.get_motor_measure)
    lift_hold                                0x080039e9   Thumb Code    24  upper.o(i.lift_hold)
    lift_init_state                          0x08003a05   Thumb Code    36  fsm.o(i.lift_init_state)
    lift_motor                               0x08003a31   Thumb Code    56  upper.o(i.lift_motor)
    lift_work_state                          0x08003a79   Thumb Code    36  fsm.o(i.lift_work_state)
    lim                                      0x08003aa5   Thumb Code    92  upper.o(i.lim)
    main                                     0x08003b01   Thumb Code    52  main.o(i.main)
    osDelay                                  0x08003b39   Thumb Code    26  cmsis_os2.o(i.osDelay)
    osKernelInitialize                       0x08003b55   Thumb Code    32  cmsis_os2.o(i.osKernelInitialize)
    osKernelStart                            0x08003b79   Thumb Code    48  cmsis_os2.o(i.osKernelStart)
    osMutexNew                               0x08003bb1   Thumb Code   104  cmsis_os2.o(i.osMutexNew)
    osThreadNew                              0x08003c19   Thumb Code   136  cmsis_os2.o(i.osThreadNew)
    pid_calc                                 0x08003ca1   Thumb Code   438  pid.o(i.pid_calc)
    pid_param_init                           0x08003e5d   Thumb Code    30  pid.o(i.pid_param_init)
    pvPortMalloc                             0x08004621   Thumb Code   216  heap_4.o(i.pvPortMalloc)
    pxPortInitialiseStack                    0x080046fd   Thumb Code    40  port.o(i.pxPortInitialiseStack)
    uxListRemove                             0x08004729   Thumb Code    38  list.o(i.uxListRemove)
    vApplicationGetIdleTaskMemory            0x08004751   Thumb Code    16  cmsis_os2.o(i.vApplicationGetIdleTaskMemory)
    vApplicationGetTimerTaskMemory           0x08004765   Thumb Code    18  cmsis_os2.o(i.vApplicationGetTimerTaskMemory)
    vListInitialise                          0x0800477d   Thumb Code    22  list.o(i.vListInitialise)
    vListInitialiseItem                      0x08004793   Thumb Code     6  list.o(i.vListInitialiseItem)
    vListInsert                              0x08004799   Thumb Code    48  list.o(i.vListInsert)
    vListInsertEnd                           0x080047c9   Thumb Code    24  list.o(i.vListInsertEnd)
    vPortEnterCritical                       0x080047e1   Thumb Code    54  port.o(i.vPortEnterCritical)
    vPortExitCritical                        0x08004821   Thumb Code    34  port.o(i.vPortExitCritical)
    vPortFree                                0x08004849   Thumb Code    94  heap_4.o(i.vPortFree)
    vPortSetupTimerInterrupt                 0x080048ad   Thumb Code    32  port.o(i.vPortSetupTimerInterrupt)
    vPortValidateInterruptPriority           0x080048d1   Thumb Code    74  port.o(i.vPortValidateInterruptPriority)
    vQueueAddToRegistry                      0x08004925   Thumb Code    32  queue.o(i.vQueueAddToRegistry)
    vQueueWaitForMessageRestricted           0x08004949   Thumb Code    68  queue.o(i.vQueueWaitForMessageRestricted)
    vTaskDelay                               0x0800498d   Thumb Code    66  tasks.o(i.vTaskDelay)
    vTaskInternalSetTimeOutState             0x080049d9   Thumb Code    12  tasks.o(i.vTaskInternalSetTimeOutState)
    vTaskMissedYield                         0x080049e9   Thumb Code     8  tasks.o(i.vTaskMissedYield)
    vTaskPlaceOnEventList                    0x080049f5   Thumb Code    44  tasks.o(i.vTaskPlaceOnEventList)
    vTaskPlaceOnEventListRestricted          0x08004a25   Thumb Code    52  tasks.o(i.vTaskPlaceOnEventListRestricted)
    vTaskStartScheduler                      0x08004a5d   Thumb Code   116  tasks.o(i.vTaskStartScheduler)
    vTaskSuspendAll                          0x08004ae1   Thumb Code    10  tasks.o(i.vTaskSuspendAll)
    vTaskSwitchContext                       0x08004af1   Thumb Code    90  tasks.o(i.vTaskSwitchContext)
    xPortStartScheduler                      0x08004b55   Thumb Code   224  port.o(i.xPortStartScheduler)
    xPortSysTickHandler                      0x08004c49   Thumb Code    38  port.o(i.xPortSysTickHandler)
    xQueueCreateMutex                        0x08004c75   Thumb Code    22  queue.o(i.xQueueCreateMutex)
    xQueueCreateMutexStatic                  0x08004c8b   Thumb Code    26  queue.o(i.xQueueCreateMutexStatic)
    xQueueGenericCreate                      0x08004ca5   Thumb Code    66  queue.o(i.xQueueGenericCreate)
    xQueueGenericCreateStatic                0x08004ce7   Thumb Code   102  queue.o(i.xQueueGenericCreateStatic)
    xQueueGenericReset                       0x08004d4d   Thumb Code   132  queue.o(i.xQueueGenericReset)
    xQueueGenericSend                        0x08004dd5   Thumb Code   350  queue.o(i.xQueueGenericSend)
    xQueueGenericSendFromISR                 0x08004f39   Thumb Code   190  queue.o(i.xQueueGenericSendFromISR)
    xQueueReceive                            0x08004ff9   Thumb Code   308  queue.o(i.xQueueReceive)
    xTaskCheckForTimeOut                     0x08005131   Thumb Code   112  tasks.o(i.xTaskCheckForTimeOut)
    xTaskCreate                              0x080051a5   Thumb Code    90  tasks.o(i.xTaskCreate)
    xTaskCreateStatic                        0x080051ff   Thumb Code    90  tasks.o(i.xTaskCreateStatic)
    xTaskGetSchedulerState                   0x08005259   Thumb Code    22  tasks.o(i.xTaskGetSchedulerState)
    xTaskGetTickCount                        0x08005275   Thumb Code     6  tasks.o(i.xTaskGetTickCount)
    xTaskIncrementTick                       0x08005281   Thumb Code   192  tasks.o(i.xTaskIncrementTick)
    xTaskPriorityDisinherit                  0x08005349   Thumb Code   116  tasks.o(i.xTaskPriorityDisinherit)
    xTaskRemoveFromEventList                 0x080053c5   Thumb Code    98  tasks.o(i.xTaskRemoveFromEventList)
    xTaskResumeAll                           0x08005435   Thumb Code   180  tasks.o(i.xTaskResumeAll)
    xTimerCreateTimerTask                    0x080054f5   Thumb Code    78  timers.o(i.xTimerCreateTimerTask)
    xTimerGenericCommand                     0x08005555   Thumb Code    94  timers.o(i.xTimerGenericCommand)
    __aeabi_d2f                              0x080055b9   Thumb Code     0  d2f.o(x$fpl$d2f)
    _d2f                                     0x080055b9   Thumb Code    98  d2f.o(x$fpl$d2f)
    __aeabi_dadd                             0x0800561d   Thumb Code     0  daddsub_clz.o(x$fpl$dadd)
    _dadd                                    0x0800561d   Thumb Code   332  daddsub_clz.o(x$fpl$dadd)
    __fpl_dcmp_Inf                           0x0800576d   Thumb Code    24  dcmpi.o(x$fpl$dcmpinf)
    __aeabi_i2d                              0x08005785   Thumb Code     0  dflt_clz.o(x$fpl$dflt)
    _dflt                                    0x08005785   Thumb Code    46  dflt_clz.o(x$fpl$dflt)
    __aeabi_cdcmple                          0x080057b5   Thumb Code     0  dleqf.o(x$fpl$dleqf)
    _dcmple                                  0x080057b5   Thumb Code   120  dleqf.o(x$fpl$dleqf)
    __fpl_dcmple_InfNaN                      0x08005817   Thumb Code     0  dleqf.o(x$fpl$dleqf)
    __aeabi_dmul                             0x0800582d   Thumb Code     0  dmul.o(x$fpl$dmul)
    _dmul                                    0x0800582d   Thumb Code   332  dmul.o(x$fpl$dmul)
    __fpl_dnaninf                            0x08005981   Thumb Code   156  dnaninf.o(x$fpl$dnaninf)
    __fpl_dretinf                            0x08005a1d   Thumb Code    12  dretinf.o(x$fpl$dretinf)
    __aeabi_cdrcmple                         0x08005a29   Thumb Code     0  drleqf.o(x$fpl$drleqf)
    _drcmple                                 0x08005a29   Thumb Code   108  drleqf.o(x$fpl$drleqf)
    _dsqrt                                   0x08005a95   Thumb Code   404  dsqrt_umaal.o(x$fpl$dsqrt)
    __aeabi_dsub                             0x08005c2d   Thumb Code     0  daddsub_clz.o(x$fpl$dsub)
    _dsub                                    0x08005c2d   Thumb Code   464  daddsub_clz.o(x$fpl$dsub)
    __aeabi_f2d                              0x08005e01   Thumb Code     0  f2d.o(x$fpl$f2d)
    _f2d                                     0x08005e01   Thumb Code    86  f2d.o(x$fpl$f2d)
    __fpl_fnaninf                            0x08005e57   Thumb Code   140  fnaninf.o(x$fpl$fnaninf)
    _fp_init                                 0x08005ee3   Thumb Code    10  fpinit.o(x$fpl$fpinit)
    __fplib_config_fpu_vfp                   0x08005eeb   Thumb Code     0  fpinit.o(x$fpl$fpinit)
    __fplib_config_pureend_doubles           0x08005eeb   Thumb Code     0  fpinit.o(x$fpl$fpinit)
    __fpl_fretinf                            0x08005eed   Thumb Code    10  fretinf.o(x$fpl$fretinf)
    __I$use$fp                               0x08005ef6   Number         0  usenofp.o(x$fpl$usenofp)
    defaultTask_attributes                   0x08005ef8   Data          36  freertos.o(.constdata)
    MotorCtrl_attributes                     0x08005f1c   Data          36  freertos.o(.constdata)
    safe_printf_attributes                   0x08005f40   Data          16  freertos.o(.constdata)
    AHBPrescTable                            0x08005f50   Data          16  system_stm32f4xx.o(.constdata)
    APBPrescTable                            0x08005f60   Data           8  system_stm32f4xx.o(.constdata)
    Region$$Table$$Base                      0x08005f8c   Number         0  anon$$obj.o(Region$$Table)
    Region$$Table$$Limit                     0x08005fac   Number         0  anon$$obj.o(Region$$Table)
    defaultTaskHandle                        0x20000000   Data           4  freertos.o(.data)
    MotorCtrlHandle                          0x20000004   Data           4  freertos.o(.data)
    safe_printfHandle                        0x20000008   Data           4  freertos.o(.data)
    uwTickFreq                               0x20000010   Data           1  stm32f4xx_hal.o(.data)
    uwTickPrio                               0x20000014   Data           4  stm32f4xx_hal.o(.data)
    uwTick                                   0x20000018   Data           4  stm32f4xx_hal.o(.data)
    SystemCoreClock                          0x2000001c   Data           4  system_stm32f4xx.o(.data)
    pxCurrentTCB                             0x20000020   Data           4  tasks.o(.data)
    Time_Sys                                 0x200000a0   Data           8  air_joy.o(.data)
    Microsecond_Cnt                          0x200000a8   Data           2  air_joy.o(.data)
    ppm_update_flag                          0x200000ac   Data           1  air_joy.o(.data)
    now_ppm_time_send                        0x200000b4   Data           4  air_joy.o(.data)
    TIME_ISR_CNT                             0x200000b8   Data           4  air_joy.o(.data)
    LAST_TIME_ISR_CNT                        0x200000c4   Data           4  air_joy.o(.data)
    state                                    0x200000cc   Data           1  fsm.o(.data)
    belt_level                               0x200000d0   Data           4  fsm.o(.data)
    hcan1                                    0x200000d4   Data          40  can.o(.bss)
    hcan2                                    0x200000fc   Data          40  can.o(.bss)
    htim2                                    0x20000124   Data          72  tim.o(.bss)
    huart5                                   0x2000016c   Data          68  usart.o(.bss)
    huart1                                   0x200001b0   Data          68  usart.o(.bss)
    htim3                                    0x200001f4   Data          72  stm32f4xx_hal_timebase_tim.o(.bss)
    xQueueRegistry                           0x2000023c   Data          64  queue.o(.bss)
    PPM_Databuf                              0x20004b24   Data          20  air_joy.o(.bss)
    motorRealInfo                            0x20004b38   Data        1008  rm_motor.o(.bss)
    MOTOR_PID_RPM                            0x20004f28   Data         644  rm_motor.o(.bss)
    MOTOR_PID_POS                            0x200051ac   Data         644  rm_motor.o(.bss)
    ROBOT_chassis                            0x20005430   Data          76  rm_motor.o(.bss)
    ChassisInfo                              0x2000547c   Data         576  chassis.o(.bss)
    Chassis_PID_RPM                          0x200056bc   Data         368  chassis.o(.bss)
    __libspace_start                         0x2000582c   Data          96  libspace.o(.bss)
    __temporary_stack_top$libspace           0x2000588c   Data           0  libspace.o(.bss)



==============================================================================

Memory Map of the image

  Image Entry point : 0x08000189

  Load Region LR_IROM1 (Base: 0x08000000, Size: 0x00006080, Max: 0x00100000, ABSOLUTE)

    Execution Region ER_IROM1 (Exec base: 0x08000000, Load base: 0x08000000, Size: 0x00005fac, Max: 0x00100000, ABSOLUTE)

    Exec Addr    Load Addr    Size         Type   Attr      Idx    E Section Name        Object

    0x08000000   0x08000000   0x00000188   Data   RO            3    RESET               startup_stm32f407xx.o
    0x08000188   0x08000188   0x00000008   Code   RO         5560  * !!!main             c_w.l(__main.o)
    0x08000190   0x08000190   0x00000034   Code   RO         5787    !!!scatter          c_w.l(__scatter.o)
    0x080001c4   0x080001c4   0x0000001a   Code   RO         5789    !!handler_copy      c_w.l(__scatter_copy.o)
    0x080001de   0x080001de   0x00000002   PAD
    0x080001e0   0x080001e0   0x0000001c   Code   RO         5791    !!handler_zi        c_w.l(__scatter_zi.o)
    0x080001fc   0x080001fc   0x00000002   Code   RO         5658    .ARM.Collect$$libinit$$00000000  c_w.l(libinit.o)
    0x080001fe   0x080001fe   0x00000004   Code   RO         5667    .ARM.Collect$$libinit$$00000001  c_w.l(libinit2.o)
    0x08000202   0x08000202   0x00000000   Code   RO         5670    .ARM.Collect$$libinit$$00000004  c_w.l(libinit2.o)
    0x08000202   0x08000202   0x00000000   Code   RO         5673    .ARM.Collect$$libinit$$0000000A  c_w.l(libinit2.o)
    0x08000202   0x08000202   0x00000000   Code   RO         5675    .ARM.Collect$$libinit$$0000000C  c_w.l(libinit2.o)
    0x08000202   0x08000202   0x00000000   Code   RO         5677    .ARM.Collect$$libinit$$0000000E  c_w.l(libinit2.o)
    0x08000202   0x08000202   0x00000000   Code   RO         5680    .ARM.Collect$$libinit$$00000011  c_w.l(libinit2.o)
    0x08000202   0x08000202   0x00000000   Code   RO         5682    .ARM.Collect$$libinit$$00000013  c_w.l(libinit2.o)
    0x08000202   0x08000202   0x00000000   Code   RO         5684    .ARM.Collect$$libinit$$00000015  c_w.l(libinit2.o)
    0x08000202   0x08000202   0x00000000   Code   RO         5686    .ARM.Collect$$libinit$$00000017  c_w.l(libinit2.o)
    0x08000202   0x08000202   0x00000000   Code   RO         5688    .ARM.Collect$$libinit$$00000019  c_w.l(libinit2.o)
    0x08000202   0x08000202   0x00000000   Code   RO         5690    .ARM.Collect$$libinit$$0000001B  c_w.l(libinit2.o)
    0x08000202   0x08000202   0x00000000   Code   RO         5692    .ARM.Collect$$libinit$$0000001D  c_w.l(libinit2.o)
    0x08000202   0x08000202   0x00000000   Code   RO         5694    .ARM.Collect$$libinit$$0000001F  c_w.l(libinit2.o)
    0x08000202   0x08000202   0x00000000   Code   RO         5696    .ARM.Collect$$libinit$$00000021  c_w.l(libinit2.o)
    0x08000202   0x08000202   0x00000000   Code   RO         5698    .ARM.Collect$$libinit$$00000023  c_w.l(libinit2.o)
    0x08000202   0x08000202   0x00000000   Code   RO         5700    .ARM.Collect$$libinit$$00000025  c_w.l(libinit2.o)
    0x08000202   0x08000202   0x00000000   Code   RO         5704    .ARM.Collect$$libinit$$0000002C  c_w.l(libinit2.o)
    0x08000202   0x08000202   0x00000000   Code   RO         5706    .ARM.Collect$$libinit$$0000002E  c_w.l(libinit2.o)
    0x08000202   0x08000202   0x00000000   Code   RO         5708    .ARM.Collect$$libinit$$00000030  c_w.l(libinit2.o)
    0x08000202   0x08000202   0x00000000   Code   RO         5710    .ARM.Collect$$libinit$$00000032  c_w.l(libinit2.o)
    0x08000202   0x08000202   0x00000002   Code   RO         5711    .ARM.Collect$$libinit$$00000033  c_w.l(libinit2.o)
    0x08000204   0x08000204   0x00000002   Code   RO         5742    .ARM.Collect$$libshutdown$$00000000  c_w.l(libshutdown.o)
    0x08000206   0x08000206   0x00000000   Code   RO         5768    .ARM.Collect$$libshutdown$$00000002  c_w.l(libshutdown2.o)
    0x08000206   0x08000206   0x00000000   Code   RO         5770    .ARM.Collect$$libshutdown$$00000004  c_w.l(libshutdown2.o)
    0x08000206   0x08000206   0x00000000   Code   RO         5772    .ARM.Collect$$libshutdown$$00000006  c_w.l(libshutdown2.o)
    0x08000206   0x08000206   0x00000000   Code   RO         5775    .ARM.Collect$$libshutdown$$00000009  c_w.l(libshutdown2.o)
    0x08000206   0x08000206   0x00000000   Code   RO         5778    .ARM.Collect$$libshutdown$$0000000C  c_w.l(libshutdown2.o)
    0x08000206   0x08000206   0x00000000   Code   RO         5780    .ARM.Collect$$libshutdown$$0000000E  c_w.l(libshutdown2.o)
    0x08000206   0x08000206   0x00000000   Code   RO         5783    .ARM.Collect$$libshutdown$$00000011  c_w.l(libshutdown2.o)
    0x08000206   0x08000206   0x00000002   Code   RO         5784    .ARM.Collect$$libshutdown$$00000012  c_w.l(libshutdown2.o)
    0x08000208   0x08000208   0x00000000   Code   RO         5594    .ARM.Collect$$rtentry$$00000000  c_w.l(__rtentry.o)
    0x08000208   0x08000208   0x00000000   Code   RO         5619    .ARM.Collect$$rtentry$$00000002  c_w.l(__rtentry2.o)
    0x08000208   0x08000208   0x00000006   Code   RO         5631    .ARM.Collect$$rtentry$$00000004  c_w.l(__rtentry4.o)
    0x0800020e   0x0800020e   0x00000000   Code   RO         5621    .ARM.Collect$$rtentry$$00000009  c_w.l(__rtentry2.o)
    0x0800020e   0x0800020e   0x00000004   Code   RO         5622    .ARM.Collect$$rtentry$$0000000A  c_w.l(__rtentry2.o)
    0x08000212   0x08000212   0x00000000   Code   RO         5624    .ARM.Collect$$rtentry$$0000000C  c_w.l(__rtentry2.o)
    0x08000212   0x08000212   0x00000008   Code   RO         5625    .ARM.Collect$$rtentry$$0000000D  c_w.l(__rtentry2.o)
    0x0800021a   0x0800021a   0x00000002   Code   RO         5659    .ARM.Collect$$rtexit$$00000000  c_w.l(rtexit.o)
    0x0800021c   0x0800021c   0x00000000   Code   RO         5715    .ARM.Collect$$rtexit$$00000002  c_w.l(rtexit2.o)
    0x0800021c   0x0800021c   0x00000004   Code   RO         5716    .ARM.Collect$$rtexit$$00000003  c_w.l(rtexit2.o)
    0x08000220   0x08000220   0x00000006   Code   RO         5717    .ARM.Collect$$rtexit$$00000004  c_w.l(rtexit2.o)
    0x08000226   0x08000226   0x00000002   PAD
    0x08000228   0x08000228   0x000000be   Code   RO         5059    .emb_text           port.o
    0x080002e6   0x080002e6   0x00000002   PAD
    0x080002e8   0x080002e8   0x00000040   Code   RO            4    .text               startup_stm32f407xx.o
    0x08000328   0x08000328   0x000000ee   Code   RO         5548    .text               c_w.l(lludivv7m.o)
    0x08000416   0x08000416   0x0000008a   Code   RO         5550    .text               c_w.l(rt_memcpy_v6.o)
    0x080004a0   0x080004a0   0x00000010   Code   RO         5554    .text               c_w.l(aeabi_memset.o)
    0x080004b0   0x080004b0   0x0000004e   Code   RO         5556    .text               c_w.l(rt_memclr_w.o)
    0x080004fe   0x080004fe   0x00000006   Code   RO         5558    .text               c_w.l(heapauxi.o)
    0x08000504   0x08000504   0x00000016   Code   RO         5599    .text               c_w.l(_rserrno.o)
    0x0800051a   0x0800051a   0x00000064   Code   RO         5601    .text               c_w.l(rt_memcpy_w.o)
    0x0800057e   0x0800057e   0x00000044   Code   RO         5603    .text               c_w.l(rt_memclr.o)
    0x080005c2   0x080005c2   0x00000002   PAD
    0x080005c4   0x080005c4   0x00000008   Code   RO         5638    .text               c_w.l(rt_errno_addr_intlibspace.o)
    0x080005cc   0x080005cc   0x00000008   Code   RO         5642    .text               c_w.l(libspace.o)
    0x080005d4   0x080005d4   0x0000004a   Code   RO         5645    .text               c_w.l(sys_stackheap_outer.o)
    0x0800061e   0x0800061e   0x00000012   Code   RO         5647    .text               c_w.l(exit.o)
    0x08000630   0x08000630   0x0000000c   Code   RO         5712    .text               c_w.l(sys_exit.o)
    0x0800063c   0x0800063c   0x00000002   Code   RO         5731    .text               c_w.l(use_no_semi.o)
    0x0800063e   0x0800063e   0x00000000   Code   RO         5733    .text               c_w.l(indicate_semi.o)
    0x0800063e   0x0800063e   0x00000002   Code   RO          448    i.BusFault_Handler  stm32f4xx_it.o
    0x08000640   0x08000640   0x0000000c   Code   RO          449    i.CAN1_RX0_IRQHandler  stm32f4xx_it.o
    0x0800064c   0x0800064c   0x0000000c   Code   RO          450    i.CAN1_RX1_IRQHandler  stm32f4xx_it.o
    0x08000658   0x08000658   0x0000000c   Code   RO          451    i.CAN1_SCE_IRQHandler  stm32f4xx_it.o
    0x08000664   0x08000664   0x0000000c   Code   RO          452    i.CAN1_TX_IRQHandler  stm32f4xx_it.o
    0x08000670   0x08000670   0x0000000c   Code   RO          453    i.CAN2_RX0_IRQHandler  stm32f4xx_it.o
    0x0800067c   0x0800067c   0x0000000c   Code   RO          454    i.CAN2_RX1_IRQHandler  stm32f4xx_it.o
    0x08000688   0x08000688   0x0000000c   Code   RO          455    i.CAN2_SCE_IRQHandler  stm32f4xx_it.o
    0x08000694   0x08000694   0x0000000c   Code   RO          456    i.CAN2_TX_IRQHandler  stm32f4xx_it.o
    0x080006a0   0x080006a0   0x00000064   Code   RO         5414    i.Chassis_Send_Currents  chassis.o
    0x08000704   0x08000704   0x00000002   Code   RO          457    i.DebugMon_Handler  stm32f4xx_it.o
    0x08000706   0x08000706   0x00000006   Code   RO          458    i.EXTI9_5_IRQHandler  stm32f4xx_it.o
    0x0800070c   0x0800070c   0x00000004   Code   RO           13    i.Error_Handler     main.o
    0x08000710   0x08000710   0x00000024   Code   RO          648    i.HAL_CAN_ActivateNotification  stm32f4xx_hal_can.o
    0x08000734   0x08000734   0x000000dc   Code   RO          649    i.HAL_CAN_AddTxMessage  stm32f4xx_hal_can.o
    0x08000810   0x08000810   0x0000010c   Code   RO          650    i.HAL_CAN_ConfigFilter  stm32f4xx_hal_can.o
    0x0800091c   0x0800091c   0x00000002   Code   RO          653    i.HAL_CAN_ErrorCallback  stm32f4xx_hal_can.o
    0x0800091e   0x0800091e   0x000000e8   Code   RO          656    i.HAL_CAN_GetRxMessage  stm32f4xx_hal_can.o
    0x08000a06   0x08000a06   0x000001fc   Code   RO          660    i.HAL_CAN_IRQHandler  stm32f4xx_hal_can.o
    0x08000c02   0x08000c02   0x0000011a   Code   RO          661    i.HAL_CAN_Init      stm32f4xx_hal_can.o
    0x08000d1c   0x08000d1c   0x0000015c   Code   RO          310    i.HAL_CAN_MspInit   can.o
    0x08000e78   0x08000e78   0x00000002   Code   RO          668    i.HAL_CAN_RxFifo0FullCallback  stm32f4xx_hal_can.o
    0x08000e7a   0x08000e7a   0x00000002   PAD
    0x08000e7c   0x08000e7c   0x00000078   Code   RO         5376    i.HAL_CAN_RxFifo0MsgPendingCallback  usr_can.o
    0x08000ef4   0x08000ef4   0x00000002   Code   RO          670    i.HAL_CAN_RxFifo1FullCallback  stm32f4xx_hal_can.o
    0x08000ef6   0x08000ef6   0x00000002   Code   RO          671    i.HAL_CAN_RxFifo1MsgPendingCallback  stm32f4xx_hal_can.o
    0x08000ef8   0x08000ef8   0x00000002   Code   RO          672    i.HAL_CAN_SleepCallback  stm32f4xx_hal_can.o
    0x08000efa   0x08000efa   0x00000056   Code   RO          673    i.HAL_CAN_Start     stm32f4xx_hal_can.o
    0x08000f50   0x08000f50   0x00000002   Code   RO          675    i.HAL_CAN_TxMailbox0AbortCallback  stm32f4xx_hal_can.o
    0x08000f52   0x08000f52   0x00000002   Code   RO          676    i.HAL_CAN_TxMailbox0CompleteCallback  stm32f4xx_hal_can.o
    0x08000f54   0x08000f54   0x00000002   Code   RO          677    i.HAL_CAN_TxMailbox1AbortCallback  stm32f4xx_hal_can.o
    0x08000f56   0x08000f56   0x00000002   Code   RO          678    i.HAL_CAN_TxMailbox1CompleteCallback  stm32f4xx_hal_can.o
    0x08000f58   0x08000f58   0x00000002   Code   RO          679    i.HAL_CAN_TxMailbox2AbortCallback  stm32f4xx_hal_can.o
    0x08000f5a   0x08000f5a   0x00000002   Code   RO          680    i.HAL_CAN_TxMailbox2CompleteCallback  stm32f4xx_hal_can.o
    0x08000f5c   0x08000f5c   0x00000002   Code   RO          682    i.HAL_CAN_WakeUpFromRxMsgCallback  stm32f4xx_hal_can.o
    0x08000f5e   0x08000f5e   0x00000092   Code   RO         1343    i.HAL_DMA_Abort     stm32f4xx_hal_dma.o
    0x08000ff0   0x08000ff0   0x00000024   Code   RO         1344    i.HAL_DMA_Abort_IT  stm32f4xx_hal_dma.o
    0x08001014   0x08001014   0x00000088   Code   RO         5139    i.HAL_GPIO_EXTI_Callback  air_joy.o
    0x0800109c   0x0800109c   0x00000018   Code   RO         1235    i.HAL_GPIO_EXTI_IRQHandler  stm32f4xx_hal_gpio.o
    0x080010b4   0x080010b4   0x000001d0   Code   RO         1236    i.HAL_GPIO_Init     stm32f4xx_hal_gpio.o
    0x08001284   0x08001284   0x0000000a   Code   RO         1240    i.HAL_GPIO_WritePin  stm32f4xx_hal_gpio.o
    0x0800128e   0x0800128e   0x00000002   PAD
    0x08001290   0x08001290   0x0000000c   Code   RO         1768    i.HAL_GetTick       stm32f4xx_hal.o
    0x0800129c   0x0800129c   0x00000010   Code   RO         1774    i.HAL_IncTick       stm32f4xx_hal.o
    0x080012ac   0x080012ac   0x00000034   Code   RO         1775    i.HAL_Init          stm32f4xx_hal.o
    0x080012e0   0x080012e0   0x00000098   Code   RO          608    i.HAL_InitTick      stm32f4xx_hal_timebase_tim.o
    0x08001378   0x08001378   0x00000038   Code   RO          584    i.HAL_MspInit       stm32f4xx_hal_msp.o
    0x080013b0   0x080013b0   0x0000001a   Code   RO         1625    i.HAL_NVIC_EnableIRQ  stm32f4xx_hal_cortex.o
    0x080013ca   0x080013ca   0x00000002   PAD
    0x080013cc   0x080013cc   0x00000040   Code   RO         1631    i.HAL_NVIC_SetPriority  stm32f4xx_hal_cortex.o
    0x0800140c   0x0800140c   0x00000024   Code   RO         1632    i.HAL_NVIC_SetPriorityGrouping  stm32f4xx_hal_cortex.o
    0x08001430   0x08001430   0x00000134   Code   RO          882    i.HAL_RCC_ClockConfig  stm32f4xx_hal_rcc.o
    0x08001564   0x08001564   0x00000040   Code   RO          886    i.HAL_RCC_GetClockConfig  stm32f4xx_hal_rcc.o
    0x080015a4   0x080015a4   0x00000020   Code   RO          889    i.HAL_RCC_GetPCLK1Freq  stm32f4xx_hal_rcc.o
    0x080015c4   0x080015c4   0x00000020   Code   RO          890    i.HAL_RCC_GetPCLK2Freq  stm32f4xx_hal_rcc.o
    0x080015e4   0x080015e4   0x00000060   Code   RO          891    i.HAL_RCC_GetSysClockFreq  stm32f4xx_hal_rcc.o
    0x08001644   0x08001644   0x00000358   Code   RO          894    i.HAL_RCC_OscConfig  stm32f4xx_hal_rcc.o
    0x0800199c   0x0800199c   0x00000002   Code   RO         2719    i.HAL_TIMEx_BreakCallback  stm32f4xx_hal_tim_ex.o
    0x0800199e   0x0800199e   0x00000002   Code   RO         2720    i.HAL_TIMEx_CommutCallback  stm32f4xx_hal_tim_ex.o
    0x080019a0   0x080019a0   0x00000090   Code   RO         2738    i.HAL_TIMEx_MasterConfigSynchronization  stm32f4xx_hal_tim_ex.o
    0x08001a30   0x08001a30   0x0000005a   Code   RO         2015    i.HAL_TIM_Base_Init  stm32f4xx_hal_tim.o
    0x08001a8a   0x08001a8a   0x00000002   PAD
    0x08001a8c   0x08001a8c   0x00000038   Code   RO          359    i.HAL_TIM_Base_MspInit  tim.o
    0x08001ac4   0x08001ac4   0x00000080   Code   RO         2020    i.HAL_TIM_Base_Start_IT  stm32f4xx_hal_tim.o
    0x08001b44   0x08001b44   0x000000dc   Code   RO         2024    i.HAL_TIM_ConfigClockSource  stm32f4xx_hal_tim.o
    0x08001c20   0x08001c20   0x00000002   Code   RO         2049    i.HAL_TIM_IC_CaptureCallback  stm32f4xx_hal_tim.o
    0x08001c22   0x08001c22   0x00000166   Code   RO         2063    i.HAL_TIM_IRQHandler  stm32f4xx_hal_tim.o
    0x08001d88   0x08001d88   0x00000002   Code   RO         2066    i.HAL_TIM_OC_DelayElapsedCallback  stm32f4xx_hal_tim.o
    0x08001d8a   0x08001d8a   0x00000002   Code   RO         2093    i.HAL_TIM_PWM_PulseFinishedCallback  stm32f4xx_hal_tim.o
    0x08001d8c   0x08001d8c   0x00000078   Code   RO           14    i.HAL_TIM_PeriodElapsedCallback  main.o
    0x08001e04   0x08001e04   0x00000002   Code   RO         2106    i.HAL_TIM_TriggerCallback  stm32f4xx_hal_tim.o
    0x08001e06   0x08001e06   0x00000002   Code   RO         2997    i.HAL_UARTEx_RxEventCallback  stm32f4xx_hal_uart.o
    0x08001e08   0x08001e08   0x00000002   Code   RO         3011    i.HAL_UART_ErrorCallback  stm32f4xx_hal_uart.o
    0x08001e0a   0x08001e0a   0x00000002   PAD
    0x08001e0c   0x08001e0c   0x00000268   Code   RO         3014    i.HAL_UART_IRQHandler  stm32f4xx_hal_uart.o
    0x08002074   0x08002074   0x00000062   Code   RO         3015    i.HAL_UART_Init     stm32f4xx_hal_uart.o
    0x080020d6   0x080020d6   0x00000002   PAD
    0x080020d8   0x080020d8   0x000000f8   Code   RO          401    i.HAL_UART_MspInit  usart.o
    0x080021d0   0x080021d0   0x00000002   Code   RO         3021    i.HAL_UART_RxCpltCallback  stm32f4xx_hal_uart.o
    0x080021d2   0x080021d2   0x00000002   Code   RO         3026    i.HAL_UART_TxCpltCallback  stm32f4xx_hal_uart.o
    0x080021d4   0x080021d4   0x00000002   Code   RO          459    i.HardFault_Handler  stm32f4xx_it.o
    0x080021d6   0x080021d6   0x00000002   PAD
    0x080021d8   0x080021d8   0x00000054   Code   RO         5209    i.Homeing_Mode      rm_motor.o
    0x0800222c   0x0800222c   0x0000002a   Code   RO         5173    i.LimitMax          pid.o
    0x08002256   0x08002256   0x00000002   PAD
    0x08002258   0x08002258   0x00000088   Code   RO         5210    i.M3508_Send_Currents  rm_motor.o
    0x080022e0   0x080022e0   0x00000048   Code   RO          311    i.MX_CAN1_Init      can.o
    0x08002328   0x08002328   0x00000048   Code   RO          312    i.MX_CAN2_Init      can.o
    0x08002370   0x08002370   0x0000003c   Code   RO          231    i.MX_FREERTOS_Init  freertos.o
    0x080023ac   0x080023ac   0x000000c4   Code   RO          207    i.MX_GPIO_Init      gpio.o
    0x08002470   0x08002470   0x00000068   Code   RO          360    i.MX_TIM2_Init      tim.o
    0x080024d8   0x080024d8   0x00000038   Code   RO          402    i.MX_UART5_Init     usart.o
    0x08002510   0x08002510   0x00000038   Code   RO          403    i.MX_USART1_UART_Init  usart.o
    0x08002548   0x08002548   0x00000022   Code   RO         5211    i.Max_Value_Limit   rm_motor.o
    0x0800256a   0x0800256a   0x00000002   Code   RO          460    i.MemManage_Handler  stm32f4xx_it.o
    0x0800256c   0x0800256c   0x00000014   Code   RO          232    i.MotorCtrlFunction  freertos.o
    0x08002580   0x08002580   0x00000210   Code   RO         5212    i.Motor_Control     rm_motor.o
    0x08002790   0x08002790   0x00000002   Code   RO          461    i.NMI_Handler       stm32f4xx_it.o
    0x08002792   0x08002792   0x00000002   PAD
    0x08002794   0x08002794   0x00000054   Code   RO         5214    i.Position_Control  rm_motor.o
    0x080027e8   0x080027e8   0x0000001c   Code   RO         5468    i.R1_config         fsm.o
    0x08002804   0x08002804   0x000000ec   Code   RO         5215    i.RM_MOTOR_Angle_Integral  rm_motor.o
    0x080028f0   0x080028f0   0x0000005c   Code   RO         5415    i.ROBOT_CHASSIS_INIT  chassis.o
    0x0800294c   0x0800294c   0x0000000a   Code   RO         5216    i.Speed_Control     rm_motor.o
    0x08002956   0x08002956   0x00000008   Code   RO          233    i.StartDefaultTask  freertos.o
    0x0800295e   0x0800295e   0x0000001a   Code   RO         4491    i.SysTick_Handler   cmsis_os2.o
    0x08002978   0x08002978   0x00000094   Code   RO           15    i.SystemClock_Config  main.o
    0x08002a0c   0x08002a0c   0x00000010   Code   RO         3344    i.SystemInit        system_stm32f4xx.o
    0x08002a1c   0x08002a1c   0x0000000c   Code   RO          462    i.TIM2_IRQHandler   stm32f4xx_it.o
    0x08002a28   0x08002a28   0x0000000c   Code   RO          463    i.TIM3_IRQHandler   stm32f4xx_it.o
    0x08002a34   0x08002a34   0x000000c8   Code   RO         2108    i.TIM_Base_SetConfig  stm32f4xx_hal_tim.o
    0x08002afc   0x08002afc   0x00000014   Code   RO         2119    i.TIM_ETR_SetConfig  stm32f4xx_hal_tim.o
    0x08002b10   0x08002b10   0x00000010   Code   RO         2120    i.TIM_ITRx_SetConfig  stm32f4xx_hal_tim.o
    0x08002b20   0x08002b20   0x00000022   Code   RO         2126    i.TIM_TI1_ConfigInputStage  stm32f4xx_hal_tim.o
    0x08002b42   0x08002b42   0x00000024   Code   RO         2128    i.TIM_TI2_ConfigInputStage  stm32f4xx_hal_tim.o
    0x08002b66   0x08002b66   0x00000002   PAD
    0x08002b68   0x08002b68   0x0000000c   Code   RO          464    i.UART5_IRQHandler  stm32f4xx_it.o
    0x08002b74   0x08002b74   0x00000010   Code   RO         3028    i.UART_DMAAbortOnError  stm32f4xx_hal_uart.o
    0x08002b84   0x08002b84   0x0000004e   Code   RO         3038    i.UART_EndRxTransfer  stm32f4xx_hal_uart.o
    0x08002bd2   0x08002bd2   0x000000c0   Code   RO         3040    i.UART_Receive_IT   stm32f4xx_hal_uart.o
    0x08002c92   0x08002c92   0x00000002   PAD
    0x08002c94   0x08002c94   0x0000010c   Code   RO         3041    i.UART_SetConfig    stm32f4xx_hal_uart.o
    0x08002da0   0x08002da0   0x0000000c   Code   RO          465    i.USART1_IRQHandler  stm32f4xx_it.o
    0x08002dac   0x08002dac   0x00000224   Code   RO         5469    i.Upper_INIT        fsm.o
    0x08002fd0   0x08002fd0   0x00000002   Code   RO          466    i.UsageFault_Handler  stm32f4xx_it.o
    0x08002fd2   0x08002fd2   0x00000002   PAD
    0x08002fd4   0x08002fd4   0x00000230   Code   RO         5218    i.Velocity_Planning_MODE  rm_motor.o
    0x08003204   0x08003204   0x00000020   Code   RO         1638    i.__NVIC_SetPriority  stm32f4xx_hal_cortex.o
    0x08003224   0x08003224   0x0000007a   Code   RO         5582    i.__hardfp_sqrt     m_wm.l(sqrt.o)
    0x0800329e   0x0800329e   0x00000002   PAD
    0x080032a0   0x080032a0   0x0000001c   Code   RO         5470    i.belt_calc         fsm.o
    0x080032bc   0x080032bc   0x0000003c   Code   RO         5314    i.belt_ctrl         upper.o
    0x080032f8   0x080032f8   0x00000074   Code   RO         5377    i.can_filter_init   usr_can.o
    0x0800336c   0x0800336c   0x000000cc   Code   RO         5416    i.chassis_kinematic  chassis.o
    0x08003438   0x08003438   0x00000100   Code   RO         5471    i.chassis_motor_init  fsm.o
    0x08003538   0x08003538   0x0000001c   Code   RO         5315    i.claw_hold         upper.o
    0x08003554   0x08003554   0x00000020   Code   RO         5472    i.claw_init_state   fsm.o
    0x08003574   0x08003574   0x00000048   Code   RO         5316    i.claw_motor        upper.o
    0x080035bc   0x080035bc   0x00000020   Code   RO         5473    i.claw_work_state   fsm.o
    0x080035dc   0x080035dc   0x000000ac   Code   RO         5474    i.free_ctrl         fsm.o
    0x08003688   0x08003688   0x0000021c   Code   RO         5475    i.fsm               fsm.o
    0x080038a4   0x080038a4   0x0000007c   Code   RO         5417    i.get_chassis_motor_measure  chassis.o
    0x08003920   0x08003920   0x000000c8   Code   RO         5220    i.get_motor_measure  rm_motor.o
    0x080039e8   0x080039e8   0x0000001c   Code   RO         5317    i.lift_hold         upper.o
    0x08003a04   0x08003a04   0x0000002c   Code   RO         5476    i.lift_init_state   fsm.o
    0x08003a30   0x08003a30   0x00000048   Code   RO         5318    i.lift_motor        upper.o
    0x08003a78   0x08003a78   0x0000002c   Code   RO         5477    i.lift_work_state   fsm.o
    0x08003aa4   0x08003aa4   0x0000005c   Code   RO         5319    i.lim               upper.o
    0x08003b00   0x08003b00   0x00000038   Code   RO           16    i.main              main.o
    0x08003b38   0x08003b38   0x0000001a   Code   RO         4493    i.osDelay           cmsis_os2.o
    0x08003b52   0x08003b52   0x00000002   PAD
    0x08003b54   0x08003b54   0x00000024   Code   RO         4507    i.osKernelInitialize  cmsis_os2.o
    0x08003b78   0x08003b78   0x00000038   Code   RO         4510    i.osKernelStart     cmsis_os2.o
    0x08003bb0   0x08003bb0   0x00000068   Code   RO         4533    i.osMutexNew        cmsis_os2.o
    0x08003c18   0x08003c18   0x00000088   Code   RO         4552    i.osThreadNew       cmsis_os2.o
    0x08003ca0   0x08003ca0   0x000001bc   Code   RO         5174    i.pid_calc          pid.o
    0x08003e5c   0x08003e5c   0x00000024   Code   RO         5175    i.pid_param_init    pid.o
    0x08003e80   0x08003e80   0x0000005c   Code   RO         3952    i.prvAddCurrentTaskToDelayedList  tasks.o
    0x08003edc   0x08003edc   0x000000d0   Code   RO         3953    i.prvAddNewTaskToReadyList  tasks.o
    0x08003fac   0x08003fac   0x00000058   Code   RO         4317    i.prvCheckForValidListAndQueue  timers.o
    0x08004004   0x08004004   0x00000026   Code   RO         3549    i.prvCopyDataFromQueue  queue.o
    0x0800402a   0x0800402a   0x0000006c   Code   RO         3550    i.prvCopyDataToQueue  queue.o
    0x08004096   0x08004096   0x00000034   Code   RO         3954    i.prvDeleteTCB      tasks.o
    0x080040ca   0x080040ca   0x00000002   PAD
    0x080040cc   0x080040cc   0x0000004c   Code   RO         5004    i.prvHeapInit       heap_4.o
    0x08004118   0x08004118   0x0000005c   Code   RO         3955    i.prvIdleTask       tasks.o
    0x08004174   0x08004174   0x00000016   Code   RO         3551    i.prvInitialiseMutex  queue.o
    0x0800418a   0x0800418a   0x00000020   Code   RO         3552    i.prvInitialiseNewQueue  queue.o
    0x080041aa   0x080041aa   0x000000aa   Code   RO         3956    i.prvInitialiseNewTask  tasks.o
    0x08004254   0x08004254   0x0000004c   Code   RO         5005    i.prvInsertBlockIntoFreeList  heap_4.o
    0x080042a0   0x080042a0   0x00000038   Code   RO         4319    i.prvInsertTimerInActiveList  timers.o
    0x080042d8   0x080042d8   0x0000001a   Code   RO         3553    i.prvIsQueueEmpty   queue.o
    0x080042f2   0x080042f2   0x00000002   PAD
    0x080042f4   0x080042f4   0x000000fc   Code   RO         4320    i.prvProcessReceivedCommands  timers.o
    0x080043f0   0x080043f0   0x000000c0   Code   RO         4321    i.prvProcessTimerOrBlockTask  timers.o
    0x080044b0   0x080044b0   0x00000020   Code   RO         3958    i.prvResetNextTaskUnblockTime  tasks.o
    0x080044d0   0x080044d0   0x00000028   Code   RO         4322    i.prvSampleTimeNow  timers.o
    0x080044f8   0x080044f8   0x0000006c   Code   RO         4323    i.prvSwitchTimerLists  timers.o
    0x08004564   0x08004564   0x00000028   Code   RO         5060    i.prvTaskExitError  port.o
    0x0800458c   0x0800458c   0x00000028   Code   RO         4324    i.prvTimerTask      timers.o
    0x080045b4   0x080045b4   0x0000006a   Code   RO         3554    i.prvUnlockQueue    queue.o
    0x0800461e   0x0800461e   0x00000002   PAD
    0x08004620   0x08004620   0x000000dc   Code   RO         5006    i.pvPortMalloc      heap_4.o
    0x080046fc   0x080046fc   0x0000002c   Code   RO         5061    i.pxPortInitialiseStack  port.o
    0x08004728   0x08004728   0x00000026   Code   RO         3509    i.uxListRemove      list.o
    0x0800474e   0x0800474e   0x00000002   PAD
    0x08004750   0x08004750   0x00000014   Code   RO         4564    i.vApplicationGetIdleTaskMemory  cmsis_os2.o
    0x08004764   0x08004764   0x00000018   Code   RO         4565    i.vApplicationGetTimerTaskMemory  cmsis_os2.o
    0x0800477c   0x0800477c   0x00000016   Code   RO         3510    i.vListInitialise   list.o
    0x08004792   0x08004792   0x00000006   Code   RO         3511    i.vListInitialiseItem  list.o
    0x08004798   0x08004798   0x00000030   Code   RO         3512    i.vListInsert       list.o
    0x080047c8   0x080047c8   0x00000018   Code   RO         3513    i.vListInsertEnd    list.o
    0x080047e0   0x080047e0   0x00000040   Code   RO         5063    i.vPortEnterCritical  port.o
    0x08004820   0x08004820   0x00000028   Code   RO         5064    i.vPortExitCritical  port.o
    0x08004848   0x08004848   0x00000064   Code   RO         5007    i.vPortFree         heap_4.o
    0x080048ac   0x080048ac   0x00000024   Code   RO         5065    i.vPortSetupTimerInterrupt  port.o
    0x080048d0   0x080048d0   0x00000054   Code   RO         5066    i.vPortValidateInterruptPriority  port.o
    0x08004924   0x08004924   0x00000024   Code   RO         3560    i.vQueueAddToRegistry  queue.o
    0x08004948   0x08004948   0x00000044   Code   RO         3564    i.vQueueWaitForMessageRestricted  queue.o
    0x0800498c   0x0800498c   0x0000004c   Code   RO         3971    i.vTaskDelay        tasks.o
    0x080049d8   0x080049d8   0x00000010   Code   RO         3976    i.vTaskInternalSetTimeOutState  tasks.o
    0x080049e8   0x080049e8   0x0000000c   Code   RO         3977    i.vTaskMissedYield  tasks.o
    0x080049f4   0x080049f4   0x00000030   Code   RO         3979    i.vTaskPlaceOnEventList  tasks.o
    0x08004a24   0x08004a24   0x00000038   Code   RO         3980    i.vTaskPlaceOnEventListRestricted  tasks.o
    0x08004a5c   0x08004a5c   0x00000084   Code   RO         3988    i.vTaskStartScheduler  tasks.o
    0x08004ae0   0x08004ae0   0x00000010   Code   RO         3990    i.vTaskSuspendAll   tasks.o
    0x08004af0   0x08004af0   0x00000064   Code   RO         3991    i.vTaskSwitchContext  tasks.o
    0x08004b54   0x08004b54   0x000000f4   Code   RO         5067    i.xPortStartScheduler  port.o
    0x08004c48   0x08004c48   0x0000002c   Code   RO         5068    i.xPortSysTickHandler  port.o
    0x08004c74   0x08004c74   0x00000016   Code   RO         3567    i.xQueueCreateMutex  queue.o
    0x08004c8a   0x08004c8a   0x0000001a   Code   RO         3568    i.xQueueCreateMutexStatic  queue.o
    0x08004ca4   0x08004ca4   0x00000042   Code   RO         3569    i.xQueueGenericCreate  queue.o
    0x08004ce6   0x08004ce6   0x00000066   Code   RO         3570    i.xQueueGenericCreateStatic  queue.o
    0x08004d4c   0x08004d4c   0x00000088   Code   RO         3571    i.xQueueGenericReset  queue.o
    0x08004dd4   0x08004dd4   0x00000164   Code   RO         3572    i.xQueueGenericSend  queue.o
    0x08004f38   0x08004f38   0x000000be   Code   RO         3573    i.xQueueGenericSendFromISR  queue.o
    0x08004ff6   0x08004ff6   0x00000002   PAD
    0x08004ff8   0x08004ff8   0x00000138   Code   RO         3582    i.xQueueReceive     queue.o
    0x08005130   0x08005130   0x00000074   Code   RO         3993    i.xTaskCheckForTimeOut  tasks.o
    0x080051a4   0x080051a4   0x0000005a   Code   RO         3994    i.xTaskCreate       tasks.o
    0x080051fe   0x080051fe   0x0000005a   Code   RO         3995    i.xTaskCreateStatic  tasks.o
    0x08005258   0x08005258   0x0000001c   Code   RO         3999    i.xTaskGetSchedulerState  tasks.o
    0x08005274   0x08005274   0x0000000c   Code   RO         4000    i.xTaskGetTickCount  tasks.o
    0x08005280   0x08005280   0x000000c8   Code   RO         4002    i.xTaskIncrementTick  tasks.o
    0x08005348   0x08005348   0x0000007c   Code   RO         4005    i.xTaskPriorityDisinherit  tasks.o
    0x080053c4   0x080053c4   0x00000070   Code   RO         4007    i.xTaskRemoveFromEventList  tasks.o
    0x08005434   0x08005434   0x000000c0   Code   RO         4008    i.xTaskResumeAll    tasks.o
    0x080054f4   0x080054f4   0x00000060   Code   RO         4333    i.xTimerCreateTimerTask  timers.o
    0x08005554   0x08005554   0x00000064   Code   RO         4334    i.xTimerGenericCommand  timers.o
    0x080055b8   0x080055b8   0x00000062   Code   RO         5562    x$fpl$d2f           fz_wm.l(d2f.o)
    0x0800561a   0x0800561a   0x00000002   PAD
    0x0800561c   0x0800561c   0x00000150   Code   RO         5564    x$fpl$dadd          fz_wm.l(daddsub_clz.o)
    0x0800576c   0x0800576c   0x00000018   Code   RO         5640    x$fpl$dcmpinf       fz_wm.l(dcmpi.o)
    0x08005784   0x08005784   0x0000002e   Code   RO         5571    x$fpl$dflt          fz_wm.l(dflt_clz.o)
    0x080057b2   0x080057b2   0x00000002   PAD
    0x080057b4   0x080057b4   0x00000078   Code   RO         5605    x$fpl$dleqf         fz_wm.l(dleqf.o)
    0x0800582c   0x0800582c   0x00000154   Code   RO         5576    x$fpl$dmul          fz_wm.l(dmul.o)
    0x08005980   0x08005980   0x0000009c   Code   RO         5607    x$fpl$dnaninf       fz_wm.l(dnaninf.o)
    0x08005a1c   0x08005a1c   0x0000000c   Code   RO         5609    x$fpl$dretinf       fz_wm.l(dretinf.o)
    0x08005a28   0x08005a28   0x0000006c   Code   RO         5578    x$fpl$drleqf        fz_wm.l(drleqf.o)
    0x08005a94   0x08005a94   0x00000198   Code   RO         5611    x$fpl$dsqrt         fz_wm.l(dsqrt_umaal.o)
    0x08005c2c   0x08005c2c   0x000001d4   Code   RO         5566    x$fpl$dsub          fz_wm.l(daddsub_clz.o)
    0x08005e00   0x08005e00   0x00000056   Code   RO         5580    x$fpl$f2d           fz_wm.l(f2d.o)
    0x08005e56   0x08005e56   0x0000008c   Code   RO         5613    x$fpl$fnaninf       fz_wm.l(fnaninf.o)
    0x08005ee2   0x08005ee2   0x0000000a   Code   RO         5727    x$fpl$fpinit        fz_wm.l(fpinit.o)
    0x08005eec   0x08005eec   0x0000000a   Code   RO         5615    x$fpl$fretinf       fz_wm.l(fretinf.o)
    0x08005ef6   0x08005ef6   0x00000000   Code   RO         5617    x$fpl$usenofp       fz_wm.l(usenofp.o)
    0x08005ef6   0x08005ef6   0x00000002   PAD
    0x08005ef8   0x08005ef8   0x00000058   Data   RO          234    .constdata          freertos.o
    0x08005f50   0x08005f50   0x00000010   Data   RO         3345    .constdata          system_stm32f4xx.o
    0x08005f60   0x08005f60   0x00000008   Data   RO         3346    .constdata          system_stm32f4xx.o
    0x08005f68   0x08005f68   0x00000022   Data   RO          235    .conststring        freertos.o
    0x08005f8a   0x08005f8a   0x00000002   PAD
    0x08005f8c   0x08005f8c   0x00000020   Data   RO         5785    Region$$Table       anon$$obj.o


    Execution Region RW_IRAM1 (Exec base: 0x20000000, Load base: 0x08005fac, Size: 0x00005e90, Max: 0x0001c000, ABSOLUTE)

    Exec Addr    Load Addr    Size         Type   Attr      Idx    E Section Name        Object

    0x20000000   0x08005fac   0x0000000c   Data   RW          236    .data               freertos.o
    0x2000000c   0x08005fb8   0x00000004   Data   RW          314    .data               can.o
    0x20000010   0x08005fbc   0x0000000c   Data   RW         1782    .data               stm32f4xx_hal.o
    0x2000001c   0x08005fc8   0x00000004   Data   RW         3347    .data               system_stm32f4xx.o
    0x20000020   0x08005fcc   0x0000003c   Data   RW         4011    .data               tasks.o
    0x2000005c   0x08006008   0x00000014   Data   RW         4342    .data               timers.o
    0x20000070   0x0800601c   0x00000004   Data   RW         4567    .data               cmsis_os2.o
    0x20000074   0x08006020   0x00000020   Data   RW         5013    .data               heap_4.o
    0x20000094   0x08006040   0x0000000c   Data   RW         5069    .data               port.o
    0x200000a0   0x0800604c   0x00000008   Data   RW         5141    .data               air_joy.o
    0x200000a8   0x08006054   0x00000002   Data   RW         5142    .data               air_joy.o
    0x200000aa   0x08006056   0x00000002   PAD
    0x200000ac   0x08006058   0x00000018   Data   RW         5143    .data               air_joy.o
    0x200000c4   0x08006070   0x00000004   Data   RW         5144    .data               air_joy.o
    0x200000c8   0x08006074   0x00000004   Data   RW         5223    .data               rm_motor.o
    0x200000cc   0x08006078   0x00000008   Data   RW         5478    .data               fsm.o
    0x200000d4        -       0x00000050   Zero   RW          313    .bss                can.o
    0x20000124        -       0x00000048   Zero   RW          361    .bss                tim.o
    0x2000016c        -       0x00000088   Zero   RW          404    .bss                usart.o
    0x200001f4        -       0x00000048   Zero   RW          611    .bss                stm32f4xx_hal_timebase_tim.o
    0x2000023c        -       0x00000040   Zero   RW         3586    .bss                queue.o
    0x2000027c        -       0x000004c4   Zero   RW         4010    .bss                tasks.o
    0x20000740        -       0x00000118   Zero   RW         4341    .bss                timers.o
    0x20000858        -       0x000006b8   Zero   RW         4566    .bss                cmsis_os2.o
    0x20000f10        -       0x00003c00   Zero   RW         5012    .bss                heap_4.o
    0x20004b10        -       0x00000028   Zero   RW         5140    .bss                air_joy.o
    0x20004b38        -       0x000008f8   Zero   RW         5221    .bss                rm_motor.o
    0x20005430        -       0x0000004c   Zero   RW         5222    .bss                rm_motor.o
    0x2000547c        -       0x000003b0   Zero   RW         5418    .bss                chassis.o
    0x2000582c        -       0x00000060   Zero   RW         5643    .bss                c_w.l(libspace.o)
    0x2000588c   0x08006080   0x00000004   PAD
    0x20005890        -       0x00000200   Zero   RW            2    HEAP                startup_stm32f407xx.o
    0x20005a90        -       0x00000400   Zero   RW            1    STACK               startup_stm32f407xx.o


    Execution Region RW_IRAM2 (Exec base: 0x2001c000, Load base: 0x08006080, Size: 0x00000000, Max: 0x00004000, ABSOLUTE)

    **** No section assigned to this execution region ****


==============================================================================

Image component sizes


      Code (inc. data)   RO Data    RW Data    ZI Data      Debug   Object Name

       136         10          0         38         40       1657   air_joy.o
       492         44          0          4         80       2518   can.o
       520         42          0          0        944       3107   chassis.o
       428         22          0          4       1720      65940   cmsis_os2.o
         0          0          0          0          0      19420   event_groups.o
        88         18        122         12          0       2559   freertos.o
      1724        194          0          8          0       6541   fsm.o
       196         12          0          0          0       1027   gpio.o
       472         24          0         32      15360       4907   heap_4.o
       138          0          0          0          0       3510   list.o
       328         36          0          0          0     714208   main.o
       522         12          0          0          0       3163   pid.o
       786         80          0         12          0      11429   port.o
      1646         18          0          0         64      20288   queue.o
      1872         98          0          4       2372       9491   rm_motor.o
        64         26        392          0       1536        836   startup_stm32f407xx.o
        80         14          0         12          0       8042   stm32f4xx_hal.o
      1656          6          0          0          0      14459   stm32f4xx_hal_can.o
       158         14          0          0          0      33090   stm32f4xx_hal_cortex.o
       182          0          0          0          0       2079   stm32f4xx_hal_dma.o
       498         52          0          0          0       2895   stm32f4xx_hal_gpio.o
        56          4          0          0          0        854   stm32f4xx_hal_msp.o
      1388         82          0          0          0       5997   stm32f4xx_hal_rcc.o
      1110         72          0          0          0      10341   stm32f4xx_hal_tim.o
       148         28          0          0          0       2517   stm32f4xx_hal_tim_ex.o
       152         20          0          0         72       1463   stm32f4xx_hal_timebase_tim.o
      1276         16          0          0          0       8368   stm32f4xx_hal_uart.o
       162         72          0          0          0       8779   stm32f4xx_it.o
         0          0          0          0          0        392   stream_buffer.o
        16          4         24          4          0       1111   system_stm32f4xx.o
      2066        160          0         60       1220      26804   tasks.o
       160         12          0          0         72       1670   tim.o
       972         82          0         20        280      32055   timers.o
       352         50          0          0          0       3212   upper.o
       360         40          0          0        136       2441   usart.o
       236         26          0          0          0       1730   usr_can.o

    ----------------------------------------------------------------------
     20478       1390        572        212      23896    1038900   Object Totals
         0          0         32          0          0          0   (incl. Generated)
        38          0          2          2          0          0   (incl. Padding)

    ----------------------------------------------------------------------

      Code (inc. data)   RO Data    RW Data    ZI Data      Debug   Library Member Name

         8          0          0          0          0         68   __main.o
         0          0          0          0          0          0   __rtentry.o
        12          0          0          0          0          0   __rtentry2.o
         6          0          0          0          0          0   __rtentry4.o
        52          8          0          0          0          0   __scatter.o
        26          0          0          0          0          0   __scatter_copy.o
        28          0          0          0          0          0   __scatter_zi.o
        22          0          0          0          0        100   _rserrno.o
        16          0          0          0          0         68   aeabi_memset.o
        18          0          0          0          0         80   exit.o
         6          0          0          0          0        152   heapauxi.o
         0          0          0          0          0          0   indicate_semi.o
         2          0          0          0          0          0   libinit.o
         6          0          0          0          0          0   libinit2.o
         2          0          0          0          0          0   libshutdown.o
         2          0          0          0          0          0   libshutdown2.o
         8          4          0          0         96         68   libspace.o
       238          0          0          0          0        100   lludivv7m.o
         8          4          0          0          0         68   rt_errno_addr_intlibspace.o
        68          0          0          0          0         68   rt_memclr.o
        78          0          0          0          0         80   rt_memclr_w.o
       138          0          0          0          0         68   rt_memcpy_v6.o
       100          0          0          0          0         80   rt_memcpy_w.o
         2          0          0          0          0          0   rtexit.o
        10          0          0          0          0          0   rtexit2.o
        12          4          0          0          0         68   sys_exit.o
        74          0          0          0          0         80   sys_stackheap_outer.o
         2          0          0          0          0         68   use_no_semi.o
        98          4          0          0          0        140   d2f.o
       804         16          0          0          0        368   daddsub_clz.o
        24          0          0          0          0        116   dcmpi.o
        46          0          0          0          0        116   dflt_clz.o
       120          4          0          0          0        140   dleqf.o
       340         12          0          0          0        152   dmul.o
       156          4          0          0          0        140   dnaninf.o
        12          0          0          0          0        116   dretinf.o
       108          0          0          0          0        128   drleqf.o
       408         56          0          0          0        168   dsqrt_umaal.o
        86          4          0          0          0        132   f2d.o
       140          4          0          0          0        132   fnaninf.o
        10          0          0          0          0        116   fpinit.o
        10          0          0          0          0        116   fretinf.o
         0          0          0          0          0          0   usenofp.o
       122          0          0          0          0        148   sqrt.o

    ----------------------------------------------------------------------
      3442        124          0          0        100       3444   Library Totals
        14          0          0          0          4          0   (incl. Padding)

    ----------------------------------------------------------------------

      Code (inc. data)   RO Data    RW Data    ZI Data      Debug   Library Name

       944         20          0          0         96       1216   c_w.l
      2362        104          0          0          0       2080   fz_wm.l
       122          0          0          0          0        148   m_wm.l

    ----------------------------------------------------------------------
      3442        124          0          0        100       3444   Library Totals

    ----------------------------------------------------------------------

==============================================================================


      Code (inc. data)   RO Data    RW Data    ZI Data      Debug   

     23920       1514        572        212      23996    1020872   Grand Totals
     23920       1514        572        212      23996    1020872   ELF Image Totals
     23920       1514        572        212          0          0   ROM Totals

==============================================================================

    Total RO  Size (Code + RO Data)                24492 (  23.92kB)
    Total RW  Size (RW Data + ZI Data)             24208 (  23.64kB)
    Total ROM Size (Code + RO Data + RW Data)      24704 (  24.13kB)

==============================================================================

