Component: ARM Compiler 5.06 update 7 (build 960) Tool: armlink [4d3601]

==============================================================================

Section Cross References

    startup_stm32f407xx.o(STACK) refers (Special) to heapauxi.o(.text) for __use_two_region_memory
    startup_stm32f407xx.o(HEAP) refers (Special) to heapauxi.o(.text) for __use_two_region_memory
    startup_stm32f407xx.o(RESET) refers (Special) to heapauxi.o(.text) for __use_two_region_memory
    startup_stm32f407xx.o(RESET) refers to startup_stm32f407xx.o(STACK) for __initial_sp
    startup_stm32f407xx.o(RESET) refers to startup_stm32f407xx.o(.text) for Reset_Handler
    startup_stm32f407xx.o(RESET) refers to stm32f4xx_it.o(i.NMI_Handler) for NMI_Handler
    startup_stm32f407xx.o(RESET) refers to stm32f4xx_it.o(i.HardFault_Handler) for HardFault_Handler
    startup_stm32f407xx.o(RESET) refers to stm32f4xx_it.o(i.MemManage_Handler) for MemManage_Handler
    startup_stm32f407xx.o(RESET) refers to stm32f4xx_it.o(i.BusFault_Handler) for BusFault_Handler
    startup_stm32f407xx.o(RESET) refers to stm32f4xx_it.o(i.UsageFault_Handler) for UsageFault_Handler
    startup_stm32f407xx.o(RESET) refers to port.o(.emb_text) for SVC_Handler
    startup_stm32f407xx.o(RESET) refers to stm32f4xx_it.o(i.DebugMon_Handler) for DebugMon_Handler
    startup_stm32f407xx.o(RESET) refers to cmsis_os2.o(i.SysTick_Handler) for SysTick_Handler
    startup_stm32f407xx.o(RESET) refers to stm32f4xx_it.o(i.CAN1_TX_IRQHandler) for CAN1_TX_IRQHandler
    startup_stm32f407xx.o(RESET) refers to stm32f4xx_it.o(i.CAN1_RX0_IRQHandler) for CAN1_RX0_IRQHandler
    startup_stm32f407xx.o(RESET) refers to stm32f4xx_it.o(i.CAN1_RX1_IRQHandler) for CAN1_RX1_IRQHandler
    startup_stm32f407xx.o(RESET) refers to stm32f4xx_it.o(i.CAN1_SCE_IRQHandler) for CAN1_SCE_IRQHandler
    startup_stm32f407xx.o(RESET) refers to stm32f4xx_it.o(i.EXTI9_5_IRQHandler) for EXTI9_5_IRQHandler
    startup_stm32f407xx.o(RESET) refers to stm32f4xx_it.o(i.TIM2_IRQHandler) for TIM2_IRQHandler
    startup_stm32f407xx.o(RESET) refers to stm32f4xx_it.o(i.TIM3_IRQHandler) for TIM3_IRQHandler
    startup_stm32f407xx.o(RESET) refers to stm32f4xx_it.o(i.USART1_IRQHandler) for USART1_IRQHandler
    startup_stm32f407xx.o(RESET) refers to stm32f4xx_it.o(i.UART5_IRQHandler) for UART5_IRQHandler
    startup_stm32f407xx.o(RESET) refers to stm32f4xx_it.o(i.CAN2_TX_IRQHandler) for CAN2_TX_IRQHandler
    startup_stm32f407xx.o(RESET) refers to stm32f4xx_it.o(i.CAN2_RX0_IRQHandler) for CAN2_RX0_IRQHandler
    startup_stm32f407xx.o(RESET) refers to stm32f4xx_it.o(i.CAN2_RX1_IRQHandler) for CAN2_RX1_IRQHandler
    startup_stm32f407xx.o(RESET) refers to stm32f4xx_it.o(i.CAN2_SCE_IRQHandler) for CAN2_SCE_IRQHandler
    startup_stm32f407xx.o(.text) refers (Special) to heapauxi.o(.text) for __use_two_region_memory
    startup_stm32f407xx.o(.text) refers to system_stm32f4xx.o(i.SystemInit) for SystemInit
    startup_stm32f407xx.o(.text) refers to __main.o(!!!main) for __main
    startup_stm32f407xx.o(.text) refers to startup_stm32f407xx.o(HEAP) for Heap_Mem
    startup_stm32f407xx.o(.text) refers to startup_stm32f407xx.o(STACK) for Stack_Mem
    main.o(i.HAL_TIM_PeriodElapsedCallback) refers to stm32f4xx_hal.o(i.HAL_IncTick) for HAL_IncTick
    main.o(i.HAL_TIM_PeriodElapsedCallback) refers to air_joy.o(.data) for TIME_ISR_CNT
    main.o(i.HAL_TIM_PeriodElapsedCallback) refers to air_joy.o(.data) for LAST_TIME_ISR_CNT
    main.o(i.HAL_TIM_PeriodElapsedCallback) refers to air_joy.o(.data) for Microsecond_Cnt
    main.o(i.HAL_TIM_PeriodElapsedCallback) refers to air_joy.o(.data) for Time_Sys
    main.o(i.SystemClock_Config) refers to rt_memclr_w.o(.text) for __aeabi_memclr4
    main.o(i.SystemClock_Config) refers to stm32f4xx_hal_rcc.o(i.HAL_RCC_OscConfig) for HAL_RCC_OscConfig
    main.o(i.SystemClock_Config) refers to stm32f4xx_hal_rcc.o(i.HAL_RCC_ClockConfig) for HAL_RCC_ClockConfig
    main.o(i.main) refers to stm32f4xx_hal.o(i.HAL_Init) for HAL_Init
    main.o(i.main) refers to main.o(i.SystemClock_Config) for SystemClock_Config
    main.o(i.main) refers to gpio.o(i.MX_GPIO_Init) for MX_GPIO_Init
    main.o(i.main) refers to can.o(i.MX_CAN1_Init) for MX_CAN1_Init
    main.o(i.main) refers to can.o(i.MX_CAN2_Init) for MX_CAN2_Init
    main.o(i.main) refers to tim.o(i.MX_TIM2_Init) for MX_TIM2_Init
    main.o(i.main) refers to usart.o(i.MX_UART5_Init) for MX_UART5_Init
    main.o(i.main) refers to usart.o(i.MX_USART1_UART_Init) for MX_USART1_UART_Init
    main.o(i.main) refers to stm32f4xx_hal_tim.o(i.HAL_TIM_Base_Start_IT) for HAL_TIM_Base_Start_IT
    main.o(i.main) refers to cmsis_os2.o(i.osKernelInitialize) for osKernelInitialize
    main.o(i.main) refers to freertos.o(i.MX_FREERTOS_Init) for MX_FREERTOS_Init
    main.o(i.main) refers to cmsis_os2.o(i.osKernelStart) for osKernelStart
    main.o(i.main) refers to tim.o(.bss) for htim2
    gpio.o(i.MX_GPIO_Init) refers to rt_memclr_w.o(.text) for __aeabi_memclr4
[...]
    ucMaxSysCallPriority                     0x20000094   Data           1  port.o(.data)
    uxCriticalNesting                        0x20000098   Data           4  port.o(.data)
    ulMaxPRIGROUPValue                       0x2000009c   Data           4  port.o(.data)
    .data                                    0x200000a0   Section        8  air_joy.o(.data)
    .data                                    0x200000a8   Section        2  air_joy.o(.data)
    .data                                    0x200000ac   Section       24  air_joy.o(.data)
    ppm_ready                                0x200000ad   Data           1  air_joy.o(.data)
    ppm_sample_cnt                           0x200000ae   Data           1  air_joy.o(.data)
    ppm_time_delta                           0x200000b0   Data           2  air_joy.o(.data)
    last_ppm_time                            0x200000bc   Data           4  air_joy.o(.data)
    now_ppm_time                             0x200000c0   Data           4  air_joy.o(.data)
    .data                                    0x200000c4   Section        4  air_joy.o(.data)
    .data                                    0x200000c8   Section        4  rm_motor.o(.data)
    Delta_Pos                                0x200000c8   Data           4  rm_motor.o(.data)
    .bss                                     0x200000cc   Section       80  can.o(.bss)
    .bss                                     0x2000011c   Section       72  tim.o(.bss)
    .bss                                     0x20000164   Section      136  usart.o(.bss)
    .bss                                     0x200001ec   Section       72  stm32f4xx_hal_timebase_tim.o(.bss)
    .bss                                     0x20000234   Section       64  queue.o(.bss)
    .bss                                     0x20000274   Section     1220  tasks.o(.bss)
    pxReadyTasksLists                        0x20000274   Data        1120  tasks.o(.bss)
    xDelayedTaskList1                        0x200006d4   Data          20  tasks.o(.bss)
    xDelayedTaskList2                        0x200006e8   Data          20  tasks.o(.bss)
    xPendingReadyList                        0x200006fc   Data          20  tasks.o(.bss)
    xTasksWaitingTermination                 0x20000710   Data          20  tasks.o(.bss)
    xSuspendedTaskList                       0x20000724   Data          20  tasks.o(.bss)
    .bss                                     0x20000738   Section      280  timers.o(.bss)
    xStaticTimerQueue                        0x20000738   Data          80  timers.o(.bss)
    ucStaticTimerQueueStorage                0x20000788   Data         160  timers.o(.bss)
    xActiveTimerList1                        0x20000828   Data          20  timers.o(.bss)
    xActiveTimerList2                        0x2000083c   Data          20  timers.o(.bss)
    .bss                                     0x20000850   Section     1720  cmsis_os2.o(.bss)
    Idle_TCB                                 0x20000850   Data          92  cmsis_os2.o(.bss)
    Idle_Stack                               0x200008ac   Data         512  cmsis_os2.o(.bss)
    Timer_TCB                                0x20000aac   Data          92  cmsis_os2.o(.bss)
    Timer_Stack                              0x20000b08   Data        1024  cmsis_os2.o(.bss)
    .bss                                     0x20000f08   Section    15360  heap_4.o(.bss)
    ucHeap                                   0x20000f08   Data       15360  heap_4.o(.bss)
    .bss                                     0x20004b08   Section       40  air_joy.o(.bss)
    PPM_buf                                  0x20004b08   Data          20  air_joy.o(.bss)
    .bss                                     0x20004b30   Section     2296  rm_motor.o(.bss)
    .bss                                     0x20005428   Section       76  rm_motor.o(.bss)
    .bss                                     0x20005474   Section      944  chassis.o(.bss)
    .bss                                     0x20005824   Section       96  libspace.o(.bss)
    HEAP                                     0x20005888   Section      512  startup_stm32f407xx.o(HEAP)
    Heap_Mem                                 0x20005888   Data         512  startup_stm32f407xx.o(HEAP)
    STACK                                    0x20005a88   Section     1024  startup_stm32f407xx.o(STACK)
    Stack_Mem                                0x20005a88   Data        1024  startup_stm32f407xx.o(STACK)
    __initial_sp                             0x20005e88   Data           0  startup_stm32f407xx.o(STACK)

    Global Symbols

    Symbol Name                              Value     Ov Type        Size  Object(Section)

    BuildAttributes$$THM_ISAv4$E$P$D$K$B$S$7EM$VFPi3$EXTD16$VFPS$VFMA$PE$A:L22UL41UL21$X:L11$S22US41US21$IEEE1$IW$USESV6$~STKCKD$USESV7$~SHL$OTIME$ROPI$IEEEX$EBA8$UX$STANDARDLIB$REQ8$PRES8$EABIv2 0x00000000   Number         0  anon$$obj.o ABSOLUTE
    __ARM_use_no_argv                        0x00000000   Number         0  main.o ABSOLUTE
    __ARM_exceptions_init                     - Undefined Weak Reference
    __alloca_initialize                       - Undefined Weak Reference
    __arm_fini_                               - Undefined Weak Reference
    __arm_preinit_                            - Undefined Weak Reference
    __cpp_initialize__aeabi_                  - Undefined Weak Reference
    __cxa_finalize                            - Undefined Weak Reference
    __rt_locale                               - Undefined Weak Reference
    __sigvec_lookup                           - Undefined Weak Reference
    _atexit_init                              - Undefined Weak Reference
    _call_atexit_fns                          - Undefined Weak Reference
    _clock_init                               - Undefined Weak Reference
    _fp_trap_init                             - Undefined Weak Reference
    _fp_trap_shutdown                         - Undefined Weak Reference
    _get_lc_collate                           - Undefined Weak Reference
    _get_lc_ctype                             - Undefined Weak Reference
    _get_lc_monetary                          - Undefined Weak Reference
    _get_lc_numeric                           - Undefined Weak Reference
    _get_lc_time                              - Undefined Weak Reference
    _getenv_init                              - Undefined Weak Reference
    _handle_redirection                       - Undefined Weak Reference
    _init_alloc                               - Undefined Weak Reference
    _init_user_alloc                          - Undefined Weak Reference
    _initio                                   - Undefined Weak Reference
    _rand_init                                - Undefined Weak Reference
    _signal_finish                            - Undefined Weak Reference
    _signal_init                              - Undefined Weak Reference
    _terminate_alloc                          - Undefined Weak Reference
    _terminate_user_alloc                     - Undefined Weak Reference
    _terminateio                              - Undefined Weak Reference
    __Vectors_Size                           0x00000188   Number         0  startup_stm32f407xx.o ABSOLUTE
    __Vectors                                0x08000000   Data           4  startup_stm32f407xx.o(RESET)
    __Vectors_End                            0x08000188   Data           0  startup_stm32f407xx.o(RESET)
    __main                                   0x08000189   Thumb Code     8  __main.o(!!!main)
    __scatterload                            0x08000191   Thumb Code     0  __scatter.o(!!!scatter)
    __scatterload_rt2                        0x08000191   Thumb Code    44  __scatter.o(!!!scatter)
    __scatterload_rt2_thumb_only             0x08000191   Thumb Code     0  __scatter.o(!!!scatter)
    __scatterload_null                       0x0800019f   Thumb Code     0  __scatter.o(!!!scatter)
    __scatterload_copy                       0x080001c5   Thumb Code    26  __scatter_copy.o(!!handler_copy)
    __scatterload_zeroinit                   0x080001e1   Thumb Code    28  __scatter_zi.o(!!handler_zi)
    __rt_lib_init                            0x080001fd   Thumb Code     0  libinit.o(.ARM.Collect$$libinit$$00000000)
    __rt_lib_init_fp_1                       0x080001ff   Thumb Code     0  libinit2.o(.ARM.Collect$$libinit$$00000001)
    __rt_lib_init_alloca_1                   0x08000203   Thumb Code     0  libinit2.o(.ARM.Collect$$libinit$$0000002E)
    __rt_lib_init_argv_1                     0x08000203   Thumb Code     0  libinit2.o(.ARM.Collect$$libinit$$0000002C)
    __rt_lib_init_atexit_1                   0x08000203   Thumb Code     0  libinit2.o(.ARM.Collect$$libinit$$0000001B)
    __rt_lib_init_clock_1                    0x08000203   Thumb Code     0  libinit2.o(.ARM.Collect$$libinit$$00000021)
    __rt_lib_init_cpp_1                      0x08000203   Thumb Code     0  libinit2.o(.ARM.Collect$$libinit$$00000032)
    __rt_lib_init_exceptions_1               0x08000203   Thumb Code     0  libinit2.o(.ARM.Collect$$libinit$$00000030)
    __rt_lib_init_fp_trap_1                  0x08000203   Thumb Code     0  libinit2.o(.ARM.Collect$$libinit$$0000001F)
    __rt_lib_init_getenv_1                   0x08000203   Thumb Code     0  libinit2.o(.ARM.Collect$$libinit$$00000023)
    __rt_lib_init_heap_1                     0x08000203   Thumb Code     0  libinit2.o(.ARM.Collect$$libinit$$0000000A)
    __rt_lib_init_lc_collate_1               0x08000203   Thumb Code     0  libinit2.o(.ARM.Collect$$libinit$$00000011)
    __rt_lib_init_lc_ctype_1                 0x08000203   Thumb Code     0  libinit2.o(.ARM.Collect$$libinit$$00000013)
    __rt_lib_init_lc_monetary_1              0x08000203   Thumb Code     0  libinit2.o(.ARM.Collect$$libinit$$00000015)
    __rt_lib_init_lc_numeric_1               0x08000203   Thumb Code     0  libinit2.o(.ARM.Collect$$libinit$$00000017)
    __rt_lib_init_lc_time_1                  0x08000203   Thumb Code     0  libinit2.o(.ARM.Collect$$libinit$$00000019)
    __rt_lib_init_preinit_1                  0x08000203   Thumb Code     0  libinit2.o(.ARM.Collect$$libinit$$00000004)
    __rt_lib_init_rand_1                     0x08000203   Thumb Code     0  libinit2.o(.ARM.Collect$$libinit$$0000000E)
    __rt_lib_init_return                     0x08000203   Thumb Code     0  libinit2.o(.ARM.Collect$$libinit$$00000033)
    __rt_lib_init_signal_1                   0x08000203   Thumb Code     0  libinit2.o(.ARM.Collect$$libinit$$0000001D)
    __rt_lib_init_stdio_1                    0x08000203   Thumb Code     0  libinit2.o(.ARM.Collect$$libinit$$00000025)
    __rt_lib_init_user_alloc_1               0x08000203   Thumb Code     0  libinit2.o(.ARM.Collect$$libinit$$0000000C)
    __rt_lib_shutdown                        0x08000205   Thumb Code     0  libshutdown.o(.ARM.Collect$$libshutdown$$00000000)
    __rt_lib_shutdown_cpp_1                  0x08000207   Thumb Code     0  libshutdown2.o(.ARM.Collect$$libshutdown$$00000004)
    __rt_lib_shutdown_fini_1                 0x08000207   Thumb Code     0  libshutdown2.o(.ARM.Collect$$libshutdown$$00000002)
    __rt_lib_shutdown_fp_trap_1              0x08000207   Thumb Code     0  libshutdown2.o(.ARM.Collect$$libshutdown$$00000009)
    __rt_lib_shutdown_heap_1                 0x08000207   Thumb Code     0  libshutdown2.o(.ARM.Collect$$libshutdown$$00000011)
    __rt_lib_shutdown_return                 0x08000207   Thumb Code     0  libshutdown2.o(.ARM.Collect$$libshutdown$$00000012)
    __rt_lib_shutdown_signal_1               0x08000207   Thumb Code     0  libshutdown2.o(.ARM.Collect$$libshutdown$$0000000C)
    __rt_lib_shutdown_stdio_1                0x08000207   Thumb Code     0  libshutdown2.o(.ARM.Collect$$libshutdown$$00000006)
    __rt_lib_shutdown_user_alloc_1           0x08000207   Thumb Code     0  libshutdown2.o(.ARM.Collect$$libshutdown$$0000000E)
    __rt_entry                               0x08000209   Thumb Code     0  __rtentry.o(.ARM.Collect$$rtentry$$00000000)
    __rt_entry_presh_1                       0x08000209   Thumb Code     0  __rtentry2.o(.ARM.Collect$$rtentry$$00000002)
    __rt_entry_sh                            0x08000209   Thumb Code     0  __rtentry4.o(.ARM.Collect$$rtentry$$00000004)
    __rt_entry_li                            0x0800020f   Thumb Code     0  __rtentry2.o(.ARM.Collect$$rtentry$$0000000A)
    __rt_entry_postsh_1                      0x0800020f   Thumb Code     0  __rtentry2.o(.ARM.Collect$$rtentry$$00000009)
    __rt_entry_main                          0x08000213   Thumb Code     0  __rtentry2.o(.ARM.Collect$$rtentry$$0000000D)
    __rt_entry_postli_1                      0x08000213   Thumb Code     0  __rtentry2.o(.ARM.Collect$$rtentry$$0000000C)
    __rt_exit                                0x0800021b   Thumb Code     0  rtexit.o(.ARM.Collect$$rtexit$$00000000)
    __rt_exit_ls                             0x0800021d   Thumb Code     0  rtexit2.o(.ARM.Collect$$rtexit$$00000003)
    __rt_exit_prels_1                        0x0800021d   Thumb Code     0  rtexit2.o(.ARM.Collect$$rtexit$$00000002)
    __rt_exit_exit                           0x08000221   Thumb Code     0  rtexit2.o(.ARM.Collect$$rtexit$$00000004)
    SVC_Handler                              0x08000229   Thumb Code    28  port.o(.emb_text)
    __asm___6_port_c_39a90d8d__prvStartFirstTask 0x08000249   Thumb Code    36  port.o(.emb_text)
    __asm___6_port_c_39a90d8d__prvEnableVFP  0x08000271   Thumb Code    16  port.o(.emb_text)
    PendSV_Handler                           0x08000285   Thumb Code    88  port.o(.emb_text)
    vPortGetIPSR                             0x080002e1   Thumb Code     6  port.o(.emb_text)
    Reset_Handler                            0x080002e9   Thumb Code     8  startup_stm32f407xx.o(.text)
    ADC_IRQHandler                           0x08000303   Thumb Code     0  startup_stm32f407xx.o(.text)
    DCMI_IRQHandler                          0x08000303   Thumb Code     0  startup_stm32f407xx.o(.text)
    DMA1_Stream0_IRQHandler                  0x08000303   Thumb Code     0  startup_stm32f407xx.o(.text)
    DMA1_Stream1_IRQHandler                  0x08000303   Thumb Code     0  startup_stm32f407xx.o(.text)
    DMA1_Stream2_IRQHandler                  0x08000303   Thumb Code     0  startup_stm32f407xx.o(.text)
    DMA1_Stream3_IRQHandler                  0x08000303   Thumb Code     0  startup_stm32f407xx.o(.text)
    DMA1_Stream4_IRQHandler                  0x08000303   Thumb Code     0  startup_stm32f407xx.o(.text)
    DMA1_Stream5_IRQHandler                  0x08000303   Thumb Code     0  startup_stm32f407xx.o(.text)
    DMA1_Stream6_IRQHandler                  0x08000303   Thumb Code     0  startup_stm32f407xx.o(.text)
    DMA1_Stream7_IRQHandler                  0x08000303   Thumb Code     0  startup_stm32f407xx.o(.text)
    DMA2_Stream0_IRQHandler                  0x08000303   Thumb Code     0  startup_stm32f407xx.o(.text)
    DMA2_Stream1_IRQHandler                  0x08000303   Thumb Code     0  startup_stm32f407xx.o(.text)
    DMA2_Stream2_IRQHandler                  0x08000303   Thumb Code     0  startup_stm32f407xx.o(.text)
    DMA2_Stream3_IRQHandler                  0x08000303   Thumb Code     0  startup_stm32f407xx.o(.text)
    DMA2_Stream4_IRQHandler                  0x08000303   Thumb Code     0  startup_stm32f407xx.o(.text)
    DMA2_Stream5_IRQHandler                  0x08000303   Thumb Code     0  startup_stm32f407xx.o(.text)
    DMA2_Stream6_IRQHandler                  0x08000303   Thumb Code     0  startup_stm32f407xx.o(.text)
    DMA2_Stream7_IRQHandler                  0x08000303   Thumb Code     0  startup_stm32f407xx.o(.text)
    ETH_IRQHandler                           0x08000303   Thumb Code     0  startup_stm32f407xx.o(.text)
    ETH_WKUP_IRQHandler                      0x08000303   Thumb Code     0  startup_stm32f407xx.o(.text)
    EXTI0_IRQHandler                         0x08000303   Thumb Code     0  startup_stm32f407xx.o(.text)
    EXTI15_10_IRQHandler                     0x08000303   Thumb Code     0  startup_stm32f407xx.o(.text)
    EXTI1_IRQHandler                         0x08000303   Thumb Code     0  startup_stm32f407xx.o(.text)
    EXTI2_IRQHandler                         0x08000303   Thumb Code     0  startup_stm32f407xx.o(.text)
    EXTI3_IRQHandler                         0x08000303   Thumb Code     0  startup_stm32f407xx.o(.text)
    EXTI4_IRQHandler                         0x08000303   Thumb Code     0  startup_stm32f407xx.o(.text)
    FLASH_IRQHandler                         0x08000303   Thumb Code     0  startup_stm32f407xx.o(.text)
    FMC_IRQHandler                           0x08000303   Thumb Code     0  startup_stm32f407xx.o(.text)
    FPU_IRQHandler                           0x08000303   Thumb Code     0  startup_stm32f407xx.o(.text)
    HASH_RNG_IRQHandler                      0x08000303   Thumb Code     0  startup_stm32f407xx.o(.text)
    I2C1_ER_IRQHandler                       0x08000303   Thumb Code     0  startup_stm32f407xx.o(.text)
    I2C1_EV_IRQHandler                       0x08000303   Thumb Code     0  startup_stm32f407xx.o(.text)
    I2C2_ER_IRQHandler                       0x08000303   Thumb Code     0  startup_stm32f407xx.o(.text)
    I2C2_EV_IRQHandler                       0x08000303   Thumb Code     0  startup_stm32f407xx.o(.text)
    I2C3_ER_IRQHandler                       0x08000303   Thumb Code     0  startup_stm32f407xx.o(.text)
    I2C3_EV_IRQHandler                       0x08000303   Thumb Code     0  startup_stm32f407xx.o(.text)
    OTG_FS_IRQHandler                        0x08000303   Thumb Code     0  startup_stm32f407xx.o(.text)
    OTG_FS_WKUP_IRQHandler                   0x08000303   Thumb Code     0  startup_stm32f407xx.o(.text)
    OTG_HS_EP1_IN_IRQHandler                 0x08000303   Thumb Code     0  startup_stm32f407xx.o(.text)
    OTG_HS_EP1_OUT_IRQHandler                0x08000303   Thumb Code     0  startup_stm32f407xx.o(.text)
    OTG_HS_IRQHandler                        0x08000303   Thumb Code     0  startup_stm32f407xx.o(.text)
    OTG_HS_WKUP_IRQHandler                   0x08000303   Thumb Code     0  startup_stm32f407xx.o(.text)
    PVD_IRQHandler                           0x08000303   Thumb Code     0  startup_stm32f407xx.o(.text)
    RCC_IRQHandler                           0x08000303   Thumb Code     0  startup_stm32f407xx.o(.text)
    RTC_Alarm_IRQHandler                     0x08000303   Thumb Code     0  startup_stm32f407xx.o(.text)
    RTC_WKUP_IRQHandler                      0x08000303   Thumb Code     0  startup_stm32f407xx.o(.text)
    SDIO_IRQHandler                          0x08000303   Thumb Code     0  startup_stm32f407xx.o(.text)
    SPI1_IRQHandler                          0x08000303   Thumb Code     0  startup_stm32f407xx.o(.text)
    SPI2_IRQHandler                          0x08000303   Thumb Code     0  startup_stm32f407xx.o(.text)
    SPI3_IRQHandler                          0x08000303   Thumb Code     0  startup_stm32f407xx.o(.text)
    TAMP_STAMP_IRQHandler                    0x08000303   Thumb Code     0  startup_stm32f407xx.o(.text)
    TIM1_BRK_TIM9_IRQHandler                 0x08000303   Thumb Code     0  startup_stm32f407xx.o(.text)
    TIM1_CC_IRQHandler                       0x08000303   Thumb Code     0  startup_stm32f407xx.o(.text)
    TIM1_TRG_COM_TIM11_IRQHandler            0x08000303   Thumb Code     0  startup_stm32f407xx.o(.text)
    TIM1_UP_TIM10_IRQHandler                 0x08000303   Thumb Code     0  startup_stm32f407xx.o(.text)
    TIM4_IRQHandler                          0x08000303   Thumb Code     0  startup_stm32f407xx.o(.text)
    TIM5_IRQHandler                          0x08000303   Thumb Code     0  startup_stm32f407xx.o(.text)
    TIM6_DAC_IRQHandler                      0x08000303   Thumb Code     0  startup_stm32f407xx.o(.text)
    TIM7_IRQHandler                          0x08000303   Thumb Code     0  startup_stm32f407xx.o(.text)
    TIM8_BRK_TIM12_IRQHandler                0x08000303   Thumb Code     0  startup_stm32f407xx.o(.text)
    TIM8_CC_IRQHandler                       0x08000303   Thumb Code     0  startup_stm32f407xx.o(.text)
    TIM8_TRG_COM_TIM14_IRQHandler            0x08000303   Thumb Code     0  startup_stm32f407xx.o(.text)
    TIM8_UP_TIM13_IRQHandler                 0x08000303   Thumb Code     0  startup_stm32f407xx.o(.text)
    UART4_IRQHandler                         0x08000303   Thumb Code     0  startup_stm32f407xx.o(.text)
    USART2_IRQHandler                        0x08000303   Thumb Code     0  startup_stm32f407xx.o(.text)
    USART3_IRQHandler                        0x08000303   Thumb Code     0  startup_stm32f407xx.o(.text)
    USART6_IRQHandler                        0x08000303   Thumb Code     0  startup_stm32f407xx.o(.text)
    WWDG_IRQHandler                          0x08000303   Thumb Code     0  startup_stm32f407xx.o(.text)
    __user_initial_stackheap                 0x08000305   Thumb Code     0  startup_stm32f407xx.o(.text)
    __aeabi_uldivmod                         0x08000329   Thumb Code     0  lludivv7m.o(.text)
    _ll_udiv                                 0x08000329   Thumb Code   238  lludivv7m.o(.text)
    __aeabi_memcpy                           0x08000417   Thumb Code     0  rt_memcpy_v6.o(.text)
    __rt_memcpy                              0x08000417   Thumb Code   138  rt_memcpy_v6.o(.text)
    _memcpy_lastbytes                        0x0800047d   Thumb Code     0  rt_memcpy_v6.o(.text)
    __aeabi_memset                           0x080004a1   Thumb Code    16  aeabi_memset.o(.text)
    __aeabi_memclr4                          0x080004b1   Thumb Code     0  rt_memclr_w.o(.text)
    __aeabi_memclr8                          0x080004b1   Thumb Code     0  rt_memclr_w.o(.text)
    __rt_memclr_w                            0x080004b1   Thumb Code    78  rt_memclr_w.o(.text)
    _memset_w                                0x080004b5   Thumb Code     0  rt_memclr_w.o(.text)
    __use_two_region_memory                  0x080004ff   Thumb Code     2  heapauxi.o(.text)
    __rt_heap_escrow$2region                 0x08000501   Thumb Code     2  heapauxi.o(.text)
    __rt_heap_expand$2region                 0x08000503   Thumb Code     2  heapauxi.o(.text)
    __read_errno                             0x08000505   Thumb Code    10  _rserrno.o(.text)
    __set_errno                              0x0800050f   Thumb Code    12  _rserrno.o(.text)
    __aeabi_memcpy4                          0x0800051b   Thumb Code     0  rt_memcpy_w.o(.text)
    __aeabi_memcpy8                          0x0800051b   Thumb Code     0  rt_memcpy_w.o(.text)
    __rt_memcpy_w                            0x0800051b   Thumb Code   100  rt_memcpy_w.o(.text)
    _memcpy_lastbytes_aligned                0x08000563   Thumb Code     0  rt_memcpy_w.o(.text)
    __aeabi_memclr                           0x0800057f   Thumb Code     0  rt_memclr.o(.text)
    __rt_memclr                              0x0800057f   Thumb Code    68  rt_memclr.o(.text)
    _memset                                  0x08000583   Thumb Code     0  rt_memclr.o(.text)
    __aeabi_errno_addr                       0x080005c5   Thumb Code     8  rt_errno_addr_intlibspace.o(.text)
    __errno$intlibspace                      0x080005c5   Thumb Code     0  rt_errno_addr_intlibspace.o(.text)
    __rt_errno_addr$intlibspace              0x080005c5   Thumb Code     0  rt_errno_addr_intlibspace.o(.text)
    __user_libspace                          0x080005cd   Thumb Code     8  libspace.o(.text)
    __user_perproc_libspace                  0x080005cd   Thumb Code     0  libspace.o(.text)
    __user_perthread_libspace                0x080005cd   Thumb Code     0  libspace.o(.text)
    __user_setup_stackheap                   0x080005d5   Thumb Code    74  sys_stackheap_outer.o(.text)
    exit                                     0x0800061f   Thumb Code    18  exit.o(.text)
    _sys_exit                                0x08000631   Thumb Code     8  sys_exit.o(.text)
    __I$use$semihosting                      0x0800063d   Thumb Code     0  use_no_semi.o(.text)
    __use_no_semihosting_swi                 0x0800063d   Thumb Code     2  use_no_semi.o(.text)
    BusFault_Handler                         0x0800063f   Thumb Code     2  stm32f4xx_it.o(i.BusFault_Handler)
    __semihosting_library_function           0x0800063f   Thumb Code     0  indicate_semi.o(.text)
    CAN1_RX0_IRQHandler                      0x08000641   Thumb Code     6  stm32f4xx_it.o(i.CAN1_RX0_IRQHandler)
    CAN1_RX1_IRQHandler                      0x0800064d   Thumb Code     6  stm32f4xx_it.o(i.CAN1_RX1_IRQHandler)
    CAN1_SCE_IRQHandler                      0x08000659   Thumb Code     6  stm32f4xx_it.o(i.CAN1_SCE_IRQHandler)
    CAN1_TX_IRQHandler                       0x08000665   Thumb Code     6  stm32f4xx_it.o(i.CAN1_TX_IRQHandler)
    CAN2_RX0_IRQHandler                      0x08000671   Thumb Code     6  stm32f4xx_it.o(i.CAN2_RX0_IRQHandler)
    CAN2_RX1_IRQHandler                      0x0800067d   Thumb Code     6  stm32f4xx_it.o(i.CAN2_RX1_IRQHandler)
    CAN2_SCE_IRQHandler                      0x08000689   Thumb Code     6  stm32f4xx_it.o(i.CAN2_SCE_IRQHandler)
    CAN2_TX_IRQHandler                       0x08000695   Thumb Code     6  stm32f4xx_it.o(i.CAN2_TX_IRQHandler)
    Chassis_Send_Currents                    0x080006a1   Thumb Code    90  chassis.o(i.Chassis_Send_Currents)
    DebugMon_Handler                         0x08000705   Thumb Code     2  stm32f4xx_it.o(i.DebugMon_Handler)
    EXTI9_5_IRQHandler                       0x08000707   Thumb Code     6  stm32f4xx_it.o(i.EXTI9_5_IRQHandler)
    Error_Handler                            0x0800070d   Thumb Code     4  main.o(i.Error_Handler)
    HAL_CAN_ActivateNotification             0x08000711   Thumb Code    36  stm32f4xx_hal_can.o(i.HAL_CAN_ActivateNotification)
    HAL_CAN_AddTxMessage                     0x08000735   Thumb Code   220  stm32f4xx_hal_can.o(i.HAL_CAN_AddTxMessage)
    HAL_CAN_ConfigFilter                     0x08000811   Thumb Code   262  stm32f4xx_hal_can.o(i.HAL_CAN_ConfigFilter)
    HAL_CAN_ErrorCallback                    0x0800091d   Thumb Code     2  stm32f4xx_hal_can.o(i.HAL_CAN_ErrorCallback)
    HAL_CAN_GetRxMessage                     0x0800091f   Thumb Code   232  stm32f4xx_hal_can.o(i.HAL_CAN_GetRxMessage)
    HAL_CAN_IRQHandler                       0x08000a07   Thumb Code   508  stm32f4xx_hal_can.o(i.HAL_CAN_IRQHandler)
    HAL_CAN_Init                             0x08000c03   Thumb Code   282  stm32f4xx_hal_can.o(i.HAL_CAN_Init)
    HAL_CAN_MspInit                          0x08000d1d   Thumb Code   324  can.o(i.HAL_CAN_MspInit)
    HAL_CAN_RxFifo0FullCallback              0x08000e79   Thumb Code     2  stm32f4xx_hal_can.o(i.HAL_CAN_RxFifo0FullCallback)
    HAL_CAN_RxFifo0MsgPendingCallback        0x08000e7d   Thumb Code   102  usr_can.o(i.HAL_CAN_RxFifo0MsgPendingCallback)
    HAL_CAN_RxFifo1FullCallback              0x08000ef5   Thumb Code     2  stm32f4xx_hal_can.o(i.HAL_CAN_RxFifo1FullCallback)
    HAL_CAN_RxFifo1MsgPendingCallback        0x08000ef7   Thumb Code     2  stm32f4xx_hal_can.o(i.HAL_CAN_RxFifo1MsgPendingCallback)
    HAL_CAN_SleepCallback                    0x08000ef9   Thumb Code     2  stm32f4xx_hal_can.o(i.HAL_CAN_SleepCallback)
    HAL_CAN_Start                            0x08000efb   Thumb Code    86  stm32f4xx_hal_can.o(i.HAL_CAN_Start)
    HAL_CAN_TxMailbox0AbortCallback          0x08000f51   Thumb Code     2  stm32f4xx_hal_can.o(i.HAL_CAN_TxMailbox0AbortCallback)
    HAL_CAN_TxMailbox0CompleteCallback       0x08000f53   Thumb Code     2  stm32f4xx_hal_can.o(i.HAL_CAN_TxMailbox0CompleteCallback)
    HAL_CAN_TxMailbox1AbortCallback          0x08000f55   Thumb Code     2  stm32f4xx_hal_can.o(i.HAL_CAN_TxMailbox1AbortCallback)
    HAL_CAN_TxMailbox1CompleteCallback       0x08000f57   Thumb Code     2  stm32f4xx_hal_can.o(i.HAL_CAN_TxMailbox1CompleteCallback)
    HAL_CAN_TxMailbox2AbortCallback          0x08000f59   Thumb Code     2  stm32f4xx_hal_can.o(i.HAL_CAN_TxMailbox2AbortCallback)
    HAL_CAN_TxMailbox2CompleteCallback       0x08000f5b   Thumb Code     2  stm32f4xx_hal_can.o(i.HAL_CAN_TxMailbox2CompleteCallback)
    HAL_CAN_WakeUpFromRxMsgCallback          0x08000f5d   Thumb Code     2  stm32f4xx_hal_can.o(i.HAL_CAN_WakeUpFromRxMsgCallback)
    HAL_DMA_Abort                            0x08000f5f   Thumb Code   146  stm32f4xx_hal_dma.o(i.HAL_DMA_Abort)
    HAL_DMA_Abort_IT                         0x08000ff1   Thumb Code    36  stm32f4xx_hal_dma.o(i.HAL_DMA_Abort_IT)
    HAL_GPIO_EXTI_Callback                   0x08001015   Thumb Code   126  air_joy.o(i.HAL_GPIO_EXTI_Callback)
    HAL_GPIO_EXTI_IRQHandler                 0x0800109d   Thumb Code    18  stm32f4xx_hal_gpio.o(i.HAL_GPIO_EXTI_IRQHandler)
    HAL_GPIO_Init                            0x080010b5   Thumb Code   418  stm32f4xx_hal_gpio.o(i.HAL_GPIO_Init)
    HAL_GetTick                              0x08001285   Thumb Code     6  stm32f4xx_hal.o(i.HAL_GetTick)
    HAL_IncTick                              0x08001291   Thumb Code    12  stm32f4xx_hal.o(i.HAL_IncTick)
    HAL_Init                                 0x080012a1   Thumb Code    48  stm32f4xx_hal.o(i.HAL_Init)
    HAL_InitTick                             0x080012d5   Thumb Code   132  stm32f4xx_hal_timebase_tim.o(i.HAL_InitTick)
    HAL_MspInit                              0x0800136d   Thumb Code    52  stm32f4xx_hal_msp.o(i.HAL_MspInit)
    HAL_NVIC_EnableIRQ                       0x080013a5   Thumb Code    26  stm32f4xx_hal_cortex.o(i.HAL_NVIC_EnableIRQ)
    HAL_NVIC_SetPriority                     0x080013c1   Thumb Code    60  stm32f4xx_hal_cortex.o(i.HAL_NVIC_SetPriority)
    HAL_NVIC_SetPriorityGrouping             0x08001401   Thumb Code    26  stm32f4xx_hal_cortex.o(i.HAL_NVIC_SetPriorityGrouping)
    HAL_RCC_ClockConfig                      0x08001425   Thumb Code   288  stm32f4xx_hal_rcc.o(i.HAL_RCC_ClockConfig)
    HAL_RCC_GetClockConfig                   0x08001559   Thumb Code    54  stm32f4xx_hal_rcc.o(i.HAL_RCC_GetClockConfig)
    HAL_RCC_GetPCLK1Freq                     0x08001599   Thumb Code    20  stm32f4xx_hal_rcc.o(i.HAL_RCC_GetPCLK1Freq)
    HAL_RCC_GetPCLK2Freq                     0x080015b9   Thumb Code    20  stm32f4xx_hal_rcc.o(i.HAL_RCC_GetPCLK2Freq)
    HAL_RCC_GetSysClockFreq                  0x080015d9   Thumb Code    88  stm32f4xx_hal_rcc.o(i.HAL_RCC_GetSysClockFreq)
    HAL_RCC_OscConfig                        0x08001639   Thumb Code   836  stm32f4xx_hal_rcc.o(i.HAL_RCC_OscConfig)
    HAL_TIMEx_BreakCallback                  0x08001991   Thumb Code     2  stm32f4xx_hal_tim_ex.o(i.HAL_TIMEx_BreakCallback)
    HAL_TIMEx_CommutCallback                 0x08001993   Thumb Code     2  stm32f4xx_hal_tim_ex.o(i.HAL_TIMEx_CommutCallback)
    HAL_TIMEx_MasterConfigSynchronization    0x08001995   Thumb Code   116  stm32f4xx_hal_tim_ex.o(i.HAL_TIMEx_MasterConfigSynchronization)
    HAL_TIM_Base_Init                        0x08001a25   Thumb Code    90  stm32f4xx_hal_tim.o(i.HAL_TIM_Base_Init)
    HAL_TIM_Base_MspInit                     0x08001a81   Thumb Code    50  tim.o(i.HAL_TIM_Base_MspInit)
    HAL_TIM_Base_Start_IT                    0x08001ab9   Thumb Code   100  stm32f4xx_hal_tim.o(i.HAL_TIM_Base_Start_IT)
    HAL_TIM_ConfigClockSource                0x08001b39   Thumb Code   220  stm32f4xx_hal_tim.o(i.HAL_TIM_ConfigClockSource)
    HAL_TIM_IC_CaptureCallback               0x08001c15   Thumb Code     2  stm32f4xx_hal_tim.o(i.HAL_TIM_IC_CaptureCallback)
    HAL_TIM_IRQHandler                       0x08001c17   Thumb Code   358  stm32f4xx_hal_tim.o(i.HAL_TIM_IRQHandler)
    HAL_TIM_OC_DelayElapsedCallback          0x08001d7d   Thumb Code     2  stm32f4xx_hal_tim.o(i.HAL_TIM_OC_DelayElapsedCallback)
    HAL_TIM_PWM_PulseFinishedCallback        0x08001d7f   Thumb Code     2  stm32f4xx_hal_tim.o(i.HAL_TIM_PWM_PulseFinishedCallback)
    HAL_TIM_PeriodElapsedCallback            0x08001d81   Thumb Code    98  main.o(i.HAL_TIM_PeriodElapsedCallback)
    HAL_TIM_TriggerCallback                  0x08001df9   Thumb Code     2  stm32f4xx_hal_tim.o(i.HAL_TIM_TriggerCallback)
    HAL_UARTEx_RxEventCallback               0x08001dfb   Thumb Code     2  stm32f4xx_hal_uart.o(i.HAL_UARTEx_RxEventCallback)
    HAL_UART_ErrorCallback                   0x08001dfd   Thumb Code     2  stm32f4xx_hal_uart.o(i.HAL_UART_ErrorCallback)
    HAL_UART_IRQHandler                      0x08001e01   Thumb Code   610  stm32f4xx_hal_uart.o(i.HAL_UART_IRQHandler)
    HAL_UART_Init                            0x08002069   Thumb Code    98  stm32f4xx_hal_uart.o(i.HAL_UART_Init)
    HAL_UART_MspInit                         0x080020cd   Thumb Code   224  usart.o(i.HAL_UART_MspInit)
    HAL_UART_RxCpltCallback                  0x080021c5   Thumb Code     2  stm32f4xx_hal_uart.o(i.HAL_UART_RxCpltCallback)
    HAL_UART_TxCpltCallback                  0x080021c7   Thumb Code     2  stm32f4xx_hal_uart.o(i.HAL_UART_TxCpltCallback)
    HardFault_Handler                        0x080021c9   Thumb Code     2  stm32f4xx_it.o(i.HardFault_Handler)
    LimitMax                                 0x080021cb   Thumb Code    42  pid.o(i.LimitMax)
    MX_CAN1_Init                             0x080021f5   Thumb Code    62  can.o(i.MX_CAN1_Init)
    MX_CAN2_Init                             0x0800223d   Thumb Code    62  can.o(i.MX_CAN2_Init)
    MX_FREERTOS_Init                         0x08002285   Thumb Code    42  freertos.o(i.MX_FREERTOS_Init)
    MX_GPIO_Init                             0x080022c1   Thumb Code   152  gpio.o(i.MX_GPIO_Init)
    MX_TIM2_Init                             0x08002361   Thumb Code    98  tim.o(i.MX_TIM2_Init)
    MX_UART5_Init                            0x080023c9   Thumb Code    48  usart.o(i.MX_UART5_Init)
    MX_USART1_UART_Init                      0x08002401   Thumb Code    48  usart.o(i.MX_USART1_UART_Init)
    MemManage_Handler                        0x08002439   Thumb Code     2  stm32f4xx_it.o(i.MemManage_Handler)
    MotorCtrlFunction                        0x0800243b   Thumb Code    32  freertos.o(i.MotorCtrlFunction)
    NMI_Handler                              0x0800245b   Thumb Code     2  stm32f4xx_it.o(i.NMI_Handler)
    RM_MOTOR_Angle_Integral                  0x0800245d   Thumb Code   214  rm_motor.o(i.RM_MOTOR_Angle_Integral)
    ROBOT_CHASSIS_INIT                       0x08002549   Thumb Code    84  chassis.o(i.ROBOT_CHASSIS_INIT)
    StartDefaultTask                         0x080025a5   Thumb Code     8  freertos.o(i.StartDefaultTask)
    SysTick_Handler                          0x080025ad   Thumb Code    26  cmsis_os2.o(i.SysTick_Handler)
    SystemClock_Config                       0x080025c9   Thumb Code   138  main.o(i.SystemClock_Config)
    SystemInit                               0x0800265d   Thumb Code    12  system_stm32f4xx.o(i.SystemInit)
    TIM2_IRQHandler                          0x0800266d   Thumb Code     6  stm32f4xx_it.o(i.TIM2_IRQHandler)
    TIM3_IRQHandler                          0x08002679   Thumb Code     6  stm32f4xx_it.o(i.TIM3_IRQHandler)
    TIM_Base_SetConfig                       0x08002685   Thumb Code   156  stm32f4xx_hal_tim.o(i.TIM_Base_SetConfig)
    TIM_ETR_SetConfig                        0x0800274d   Thumb Code    20  stm32f4xx_hal_tim.o(i.TIM_ETR_SetConfig)
    UART5_IRQHandler                         0x080027b9   Thumb Code     6  stm32f4xx_it.o(i.UART5_IRQHandler)
    USART1_IRQHandler                        0x080029f1   Thumb Code     6  stm32f4xx_it.o(i.USART1_IRQHandler)
    Upper_INIT                               0x080029fd   Thumb Code   486  upper.o(i.Upper_INIT)
    UsageFault_Handler                       0x08002c19   Thumb Code     2  stm32f4xx_it.o(i.UsageFault_Handler)
    __ARM_fpclassify                         0x08002c1b   Thumb Code    48  fpclassify.o(i.__ARM_fpclassify)
    __hardfp_cos                             0x08002c71   Thumb Code   180  cos.o(i.__hardfp_cos)
    __ieee754_rem_pio2                       0x08002d39   Thumb Code   938  rred.o(i.__ieee754_rem_pio2)
    __kernel_cos                             0x08003171   Thumb Code   322  cos_i.o(i.__kernel_cos)
    __kernel_poly                            0x080032e1   Thumb Code   248  poly.o(i.__kernel_poly)
    __kernel_sin                             0x080033d9   Thumb Code   280  sin_i.o(i.__kernel_sin)
    __mathlib_dbl_infnan                     0x08003509   Thumb Code    20  dunder.o(i.__mathlib_dbl_infnan)
    __mathlib_dbl_invalid                    0x08003521   Thumb Code    24  dunder.o(i.__mathlib_dbl_invalid)
    __mathlib_dbl_underflow                  0x08003541   Thumb Code    24  dunder.o(i.__mathlib_dbl_underflow)
    can_filter_init                          0x08003561   Thumb Code   108  usr_can.o(i.can_filter_init)
    chassis_kinematic                        0x080035d5   Thumb Code   202  chassis.o(i.chassis_kinematic)
    chassis_motor_init                       0x080036b5   Thumb Code   214  chassis.o(i.chassis_motor_init)
    fabs                                     0x080037a5   Thumb Code    24  fabs.o(i.fabs)
    free_ctrl                                0x080037bd   Thumb Code   112  chassis.o(i.free_ctrl)
    get_chassis_motor_measure                0x08003841   Thumb Code   118  chassis.o(i.get_chassis_motor_measure)
    get_motor_measure                        0x080038bd   Thumb Code   196  rm_motor.o(i.get_motor_measure)
    main                                     0x08003985   Thumb Code    52  main.o(i.main)
    osDelay                                  0x080039bd   Thumb Code    26  cmsis_os2.o(i.osDelay)
    osKernelInitialize                       0x080039d9   Thumb Code    32  cmsis_os2.o(i.osKernelInitialize)
    osKernelStart                            0x080039fd   Thumb Code    48  cmsis_os2.o(i.osKernelStart)
    osMutexNew                               0x08003a35   Thumb Code   104  cmsis_os2.o(i.osMutexNew)
    osThreadNew                              0x08003a9d   Thumb Code   136  cmsis_os2.o(i.osThreadNew)
    pid_calc                                 0x08003b25   Thumb Code   438  pid.o(i.pid_calc)
    pid_param_init                           0x08003ce1   Thumb Code    30  pid.o(i.pid_param_init)
    pvPortMalloc                             0x080044a5   Thumb Code   216  heap_4.o(i.pvPortMalloc)
    pxPortInitialiseStack                    0x08004581   Thumb Code    40  port.o(i.pxPortInitialiseStack)
    uxListRemove                             0x080045ad   Thumb Code    38  list.o(i.uxListRemove)
    vApplicationGetIdleTaskMemory            0x080045d5   Thumb Code    16  cmsis_os2.o(i.vApplicationGetIdleTaskMemory)
    vApplicationGetTimerTaskMemory           0x080045e9   Thumb Code    18  cmsis_os2.o(i.vApplicationGetTimerTaskMemory)
    vListInitialise                          0x08004601   Thumb Code    22  list.o(i.vListInitialise)
    vListInitialiseItem                      0x08004617   Thumb Code     6  list.o(i.vListInitialiseItem)
    vListInsert                              0x0800461d   Thumb Code    48  list.o(i.vListInsert)
    vListInsertEnd                           0x0800464d   Thumb Code    24  list.o(i.vListInsertEnd)
    vPortEnterCritical                       0x08004665   Thumb Code    54  port.o(i.vPortEnterCritical)
    vPortExitCritical                        0x080046a5   Thumb Code    34  port.o(i.vPortExitCritical)
    vPortFree                                0x080046cd   Thumb Code    94  heap_4.o(i.vPortFree)
    vPortSetupTimerInterrupt                 0x08004731   Thumb Code    32  port.o(i.vPortSetupTimerInterrupt)
    vPortValidateInterruptPriority           0x08004755   Thumb Code    74  port.o(i.vPortValidateInterruptPriority)
    vQueueAddToRegistry                      0x080047a9   Thumb Code    32  queue.o(i.vQueueAddToRegistry)
    vQueueWaitForMessageRestricted           0x080047cd   Thumb Code    68  queue.o(i.vQueueWaitForMessageRestricted)
    vTaskDelay                               0x08004811   Thumb Code    66  tasks.o(i.vTaskDelay)
    vTaskInternalSetTimeOutState             0x0800485d   Thumb Code    12  tasks.o(i.vTaskInternalSetTimeOutState)
    vTaskMissedYield                         0x0800486d   Thumb Code     8  tasks.o(i.vTaskMissedYield)
    vTaskPlaceOnEventList                    0x08004879   Thumb Code    44  tasks.o(i.vTaskPlaceOnEventList)
    vTaskPlaceOnEventListRestricted          0x080048a9   Thumb Code    52  tasks.o(i.vTaskPlaceOnEventListRestricted)
    vTaskStartScheduler                      0x080048e1   Thumb Code   116  tasks.o(i.vTaskStartScheduler)
    vTaskSuspendAll                          0x08004965   Thumb Code    10  tasks.o(i.vTaskSuspendAll)
    vTaskSwitchContext                       0x08004975   Thumb Code    90  tasks.o(i.vTaskSwitchContext)
    xPortStartScheduler                      0x080049d9   Thumb Code   224  port.o(i.xPortStartScheduler)
    xPortSysTickHandler                      0x08004acd   Thumb Code    38  port.o(i.xPortSysTickHandler)
    xQueueCreateMutex                        0x08004af9   Thumb Code    22  queue.o(i.xQueueCreateMutex)
    xQueueCreateMutexStatic                  0x08004b0f   Thumb Code    26  queue.o(i.xQueueCreateMutexStatic)
    xQueueGenericCreate                      0x08004b29   Thumb Code    66  queue.o(i.xQueueGenericCreate)
    xQueueGenericCreateStatic                0x08004b6b   Thumb Code   102  queue.o(i.xQueueGenericCreateStatic)
    xQueueGenericReset                       0x08004bd1   Thumb Code   132  queue.o(i.xQueueGenericReset)
    xQueueGenericSend                        0x08004c59   Thumb Code   350  queue.o(i.xQueueGenericSend)
    xQueueGenericSendFromISR                 0x08004dbd   Thumb Code   190  queue.o(i.xQueueGenericSendFromISR)
    xQueueReceive                            0x08004e7d   Thumb Code   308  queue.o(i.xQueueReceive)
    xTaskCheckForTimeOut                     0x08004fb5   Thumb Code   112  tasks.o(i.xTaskCheckForTimeOut)
    xTaskCreate                              0x08005029   Thumb Code    90  tasks.o(i.xTaskCreate)
    xTaskCreateStatic                        0x08005083   Thumb Code    90  tasks.o(i.xTaskCreateStatic)
    xTaskGetSchedulerState                   0x080050dd   Thumb Code    22  tasks.o(i.xTaskGetSchedulerState)
    xTaskGetTickCount                        0x080050f9   Thumb Code     6  tasks.o(i.xTaskGetTickCount)
    xTaskIncrementTick                       0x08005105   Thumb Code   192  tasks.o(i.xTaskIncrementTick)
    xTaskPriorityDisinherit                  0x080051cd   Thumb Code   116  tasks.o(i.xTaskPriorityDisinherit)
    xTaskRemoveFromEventList                 0x08005249   Thumb Code    98  tasks.o(i.xTaskRemoveFromEventList)
    xTaskResumeAll                           0x080052b9   Thumb Code   180  tasks.o(i.xTaskResumeAll)
    xTimerCreateTimerTask                    0x08005379   Thumb Code    78  timers.o(i.xTimerCreateTimerTask)
    xTimerGenericCommand                     0x080053d9   Thumb Code    94  timers.o(i.xTimerGenericCommand)
    __aeabi_dneg                             0x0800543d   Thumb Code     0  basic.o(x$fpl$basic)
    _dneg                                    0x0800543d   Thumb Code     6  basic.o(x$fpl$basic)
    __aeabi_fneg                             0x08005443   Thumb Code     0  basic.o(x$fpl$basic)
    _fneg                                    0x08005443   Thumb Code     6  basic.o(x$fpl$basic)
    _dabs                                    0x08005449   Thumb Code     6  basic.o(x$fpl$basic)
    _fabs                                    0x0800544f   Thumb Code     6  basic.o(x$fpl$basic)
    __aeabi_d2f                              0x08005455   Thumb Code     0  d2f.o(x$fpl$d2f)
    _d2f                                     0x08005455   Thumb Code    98  d2f.o(x$fpl$d2f)
    __aeabi_dadd                             0x080054b9   Thumb Code     0  daddsub_clz.o(x$fpl$dadd)
    _dadd                                    0x080054b9   Thumb Code   332  daddsub_clz.o(x$fpl$dadd)
    __aeabi_ddiv                             0x08005609   Thumb Code     0  ddiv.o(x$fpl$ddiv)
    _ddiv                                    0x08005609   Thumb Code   552  ddiv.o(x$fpl$ddiv)
    __aeabi_d2iz                             0x080058b9   Thumb Code     0  dfix.o(x$fpl$dfix)
    _dfix                                    0x080058b9   Thumb Code    94  dfix.o(x$fpl$dfix)
    __aeabi_i2d                              0x08005917   Thumb Code     0  dflt_clz.o(x$fpl$dflt)
    _dflt                                    0x08005917   Thumb Code    46  dflt_clz.o(x$fpl$dflt)
    __aeabi_ui2d                             0x08005945   Thumb Code     0  dflt_clz.o(x$fpl$dfltu)
    _dfltu                                   0x08005945   Thumb Code    38  dflt_clz.o(x$fpl$dfltu)
    __aeabi_dmul                             0x0800596d   Thumb Code     0  dmul.o(x$fpl$dmul)
    _dmul                                    0x0800596d   Thumb Code   332  dmul.o(x$fpl$dmul)
    __fpl_dnaninf                            0x08005ac1   Thumb Code   156  dnaninf.o(x$fpl$dnaninf)
    __fpl_dretinf                            0x08005b5d   Thumb Code    12  dretinf.o(x$fpl$dretinf)
    __aeabi_drsub                            0x08005b69   Thumb Code     0  daddsub_clz.o(x$fpl$drsb)
    _drsb                                    0x08005b69   Thumb Code    22  daddsub_clz.o(x$fpl$drsb)
    __aeabi_dsub                             0x08005b81   Thumb Code     0  daddsub_clz.o(x$fpl$dsub)
    _dsub                                    0x08005b81   Thumb Code   464  daddsub_clz.o(x$fpl$dsub)
    _fp_init                                 0x08005d55   Thumb Code    10  fpinit.o(x$fpl$fpinit)
    __fplib_config_fpu_vfp                   0x08005d5d   Thumb Code     0  fpinit.o(x$fpl$fpinit)
    __fplib_config_pureend_doubles           0x08005d5d   Thumb Code     0  fpinit.o(x$fpl$fpinit)
    __fpl_fretinf                            0x08005d5f   Thumb Code    10  fretinf.o(x$fpl$fretinf)
    __I$use$fp                               0x08005d68   Number         0  usenofp.o(x$fpl$usenofp)
    defaultTask_attributes                   0x08005d68   Data          36  freertos.o(.constdata)
    MotorCtrl_attributes                     0x08005d8c   Data          36  freertos.o(.constdata)
    safe_printf_attributes                   0x08005db0   Data          16  freertos.o(.constdata)
    AHBPrescTable                            0x08005dc0   Data          16  system_stm32f4xx.o(.constdata)
    APBPrescTable                            0x08005dd0   Data           8  system_stm32f4xx.o(.constdata)
    Region$$Table$$Base                      0x08005f1c   Number         0  anon$$obj.o(Region$$Table)
    Region$$Table$$Limit                     0x08005f3c   Number         0  anon$$obj.o(Region$$Table)
    defaultTaskHandle                        0x20000000   Data           4  freertos.o(.data)
    MotorCtrlHandle                          0x20000004   Data           4  freertos.o(.data)
    safe_printfHandle                        0x20000008   Data           4  freertos.o(.data)
    uwTickFreq                               0x20000010   Data           1  stm32f4xx_hal.o(.data)
    uwTickPrio                               0x20000014   Data           4  stm32f4xx_hal.o(.data)
    uwTick                                   0x20000018   Data           4  stm32f4xx_hal.o(.data)
    SystemCoreClock                          0x2000001c   Data           4  system_stm32f4xx.o(.data)
    pxCurrentTCB                             0x20000020   Data           4  tasks.o(.data)
    Time_Sys                                 0x200000a0   Data           8  air_joy.o(.data)
    Microsecond_Cnt                          0x200000a8   Data           2  air_joy.o(.data)
    ppm_update_flag                          0x200000ac   Data           1  air_joy.o(.data)
    now_ppm_time_send                        0x200000b4   Data           4  air_joy.o(.data)
    TIME_ISR_CNT                             0x200000b8   Data           4  air_joy.o(.data)
    LAST_TIME_ISR_CNT                        0x200000c4   Data           4  air_joy.o(.data)
    hcan1                                    0x200000cc   Data          40  can.o(.bss)
    hcan2                                    0x200000f4   Data          40  can.o(.bss)
    htim2                                    0x2000011c   Data          72  tim.o(.bss)
    huart5                                   0x20000164   Data          68  usart.o(.bss)
    huart1                                   0x200001a8   Data          68  usart.o(.bss)
    htim3                                    0x200001ec   Data          72  stm32f4xx_hal_timebase_tim.o(.bss)
    xQueueRegistry                           0x20000234   Data          64  queue.o(.bss)
    PPM_Databuf                              0x20004b1c   Data          20  air_joy.o(.bss)
    motorRealInfo                            0x20004b30   Data        1008  rm_motor.o(.bss)
    MOTOR_PID_RPM                            0x20004f20   Data         644  rm_motor.o(.bss)
    MOTOR_PID_POS                            0x200051a4   Data         644  rm_motor.o(.bss)
    ROBOT_chassis                            0x20005428   Data          76  rm_motor.o(.bss)
    ChassisInfo                              0x20005474   Data         576  chassis.o(.bss)
    Chassis_PID_RPM                          0x200056b4   Data         368  chassis.o(.bss)
    __libspace_start                         0x20005824   Data          96  libspace.o(.bss)
    __temporary_stack_top$libspace           0x20005884   Data           0  libspace.o(.bss)



==============================================================================

Memory Map of the image

  Image Entry point : 0x08000189

  Load Region LR_IROM1 (Base: 0x08000000, Size: 0x00006008, Max: 0x00100000, ABSOLUTE)

    Execution Region ER_IROM1 (Exec base: 0x08000000, Load base: 0x08000000, Size: 0x00005f3c, Max: 0x00100000, ABSOLUTE)

    Exec Addr    Load Addr    Size         Type   Attr      Idx    E Section Name        Object

    0x08000000   0x08000000   0x00000188   Data   RO            3    RESET               startup_stm32f407xx.o
    0x08000188   0x08000188   0x00000008   Code   RO         5580  * !!!main             c_w.l(__main.o)
    0x08000190   0x08000190   0x00000034   Code   RO         5865    !!!scatter          c_w.l(__scatter.o)
    0x080001c4   0x080001c4   0x0000001a   Code   RO         5867    !!handler_copy      c_w.l(__scatter_copy.o)
    0x080001de   0x080001de   0x00000002   PAD
    0x080001e0   0x080001e0   0x0000001c   Code   RO         5869    !!handler_zi        c_w.l(__scatter_zi.o)
    0x080001fc   0x080001fc   0x00000002   Code   RO         5736    .ARM.Collect$$libinit$$00000000  c_w.l(libinit.o)
    0x080001fe   0x080001fe   0x00000004   Code   RO         5745    .ARM.Collect$$libinit$$00000001  c_w.l(libinit2.o)
    0x08000202   0x08000202   0x00000000   Code   RO         5748    .ARM.Collect$$libinit$$00000004  c_w.l(libinit2.o)
    0x08000202   0x08000202   0x00000000   Code   RO         5751    .ARM.Collect$$libinit$$0000000A  c_w.l(libinit2.o)
    0x08000202   0x08000202   0x00000000   Code   RO         5753    .ARM.Collect$$libinit$$0000000C  c_w.l(libinit2.o)
    0x08000202   0x08000202   0x00000000   Code   RO         5755    .ARM.Collect$$libinit$$0000000E  c_w.l(libinit2.o)
    0x08000202   0x08000202   0x00000000   Code   RO         5758    .ARM.Collect$$libinit$$00000011  c_w.l(libinit2.o)
    0x08000202   0x08000202   0x00000000   Code   RO         5760    .ARM.Collect$$libinit$$00000013  c_w.l(libinit2.o)
    0x08000202   0x08000202   0x00000000   Code   RO         5762    .ARM.Collect$$libinit$$00000015  c_w.l(libinit2.o)
    0x08000202   0x08000202   0x00000000   Code   RO         5764    .ARM.Collect$$libinit$$00000017  c_w.l(libinit2.o)
    0x08000202   0x08000202   0x00000000   Code   RO         5766    .ARM.Collect$$libinit$$00000019  c_w.l(libinit2.o)
    0x08000202   0x08000202   0x00000000   Code   RO         5768    .ARM.Collect$$libinit$$0000001B  c_w.l(libinit2.o)
    0x08000202   0x08000202   0x00000000   Code   RO         5770    .ARM.Collect$$libinit$$0000001D  c_w.l(libinit2.o)
    0x08000202   0x08000202   0x00000000   Code   RO         5772    .ARM.Collect$$libinit$$0000001F  c_w.l(libinit2.o)
    0x08000202   0x08000202   0x00000000   Code   RO         5774    .ARM.Collect$$libinit$$00000021  c_w.l(libinit2.o)
    0x08000202   0x08000202   0x00000000   Code   RO         5776    .ARM.Collect$$libinit$$00000023  c_w.l(libinit2.o)
    0x08000202   0x08000202   0x00000000   Code   RO         5778    .ARM.Collect$$libinit$$00000025  c_w.l(libinit2.o)
    0x08000202   0x08000202   0x00000000   Code   RO         5782    .ARM.Collect$$libinit$$0000002C  c_w.l(libinit2.o)
    0x08000202   0x08000202   0x00000000   Code   RO         5784    .ARM.Collect$$libinit$$0000002E  c_w.l(libinit2.o)
    0x08000202   0x08000202   0x00000000   Code   RO         5786    .ARM.Collect$$libinit$$00000030  c_w.l(libinit2.o)
    0x08000202   0x08000202   0x00000000   Code   RO         5788    .ARM.Collect$$libinit$$00000032  c_w.l(libinit2.o)
    0x08000202   0x08000202   0x00000002   Code   RO         5789    .ARM.Collect$$libinit$$00000033  c_w.l(libinit2.o)
    0x08000204   0x08000204   0x00000002   Code   RO         5820    .ARM.Collect$$libshutdown$$00000000  c_w.l(libshutdown.o)
    0x08000206   0x08000206   0x00000000   Code   RO         5846    .ARM.Collect$$libshutdown$$00000002  c_w.l(libshutdown2.o)
    0x08000206   0x08000206   0x00000000   Code   RO         5848    .ARM.Collect$$libshutdown$$00000004  c_w.l(libshutdown2.o)
    0x08000206   0x08000206   0x00000000   Code   RO         5850    .ARM.Collect$$libshutdown$$00000006  c_w.l(libshutdown2.o)
    0x08000206   0x08000206   0x00000000   Code   RO         5853    .ARM.Collect$$libshutdown$$00000009  c_w.l(libshutdown2.o)
    0x08000206   0x08000206   0x00000000   Code   RO         5856    .ARM.Collect$$libshutdown$$0000000C  c_w.l(libshutdown2.o)
    0x08000206   0x08000206   0x00000000   Code   RO         5858    .ARM.Collect$$libshutdown$$0000000E  c_w.l(libshutdown2.o)
    0x08000206   0x08000206   0x00000000   Code   RO         5861    .ARM.Collect$$libshutdown$$00000011  c_w.l(libshutdown2.o)
    0x08000206   0x08000206   0x00000002   Code   RO         5862    .ARM.Collect$$libshutdown$$00000012  c_w.l(libshutdown2.o)
    0x08000208   0x08000208   0x00000000   Code   RO         5618    .ARM.Collect$$rtentry$$00000000  c_w.l(__rtentry.o)
    0x08000208   0x08000208   0x00000000   Code   RO         5673    .ARM.Collect$$rtentry$$00000002  c_w.l(__rtentry2.o)
    0x08000208   0x08000208   0x00000006   Code   RO         5685    .ARM.Collect$$rtentry$$00000004  c_w.l(__rtentry4.o)
    0x0800020e   0x0800020e   0x00000000   Code   RO         5675    .ARM.Collect$$rtentry$$00000009  c_w.l(__rtentry2.o)
    0x0800020e   0x0800020e   0x00000004   Code   RO         5676    .ARM.Collect$$rtentry$$0000000A  c_w.l(__rtentry2.o)
    0x08000212   0x08000212   0x00000000   Code   RO         5678    .ARM.Collect$$rtentry$$0000000C  c_w.l(__rtentry2.o)
    0x08000212   0x08000212   0x00000008   Code   RO         5679    .ARM.Collect$$rtentry$$0000000D  c_w.l(__rtentry2.o)
    0x0800021a   0x0800021a   0x00000002   Code   RO         5737    .ARM.Collect$$rtexit$$00000000  c_w.l(rtexit.o)
    0x0800021c   0x0800021c   0x00000000   Code   RO         5793    .ARM.Collect$$rtexit$$00000002  c_w.l(rtexit2.o)
    0x0800021c   0x0800021c   0x00000004   Code   RO         5794    .ARM.Collect$$rtexit$$00000003  c_w.l(rtexit2.o)
    0x08000220   0x08000220   0x00000006   Code   RO         5795    .ARM.Collect$$rtexit$$00000004  c_w.l(rtexit2.o)
    0x08000226   0x08000226   0x00000002   PAD
    0x08000228   0x08000228   0x000000be   Code   RO         5055    .emb_text           port.o
    0x080002e6   0x080002e6   0x00000002   PAD
    0x080002e8   0x080002e8   0x00000040   Code   RO            4    .text               startup_stm32f407xx.o
    0x08000328   0x08000328   0x000000ee   Code   RO         5568    .text               c_w.l(lludivv7m.o)
    0x08000416   0x08000416   0x0000008a   Code   RO         5570    .text               c_w.l(rt_memcpy_v6.o)
    0x080004a0   0x080004a0   0x00000010   Code   RO         5574    .text               c_w.l(aeabi_memset.o)
    0x080004b0   0x080004b0   0x0000004e   Code   RO         5576    .text               c_w.l(rt_memclr_w.o)
    0x080004fe   0x080004fe   0x00000006   Code   RO         5578    .text               c_w.l(heapauxi.o)
    0x08000504   0x08000504   0x00000016   Code   RO         5623    .text               c_w.l(_rserrno.o)
    0x0800051a   0x0800051a   0x00000064   Code   RO         5625    .text               c_w.l(rt_memcpy_w.o)
    0x0800057e   0x0800057e   0x00000044   Code   RO         5627    .text               c_w.l(rt_memclr.o)
    0x080005c2   0x080005c2   0x00000002   PAD
    0x080005c4   0x080005c4   0x00000008   Code   RO         5692    .text               c_w.l(rt_errno_addr_intlibspace.o)
    0x080005cc   0x080005cc   0x00000008   Code   RO         5720    .text               c_w.l(libspace.o)
    0x080005d4   0x080005d4   0x0000004a   Code   RO         5723    .text               c_w.l(sys_stackheap_outer.o)
    0x0800061e   0x0800061e   0x00000012   Code   RO         5725    .text               c_w.l(exit.o)
    0x08000630   0x08000630   0x0000000c   Code   RO         5790    .text               c_w.l(sys_exit.o)
    0x0800063c   0x0800063c   0x00000002   Code   RO         5809    .text               c_w.l(use_no_semi.o)
    0x0800063e   0x0800063e   0x00000000   Code   RO         5811    .text               c_w.l(indicate_semi.o)
    0x0800063e   0x0800063e   0x00000002   Code   RO          444    i.BusFault_Handler  stm32f4xx_it.o
    0x08000640   0x08000640   0x0000000c   Code   RO          445    i.CAN1_RX0_IRQHandler  stm32f4xx_it.o
    0x0800064c   0x0800064c   0x0000000c   Code   RO          446    i.CAN1_RX1_IRQHandler  stm32f4xx_it.o
    0x08000658   0x08000658   0x0000000c   Code   RO          447    i.CAN1_SCE_IRQHandler  stm32f4xx_it.o
    0x08000664   0x08000664   0x0000000c   Code   RO          448    i.CAN1_TX_IRQHandler  stm32f4xx_it.o
    0x08000670   0x08000670   0x0000000c   Code   RO          449    i.CAN2_RX0_IRQHandler  stm32f4xx_it.o
    0x0800067c   0x0800067c   0x0000000c   Code   RO          450    i.CAN2_RX1_IRQHandler  stm32f4xx_it.o
    0x08000688   0x08000688   0x0000000c   Code   RO          451    i.CAN2_SCE_IRQHandler  stm32f4xx_it.o
    0x08000694   0x08000694   0x0000000c   Code   RO          452    i.CAN2_TX_IRQHandler  stm32f4xx_it.o
    0x080006a0   0x080006a0   0x00000064   Code   RO         5494    i.Chassis_Send_Currents  chassis.o
    0x08000704   0x08000704   0x00000002   Code   RO          453    i.DebugMon_Handler  stm32f4xx_it.o
    0x08000706   0x08000706   0x00000006   Code   RO          454    i.EXTI9_5_IRQHandler  stm32f4xx_it.o
    0x0800070c   0x0800070c   0x00000004   Code   RO           13    i.Error_Handler     main.o
    0x08000710   0x08000710   0x00000024   Code   RO          644    i.HAL_CAN_ActivateNotification  stm32f4xx_hal_can.o
    0x08000734   0x08000734   0x000000dc   Code   RO          645    i.HAL_CAN_AddTxMessage  stm32f4xx_hal_can.o
    0x08000810   0x08000810   0x0000010c   Code   RO          646    i.HAL_CAN_ConfigFilter  stm32f4xx_hal_can.o
    0x0800091c   0x0800091c   0x00000002   Code   RO          649    i.HAL_CAN_ErrorCallback  stm32f4xx_hal_can.o
    0x0800091e   0x0800091e   0x000000e8   Code   RO          652    i.HAL_CAN_GetRxMessage  stm32f4xx_hal_can.o
    0x08000a06   0x08000a06   0x000001fc   Code   RO          656    i.HAL_CAN_IRQHandler  stm32f4xx_hal_can.o
    0x08000c02   0x08000c02   0x0000011a   Code   RO          657    i.HAL_CAN_Init      stm32f4xx_hal_can.o
    0x08000d1c   0x08000d1c   0x0000015c   Code   RO          306    i.HAL_CAN_MspInit   can.o
    0x08000e78   0x08000e78   0x00000002   Code   RO          664    i.HAL_CAN_RxFifo0FullCallback  stm32f4xx_hal_can.o
    0x08000e7a   0x08000e7a   0x00000002   PAD
    0x08000e7c   0x08000e7c   0x00000078   Code   RO         5460    i.HAL_CAN_RxFifo0MsgPendingCallback  usr_can.o
    0x08000ef4   0x08000ef4   0x00000002   Code   RO          666    i.HAL_CAN_RxFifo1FullCallback  stm32f4xx_hal_can.o
    0x08000ef6   0x08000ef6   0x00000002   Code   RO          667    i.HAL_CAN_RxFifo1MsgPendingCallback  stm32f4xx_hal_can.o
    0x08000ef8   0x08000ef8   0x00000002   Code   RO          668    i.HAL_CAN_SleepCallback  stm32f4xx_hal_can.o
    0x08000efa   0x08000efa   0x00000056   Code   RO          669    i.HAL_CAN_Start     stm32f4xx_hal_can.o
    0x08000f50   0x08000f50   0x00000002   Code   RO          671    i.HAL_CAN_TxMailbox0AbortCallback  stm32f4xx_hal_can.o
    0x08000f52   0x08000f52   0x00000002   Code   RO          672    i.HAL_CAN_TxMailbox0CompleteCallback  stm32f4xx_hal_can.o
    0x08000f54   0x08000f54   0x00000002   Code   RO          673    i.HAL_CAN_TxMailbox1AbortCallback  stm32f4xx_hal_can.o
    0x08000f56   0x08000f56   0x00000002   Code   RO          674    i.HAL_CAN_TxMailbox1CompleteCallback  stm32f4xx_hal_can.o
    0x08000f58   0x08000f58   0x00000002   Code   RO          675    i.HAL_CAN_TxMailbox2AbortCallback  stm32f4xx_hal_can.o
    0x08000f5a   0x08000f5a   0x00000002   Code   RO          676    i.HAL_CAN_TxMailbox2CompleteCallback  stm32f4xx_hal_can.o
    0x08000f5c   0x08000f5c   0x00000002   Code   RO          678    i.HAL_CAN_WakeUpFromRxMsgCallback  stm32f4xx_hal_can.o
    0x08000f5e   0x08000f5e   0x00000092   Code   RO         1339    i.HAL_DMA_Abort     stm32f4xx_hal_dma.o
    0x08000ff0   0x08000ff0   0x00000024   Code   RO         1340    i.HAL_DMA_Abort_IT  stm32f4xx_hal_dma.o
    0x08001014   0x08001014   0x00000088   Code   RO         5135    i.HAL_GPIO_EXTI_Callback  air_joy.o
    0x0800109c   0x0800109c   0x00000018   Code   RO         1231    i.HAL_GPIO_EXTI_IRQHandler  stm32f4xx_hal_gpio.o
    0x080010b4   0x080010b4   0x000001d0   Code   RO         1232    i.HAL_GPIO_Init     stm32f4xx_hal_gpio.o
    0x08001284   0x08001284   0x0000000c   Code   RO         1764    i.HAL_GetTick       stm32f4xx_hal.o
    0x08001290   0x08001290   0x00000010   Code   RO         1770    i.HAL_IncTick       stm32f4xx_hal.o
    0x080012a0   0x080012a0   0x00000034   Code   RO         1771    i.HAL_Init          stm32f4xx_hal.o
    0x080012d4   0x080012d4   0x00000098   Code   RO          604    i.HAL_InitTick      stm32f4xx_hal_timebase_tim.o
    0x0800136c   0x0800136c   0x00000038   Code   RO          580    i.HAL_MspInit       stm32f4xx_hal_msp.o
    0x080013a4   0x080013a4   0x0000001a   Code   RO         1621    i.HAL_NVIC_EnableIRQ  stm32f4xx_hal_cortex.o
    0x080013be   0x080013be   0x00000002   PAD
    0x080013c0   0x080013c0   0x00000040   Code   RO         1627    i.HAL_NVIC_SetPriority  stm32f4xx_hal_cortex.o
    0x08001400   0x08001400   0x00000024   Code   RO         1628    i.HAL_NVIC_SetPriorityGrouping  stm32f4xx_hal_cortex.o
    0x08001424   0x08001424   0x00000134   Code   RO          878    i.HAL_RCC_ClockConfig  stm32f4xx_hal_rcc.o
    0x08001558   0x08001558   0x00000040   Code   RO          882    i.HAL_RCC_GetClockConfig  stm32f4xx_hal_rcc.o
    0x08001598   0x08001598   0x00000020   Code   RO          885    i.HAL_RCC_GetPCLK1Freq  stm32f4xx_hal_rcc.o
    0x080015b8   0x080015b8   0x00000020   Code   RO          886    i.HAL_RCC_GetPCLK2Freq  stm32f4xx_hal_rcc.o
    0x080015d8   0x080015d8   0x00000060   Code   RO          887    i.HAL_RCC_GetSysClockFreq  stm32f4xx_hal_rcc.o
    0x08001638   0x08001638   0x00000358   Code   RO          890    i.HAL_RCC_OscConfig  stm32f4xx_hal_rcc.o
    0x08001990   0x08001990   0x00000002   Code   RO         2715    i.HAL_TIMEx_BreakCallback  stm32f4xx_hal_tim_ex.o
    0x08001992   0x08001992   0x00000002   Code   RO         2716    i.HAL_TIMEx_CommutCallback  stm32f4xx_hal_tim_ex.o
    0x08001994   0x08001994   0x00000090   Code   RO         2734    i.HAL_TIMEx_MasterConfigSynchronization  stm32f4xx_hal_tim_ex.o
    0x08001a24   0x08001a24   0x0000005a   Code   RO         2011    i.HAL_TIM_Base_Init  stm32f4xx_hal_tim.o
    0x08001a7e   0x08001a7e   0x00000002   PAD
    0x08001a80   0x08001a80   0x00000038   Code   RO          355    i.HAL_TIM_Base_MspInit  tim.o
    0x08001ab8   0x08001ab8   0x00000080   Code   RO         2016    i.HAL_TIM_Base_Start_IT  stm32f4xx_hal_tim.o
    0x08001b38   0x08001b38   0x000000dc   Code   RO         2020    i.HAL_TIM_ConfigClockSource  stm32f4xx_hal_tim.o
    0x08001c14   0x08001c14   0x00000002   Code   RO         2045    i.HAL_TIM_IC_CaptureCallback  stm32f4xx_hal_tim.o
    0x08001c16   0x08001c16   0x00000166   Code   RO         2059    i.HAL_TIM_IRQHandler  stm32f4xx_hal_tim.o
    0x08001d7c   0x08001d7c   0x00000002   Code   RO         2062    i.HAL_TIM_OC_DelayElapsedCallback  stm32f4xx_hal_tim.o
    0x08001d7e   0x08001d7e   0x00000002   Code   RO         2089    i.HAL_TIM_PWM_PulseFinishedCallback  stm32f4xx_hal_tim.o
    0x08001d80   0x08001d80   0x00000078   Code   RO           14    i.HAL_TIM_PeriodElapsedCallback  main.o
    0x08001df8   0x08001df8   0x00000002   Code   RO         2102    i.HAL_TIM_TriggerCallback  stm32f4xx_hal_tim.o
    0x08001dfa   0x08001dfa   0x00000002   Code   RO         2993    i.HAL_UARTEx_RxEventCallback  stm32f4xx_hal_uart.o
    0x08001dfc   0x08001dfc   0x00000002   Code   RO         3007    i.HAL_UART_ErrorCallback  stm32f4xx_hal_uart.o
    0x08001dfe   0x08001dfe   0x00000002   PAD
    0x08001e00   0x08001e00   0x00000268   Code   RO         3010    i.HAL_UART_IRQHandler  stm32f4xx_hal_uart.o
    0x08002068   0x08002068   0x00000062   Code   RO         3011    i.HAL_UART_Init     stm32f4xx_hal_uart.o
    0x080020ca   0x080020ca   0x00000002   PAD
    0x080020cc   0x080020cc   0x000000f8   Code   RO          397    i.HAL_UART_MspInit  usart.o
    0x080021c4   0x080021c4   0x00000002   Code   RO         3017    i.HAL_UART_RxCpltCallback  stm32f4xx_hal_uart.o
    0x080021c6   0x080021c6   0x00000002   Code   RO         3022    i.HAL_UART_TxCpltCallback  stm32f4xx_hal_uart.o
    0x080021c8   0x080021c8   0x00000002   Code   RO          455    i.HardFault_Handler  stm32f4xx_it.o
    0x080021ca   0x080021ca   0x0000002a   Code   RO         5166    i.LimitMax          pid.o
    0x080021f4   0x080021f4   0x00000048   Code   RO          307    i.MX_CAN1_Init      can.o
    0x0800223c   0x0800223c   0x00000048   Code   RO          308    i.MX_CAN2_Init      can.o
    0x08002284   0x08002284   0x0000003c   Code   RO          231    i.MX_FREERTOS_Init  freertos.o
    0x080022c0   0x080022c0   0x000000a0   Code   RO          207    i.MX_GPIO_Init      gpio.o
    0x08002360   0x08002360   0x00000068   Code   RO          356    i.MX_TIM2_Init      tim.o
    0x080023c8   0x080023c8   0x00000038   Code   RO          398    i.MX_UART5_Init     usart.o
    0x08002400   0x08002400   0x00000038   Code   RO          399    i.MX_USART1_UART_Init  usart.o
    0x08002438   0x08002438   0x00000002   Code   RO          456    i.MemManage_Handler  stm32f4xx_it.o
    0x0800243a   0x0800243a   0x00000020   Code   RO          232    i.MotorCtrlFunction  freertos.o
    0x0800245a   0x0800245a   0x00000002   Code   RO          457    i.NMI_Handler       stm32f4xx_it.o
    0x0800245c   0x0800245c   0x000000ec   Code   RO         5208    i.RM_MOTOR_Angle_Integral  rm_motor.o
    0x08002548   0x08002548   0x0000005c   Code   RO         5495    i.ROBOT_CHASSIS_INIT  chassis.o
    0x080025a4   0x080025a4   0x00000008   Code   RO          233    i.StartDefaultTask  freertos.o
    0x080025ac   0x080025ac   0x0000001a   Code   RO         4487    i.SysTick_Handler   cmsis_os2.o
    0x080025c6   0x080025c6   0x00000002   PAD
    0x080025c8   0x080025c8   0x00000094   Code   RO           15    i.SystemClock_Config  main.o
    0x0800265c   0x0800265c   0x00000010   Code   RO         3340    i.SystemInit        system_stm32f4xx.o
    0x0800266c   0x0800266c   0x0000000c   Code   RO          458    i.TIM2_IRQHandler   stm32f4xx_it.o
    0x08002678   0x08002678   0x0000000c   Code   RO          459    i.TIM3_IRQHandler   stm32f4xx_it.o
    0x08002684   0x08002684   0x000000c8   Code   RO         2104    i.TIM_Base_SetConfig  stm32f4xx_hal_tim.o
    0x0800274c   0x0800274c   0x00000014   Code   RO         2115    i.TIM_ETR_SetConfig  stm32f4xx_hal_tim.o
    0x08002760   0x08002760   0x00000010   Code   RO         2116    i.TIM_ITRx_SetConfig  stm32f4xx_hal_tim.o
    0x08002770   0x08002770   0x00000022   Code   RO         2122    i.TIM_TI1_ConfigInputStage  stm32f4xx_hal_tim.o
    0x08002792   0x08002792   0x00000024   Code   RO         2124    i.TIM_TI2_ConfigInputStage  stm32f4xx_hal_tim.o
    0x080027b6   0x080027b6   0x00000002   PAD
    0x080027b8   0x080027b8   0x0000000c   Code   RO          460    i.UART5_IRQHandler  stm32f4xx_it.o
    0x080027c4   0x080027c4   0x00000010   Code   RO         3024    i.UART_DMAAbortOnError  stm32f4xx_hal_uart.o
    0x080027d4   0x080027d4   0x0000004e   Code   RO         3034    i.UART_EndRxTransfer  stm32f4xx_hal_uart.o
    0x08002822   0x08002822   0x000000c0   Code   RO         3036    i.UART_Receive_IT   stm32f4xx_hal_uart.o
    0x080028e2   0x080028e2   0x00000002   PAD
    0x080028e4   0x080028e4   0x0000010c   Code   RO         3037    i.UART_SetConfig    stm32f4xx_hal_uart.o
    0x080029f0   0x080029f0   0x0000000c   Code   RO          461    i.USART1_IRQHandler  stm32f4xx_it.o
    0x080029fc   0x080029fc   0x0000021c   Code   RO         5407    i.Upper_INIT        upper.o
    0x08002c18   0x08002c18   0x00000002   Code   RO          462    i.UsageFault_Handler  stm32f4xx_it.o
    0x08002c1a   0x08002c1a   0x00000030   Code   RO         5716    i.__ARM_fpclassify  m_wm.l(fpclassify.o)
    0x08002c4a   0x08002c4a   0x00000020   Code   RO         1634    i.__NVIC_SetPriority  stm32f4xx_hal_cortex.o
    0x08002c6a   0x08002c6a   0x00000006   PAD
    0x08002c70   0x08002c70   0x000000c8   Code   RO         5594    i.__hardfp_cos      m_wm.l(cos.o)
    0x08002d38   0x08002d38   0x00000438   Code   RO         5661    i.__ieee754_rem_pio2  m_wm.l(rred.o)
    0x08003170   0x08003170   0x00000170   Code   RO         5644    i.__kernel_cos      m_wm.l(cos_i.o)
    0x080032e0   0x080032e0   0x000000f8   Code   RO         5718    i.__kernel_poly     m_wm.l(poly.o)
    0x080033d8   0x080033d8   0x00000130   Code   RO         5666    i.__kernel_sin      m_wm.l(sin_i.o)
    0x08003508   0x08003508   0x00000014   Code   RO         5648    i.__mathlib_dbl_infnan  m_wm.l(dunder.o)
    0x0800351c   0x0800351c   0x00000004   PAD
    0x08003520   0x08003520   0x00000020   Code   RO         5650    i.__mathlib_dbl_invalid  m_wm.l(dunder.o)
    0x08003540   0x08003540   0x00000020   Code   RO         5653    i.__mathlib_dbl_underflow  m_wm.l(dunder.o)
    0x08003560   0x08003560   0x00000074   Code   RO         5461    i.can_filter_init   usr_can.o
    0x080035d4   0x080035d4   0x000000e0   Code   RO         5496    i.chassis_kinematic  chassis.o
    0x080036b4   0x080036b4   0x000000f0   Code   RO         5497    i.chassis_motor_init  chassis.o
    0x080037a4   0x080037a4   0x00000018   Code   RO         5712    i.fabs              m_wm.l(fabs.o)
    0x080037bc   0x080037bc   0x00000084   Code   RO         5498    i.free_ctrl         chassis.o
    0x08003840   0x08003840   0x0000007c   Code   RO         5499    i.get_chassis_motor_measure  chassis.o
    0x080038bc   0x080038bc   0x000000c8   Code   RO         5213    i.get_motor_measure  rm_motor.o
    0x08003984   0x08003984   0x00000038   Code   RO           16    i.main              main.o
    0x080039bc   0x080039bc   0x0000001a   Code   RO         4489    i.osDelay           cmsis_os2.o
    0x080039d6   0x080039d6   0x00000002   PAD
    0x080039d8   0x080039d8   0x00000024   Code   RO         4503    i.osKernelInitialize  cmsis_os2.o
    0x080039fc   0x080039fc   0x00000038   Code   RO         4506    i.osKernelStart     cmsis_os2.o
    0x08003a34   0x08003a34   0x00000068   Code   RO         4529    i.osMutexNew        cmsis_os2.o
    0x08003a9c   0x08003a9c   0x00000088   Code   RO         4548    i.osThreadNew       cmsis_os2.o
    0x08003b24   0x08003b24   0x000001bc   Code   RO         5167    i.pid_calc          pid.o
    0x08003ce0   0x08003ce0   0x00000024   Code   RO         5168    i.pid_param_init    pid.o
    0x08003d04   0x08003d04   0x0000005c   Code   RO         3948    i.prvAddCurrentTaskToDelayedList  tasks.o
    0x08003d60   0x08003d60   0x000000d0   Code   RO         3949    i.prvAddNewTaskToReadyList  tasks.o
    0x08003e30   0x08003e30   0x00000058   Code   RO         4313    i.prvCheckForValidListAndQueue  timers.o
    0x08003e88   0x08003e88   0x00000026   Code   RO         3545    i.prvCopyDataFromQueue  queue.o
    0x08003eae   0x08003eae   0x0000006c   Code   RO         3546    i.prvCopyDataToQueue  queue.o
    0x08003f1a   0x08003f1a   0x00000034   Code   RO         3950    i.prvDeleteTCB      tasks.o
    0x08003f4e   0x08003f4e   0x00000002   PAD
    0x08003f50   0x08003f50   0x0000004c   Code   RO         5000    i.prvHeapInit       heap_4.o
    0x08003f9c   0x08003f9c   0x0000005c   Code   RO         3951    i.prvIdleTask       tasks.o
    0x08003ff8   0x08003ff8   0x00000016   Code   RO         3547    i.prvInitialiseMutex  queue.o
    0x0800400e   0x0800400e   0x00000020   Code   RO         3548    i.prvInitialiseNewQueue  queue.o
    0x0800402e   0x0800402e   0x000000aa   Code   RO         3952    i.prvInitialiseNewTask  tasks.o
    0x080040d8   0x080040d8   0x0000004c   Code   RO         5001    i.prvInsertBlockIntoFreeList  heap_4.o
    0x08004124   0x08004124   0x00000038   Code   RO         4315    i.prvInsertTimerInActiveList  timers.o
    0x0800415c   0x0800415c   0x0000001a   Code   RO         3549    i.prvIsQueueEmpty   queue.o
    0x08004176   0x08004176   0x00000002   PAD
    0x08004178   0x08004178   0x000000fc   Code   RO         4316    i.prvProcessReceivedCommands  timers.o
    0x08004274   0x08004274   0x000000c0   Code   RO         4317    i.prvProcessTimerOrBlockTask  timers.o
    0x08004334   0x08004334   0x00000020   Code   RO         3954    i.prvResetNextTaskUnblockTime  tasks.o
    0x08004354   0x08004354   0x00000028   Code   RO         4318    i.prvSampleTimeNow  timers.o
    0x0800437c   0x0800437c   0x0000006c   Code   RO         4319    i.prvSwitchTimerLists  timers.o
    0x080043e8   0x080043e8   0x00000028   Code   RO         5056    i.prvTaskExitError  port.o
    0x08004410   0x08004410   0x00000028   Code   RO         4320    i.prvTimerTask      timers.o
    0x08004438   0x08004438   0x0000006a   Code   RO         3550    i.prvUnlockQueue    queue.o
    0x080044a2   0x080044a2   0x00000002   PAD
    0x080044a4   0x080044a4   0x000000dc   Code   RO         5002    i.pvPortMalloc      heap_4.o
    0x08004580   0x08004580   0x0000002c   Code   RO         5057    i.pxPortInitialiseStack  port.o
    0x080045ac   0x080045ac   0x00000026   Code   RO         3505    i.uxListRemove      list.o
    0x080045d2   0x080045d2   0x00000002   PAD
    0x080045d4   0x080045d4   0x00000014   Code   RO         4560    i.vApplicationGetIdleTaskMemory  cmsis_os2.o
    0x080045e8   0x080045e8   0x00000018   Code   RO         4561    i.vApplicationGetTimerTaskMemory  cmsis_os2.o
    0x08004600   0x08004600   0x00000016   Code   RO         3506    i.vListInitialise   list.o
    0x08004616   0x08004616   0x00000006   Code   RO         3507    i.vListInitialiseItem  list.o
    0x0800461c   0x0800461c   0x00000030   Code   RO         3508    i.vListInsert       list.o
    0x0800464c   0x0800464c   0x00000018   Code   RO         3509    i.vListInsertEnd    list.o
    0x08004664   0x08004664   0x00000040   Code   RO         5059    i.vPortEnterCritical  port.o
    0x080046a4   0x080046a4   0x00000028   Code   RO         5060    i.vPortExitCritical  port.o
    0x080046cc   0x080046cc   0x00000064   Code   RO         5003    i.vPortFree         heap_4.o
    0x08004730   0x08004730   0x00000024   Code   RO         5061    i.vPortSetupTimerInterrupt  port.o
    0x08004754   0x08004754   0x00000054   Code   RO         5062    i.vPortValidateInterruptPriority  port.o
    0x080047a8   0x080047a8   0x00000024   Code   RO         3556    i.vQueueAddToRegistry  queue.o
    0x080047cc   0x080047cc   0x00000044   Code   RO         3560    i.vQueueWaitForMessageRestricted  queue.o
    0x08004810   0x08004810   0x0000004c   Code   RO         3967    i.vTaskDelay        tasks.o
    0x0800485c   0x0800485c   0x00000010   Code   RO         3972    i.vTaskInternalSetTimeOutState  tasks.o
    0x0800486c   0x0800486c   0x0000000c   Code   RO         3973    i.vTaskMissedYield  tasks.o
    0x08004878   0x08004878   0x00000030   Code   RO         3975    i.vTaskPlaceOnEventList  tasks.o
    0x080048a8   0x080048a8   0x00000038   Code   RO         3976    i.vTaskPlaceOnEventListRestricted  tasks.o
    0x080048e0   0x080048e0   0x00000084   Code   RO         3984    i.vTaskStartScheduler  tasks.o
    0x08004964   0x08004964   0x00000010   Code   RO         3986    i.vTaskSuspendAll   tasks.o
    0x08004974   0x08004974   0x00000064   Code   RO         3987    i.vTaskSwitchContext  tasks.o
    0x080049d8   0x080049d8   0x000000f4   Code   RO         5063    i.xPortStartScheduler  port.o
    0x08004acc   0x08004acc   0x0000002c   Code   RO         5064    i.xPortSysTickHandler  port.o
    0x08004af8   0x08004af8   0x00000016   Code   RO         3563    i.xQueueCreateMutex  queue.o
    0x08004b0e   0x08004b0e   0x0000001a   Code   RO         3564    i.xQueueCreateMutexStatic  queue.o
    0x08004b28   0x08004b28   0x00000042   Code   RO         3565    i.xQueueGenericCreate  queue.o
    0x08004b6a   0x08004b6a   0x00000066   Code   RO         3566    i.xQueueGenericCreateStatic  queue.o
    0x08004bd0   0x08004bd0   0x00000088   Code   RO         3567    i.xQueueGenericReset  queue.o
    0x08004c58   0x08004c58   0x00000164   Code   RO         3568    i.xQueueGenericSend  queue.o
    0x08004dbc   0x08004dbc   0x000000be   Code   RO         3569    i.xQueueGenericSendFromISR  queue.o
    0x08004e7a   0x08004e7a   0x00000002   PAD
    0x08004e7c   0x08004e7c   0x00000138   Code   RO         3578    i.xQueueReceive     queue.o
    0x08004fb4   0x08004fb4   0x00000074   Code   RO         3989    i.xTaskCheckForTimeOut  tasks.o
    0x08005028   0x08005028   0x0000005a   Code   RO         3990    i.xTaskCreate       tasks.o
    0x08005082   0x08005082   0x0000005a   Code   RO         3991    i.xTaskCreateStatic  tasks.o
    0x080050dc   0x080050dc   0x0000001c   Code   RO         3995    i.xTaskGetSchedulerState  tasks.o
    0x080050f8   0x080050f8   0x0000000c   Code   RO         3996    i.xTaskGetTickCount  tasks.o
    0x08005104   0x08005104   0x000000c8   Code   RO         3998    i.xTaskIncrementTick  tasks.o
    0x080051cc   0x080051cc   0x0000007c   Code   RO         4001    i.xTaskPriorityDisinherit  tasks.o
    0x08005248   0x08005248   0x00000070   Code   RO         4003    i.xTaskRemoveFromEventList  tasks.o
    0x080052b8   0x080052b8   0x000000c0   Code   RO         4004    i.xTaskResumeAll    tasks.o
    0x08005378   0x08005378   0x00000060   Code   RO         4329    i.xTimerCreateTimerTask  timers.o
    0x080053d8   0x080053d8   0x00000064   Code   RO         4330    i.xTimerGenericCommand  timers.o
    0x0800543c   0x0800543c   0x00000018   Code   RO         5629    x$fpl$basic         fz_wm.l(basic.o)
    0x08005454   0x08005454   0x00000062   Code   RO         5582    x$fpl$d2f           fz_wm.l(d2f.o)
    0x080054b6   0x080054b6   0x00000002   PAD
    0x080054b8   0x080054b8   0x00000150   Code   RO         5584    x$fpl$dadd          fz_wm.l(daddsub_clz.o)
    0x08005608   0x08005608   0x000002b0   Code   RO         5697    x$fpl$ddiv          fz_wm.l(ddiv.o)
    0x080058b8   0x080058b8   0x0000005e   Code   RO         5700    x$fpl$dfix          fz_wm.l(dfix.o)
    0x08005916   0x08005916   0x0000002e   Code   RO         5705    x$fpl$dflt          fz_wm.l(dflt_clz.o)
    0x08005944   0x08005944   0x00000026   Code   RO         5704    x$fpl$dfltu         fz_wm.l(dflt_clz.o)
    0x0800596a   0x0800596a   0x00000002   PAD
    0x0800596c   0x0800596c   0x00000154   Code   RO         5590    x$fpl$dmul          fz_wm.l(dmul.o)
    0x08005ac0   0x08005ac0   0x0000009c   Code   RO         5633    x$fpl$dnaninf       fz_wm.l(dnaninf.o)
    0x08005b5c   0x08005b5c   0x0000000c   Code   RO         5635    x$fpl$dretinf       fz_wm.l(dretinf.o)
    0x08005b68   0x08005b68   0x00000016   Code   RO         5585    x$fpl$drsb          fz_wm.l(daddsub_clz.o)
    0x08005b7e   0x08005b7e   0x00000002   PAD
    0x08005b80   0x08005b80   0x000001d4   Code   RO         5586    x$fpl$dsub          fz_wm.l(daddsub_clz.o)
    0x08005d54   0x08005d54   0x0000000a   Code   RO         5805    x$fpl$fpinit        fz_wm.l(fpinit.o)
    0x08005d5e   0x08005d5e   0x0000000a   Code   RO         5641    x$fpl$fretinf       fz_wm.l(fretinf.o)
    0x08005d68   0x08005d68   0x00000000   Code   RO         5643    x$fpl$usenofp       fz_wm.l(usenofp.o)
    0x08005d68   0x08005d68   0x00000058   Data   RO          234    .constdata          freertos.o
    0x08005dc0   0x08005dc0   0x00000010   Data   RO         3341    .constdata          system_stm32f4xx.o
    0x08005dd0   0x08005dd0   0x00000008   Data   RO         3342    .constdata          system_stm32f4xx.o
    0x08005dd8   0x08005dd8   0x00000030   Data   RO         5645    .constdata          m_wm.l(cos_i.o)
    0x08005e08   0x08005e08   0x000000c8   Data   RO         5663    .constdata          m_wm.l(rred.o)
    0x08005ed0   0x08005ed0   0x00000028   Data   RO         5667    .constdata          m_wm.l(sin_i.o)
    0x08005ef8   0x08005ef8   0x00000022   Data   RO          235    .conststring        freertos.o
    0x08005f1a   0x08005f1a   0x00000002   PAD
    0x08005f1c   0x08005f1c   0x00000020   Data   RO         5863    Region$$Table       anon$$obj.o


    Execution Region RW_IRAM1 (Exec base: 0x20000000, Load base: 0x08005f3c, Size: 0x00005e88, Max: 0x0001c000, ABSOLUTE)

    Exec Addr    Load Addr    Size         Type   Attr      Idx    E Section Name        Object

    0x20000000   0x08005f3c   0x0000000c   Data   RW          236    .data               freertos.o
    0x2000000c   0x08005f48   0x00000004   Data   RW          310    .data               can.o
    0x20000010   0x08005f4c   0x0000000c   Data   RW         1778    .data               stm32f4xx_hal.o
    0x2000001c   0x08005f58   0x00000004   Data   RW         3343    .data               system_stm32f4xx.o
    0x20000020   0x08005f5c   0x0000003c   Data   RW         4007    .data               tasks.o
    0x2000005c   0x08005f98   0x00000014   Data   RW         4338    .data               timers.o
    0x20000070   0x08005fac   0x00000004   Data   RW         4563    .data               cmsis_os2.o
    0x20000074   0x08005fb0   0x00000020   Data   RW         5009    .data               heap_4.o
    0x20000094   0x08005fd0   0x0000000c   Data   RW         5065    .data               port.o
    0x200000a0   0x08005fdc   0x00000008   Data   RW         5137    .data               air_joy.o
    0x200000a8   0x08005fe4   0x00000002   Data   RW         5138    .data               air_joy.o
    0x200000aa   0x08005fe6   0x00000002   PAD
    0x200000ac   0x08005fe8   0x00000018   Data   RW         5139    .data               air_joy.o
    0x200000c4   0x08006000   0x00000004   Data   RW         5140    .data               air_joy.o
    0x200000c8   0x08006004   0x00000004   Data   RW         5216    .data               rm_motor.o
    0x200000cc        -       0x00000050   Zero   RW          309    .bss                can.o
    0x2000011c        -       0x00000048   Zero   RW          357    .bss                tim.o
    0x20000164        -       0x00000088   Zero   RW          400    .bss                usart.o
    0x200001ec        -       0x00000048   Zero   RW          607    .bss                stm32f4xx_hal_timebase_tim.o
    0x20000234        -       0x00000040   Zero   RW         3582    .bss                queue.o
    0x20000274        -       0x000004c4   Zero   RW         4006    .bss                tasks.o
    0x20000738        -       0x00000118   Zero   RW         4337    .bss                timers.o
    0x20000850        -       0x000006b8   Zero   RW         4562    .bss                cmsis_os2.o
    0x20000f08        -       0x00003c00   Zero   RW         5008    .bss                heap_4.o
    0x20004b08        -       0x00000028   Zero   RW         5136    .bss                air_joy.o
    0x20004b30        -       0x000008f8   Zero   RW         5214    .bss                rm_motor.o
    0x20005428        -       0x0000004c   Zero   RW         5215    .bss                rm_motor.o
    0x20005474        -       0x000003b0   Zero   RW         5500    .bss                chassis.o
    0x20005824        -       0x00000060   Zero   RW         5721    .bss                c_w.l(libspace.o)
    0x20005884   0x08006008   0x00000004   PAD
    0x20005888        -       0x00000200   Zero   RW            2    HEAP                startup_stm32f407xx.o
    0x20005a88        -       0x00000400   Zero   RW            1    STACK               startup_stm32f407xx.o


    Execution Region RW_IRAM2 (Exec base: 0x2001c000, Load base: 0x08006008, Size: 0x00000000, Max: 0x00004000, ABSOLUTE)

    **** No section assigned to this execution region ****


==============================================================================

Image component sizes


      Code (inc. data)   RO Data    RW Data    ZI Data      Debug   Object Name

       136         10          0         38         40       1641   air_joy.o
       492         44          0          4         80       2518   can.o
       912         92          0          0        944       4264   chassis.o
       428         22          0          4       1720      65940   cmsis_os2.o
         0          0          0          0          0      19420   event_groups.o
       100         18        122         12          0       2559   freertos.o
       160          8          0          0          0       1011   gpio.o
       472         24          0         32      15360       4907   heap_4.o
       138          0          0          0          0       3510   list.o
       328         36          0          0          0     714208   main.o
       522         12          0          0          0       3163   pid.o
       786         80          0         12          0      11429   port.o
      1646         18          0          0         64      20288   queue.o
       436         34          0          4       2372     577290   rm_motor.o
        64         26        392          0       1536        836   startup_stm32f407xx.o
        80         14          0         12          0       8042   stm32f4xx_hal.o
      1656          6          0          0          0      14459   stm32f4xx_hal_can.o
       158         14          0          0          0      33090   stm32f4xx_hal_cortex.o
       182          0          0          0          0       2079   stm32f4xx_hal_dma.o
       488         52          0          0          0       2243   stm32f4xx_hal_gpio.o
        56          4          0          0          0        854   stm32f4xx_hal_msp.o
      1388         82          0          0          0       5997   stm32f4xx_hal_rcc.o
      1110         72          0          0          0      10341   stm32f4xx_hal_tim.o
       148         28          0          0          0       2517   stm32f4xx_hal_tim_ex.o
       152         20          0          0         72       1463   stm32f4xx_hal_timebase_tim.o
      1276         16          0          0          0       8368   stm32f4xx_hal_uart.o
       162         72          0          0          0       8779   stm32f4xx_it.o
         0          0          0          0          0        392   stream_buffer.o
        16          4         24          4          0       1111   system_stm32f4xx.o
      2066        160          0         60       1220      26804   tasks.o
       160         12          0          0         72       1670   tim.o
       972         82          0         20        280      32055   timers.o
       540         54          0          0          0       2461   upper.o
       360         40          0          0        136       2441   usart.o
       236         26          0          0          0       1730   usr_can.o

    ----------------------------------------------------------------------
     17862       1182        572        204      23896    1599880   Object Totals
         0          0         32          0          0          0   (incl. Generated)
        36          0          2          2          0          0   (incl. Padding)

    ----------------------------------------------------------------------

      Code (inc. data)   RO Data    RW Data    ZI Data      Debug   Library Member Name

         8          0          0          0          0         68   __main.o
         0          0          0          0          0          0   __rtentry.o
        12          0          0          0          0          0   __rtentry2.o
         6          0          0          0          0          0   __rtentry4.o
        52          8          0          0          0          0   __scatter.o
        26          0          0          0          0          0   __scatter_copy.o
        28          0          0          0          0          0   __scatter_zi.o
        22          0          0          0          0        100   _rserrno.o
        16          0          0          0          0         68   aeabi_memset.o
        18          0          0          0          0         80   exit.o
         6          0          0          0          0        152   heapauxi.o
         0          0          0          0          0          0   indicate_semi.o
         2          0          0          0          0          0   libinit.o
         6          0          0          0          0          0   libinit2.o
         2          0          0          0          0          0   libshutdown.o
         2          0          0          0          0          0   libshutdown2.o
         8          4          0          0         96         68   libspace.o
       238          0          0          0          0        100   lludivv7m.o
         8          4          0          0          0         68   rt_errno_addr_intlibspace.o
        68          0          0          0          0         68   rt_memclr.o
        78          0          0          0          0         80   rt_memclr_w.o
       138          0          0          0          0         68   rt_memcpy_v6.o
       100          0          0          0          0         80   rt_memcpy_w.o
         2          0          0          0          0          0   rtexit.o
        10          0          0          0          0          0   rtexit2.o
        12          4          0          0          0         68   sys_exit.o
        74          0          0          0          0         80   sys_stackheap_outer.o
         2          0          0          0          0         68   use_no_semi.o
        24          0          0          0          0        164   basic.o
        98          4          0          0          0        140   d2f.o
       826         16          0          0          0        492   daddsub_clz.o
       688        140          0          0          0        256   ddiv.o
        94          4          0          0          0        140   dfix.o
        84          0          0          0          0        232   dflt_clz.o
       340         12          0          0          0        152   dmul.o
       156          4          0          0          0        140   dnaninf.o
        12          0          0          0          0        116   dretinf.o
        10          0          0          0          0        116   fpinit.o
        10          0          0          0          0        116   fretinf.o
         0          0          0          0          0          0   usenofp.o
       200         20          0          0          0        164   cos.o
       368         46         48          0          0        200   cos_i.o
        84         16          0          0          0        372   dunder.o
        24          0          0          0          0        124   fabs.o
        48          0          0          0          0        124   fpclassify.o
       248          0          0          0          0        152   poly.o
      1080        142        200          0          0        188   rred.o
       304         24         40          0          0        208   sin_i.o

    ----------------------------------------------------------------------
      5658        448        288          0        100       4812   Library Totals
        16          0          0          0          4          0   (incl. Padding)

    ----------------------------------------------------------------------

      Code (inc. data)   RO Data    RW Data    ZI Data      Debug   Library Name

       944         20          0          0         96       1216   c_w.l
      2342        180          0          0          0       2064   fz_wm.l
      2356        248        288          0          0       1532   m_wm.l

    ----------------------------------------------------------------------
      5658        448        288          0        100       4812   Library Totals

    ----------------------------------------------------------------------

==============================================================================


      Code (inc. data)   RO Data    RW Data    ZI Data      Debug   

     23520       1630        860        204      23996    1584220   Grand Totals
     23520       1630        860        204      23996    1584220   ELF Image Totals
     23520       1630        860        204          0          0   ROM Totals

==============================================================================

    Total RO  Size (Code + RO Data)                24380 (  23.81kB)
    Total RW  Size (RW Data + ZI Data)             24200 (  23.63kB)
    Total ROM Size (Code + RO Data + RW Data)      24584 (  24.01kB)

==============================================================================

